Archive member included to satisfy reference by file (symbol)

c:/devkitPro/libnds/lib\libnds9.a(initSystem.o)
                              c:/devkitpro/devkitarm/bin/../lib/gcc/arm-none-eabi/4.9.2/../../../../arm-none-eabi/lib/ds_arm9_crt0.o (initSystem)
c:/devkitPro/libnds/lib\libnds9.a(fifosystem.o)
                              c:/devkitPro/libnds/lib\libnds9.a(initSystem.o) (fifoSetValue32Handler)
c:/devkitPro/libnds/lib\libnds9.a(libnds_exit.arm.o)
                              c:/devkitpro/devkitarm/bin/../lib/gcc/arm-none-eabi/4.9.2/../../../../arm-none-eabi/lib/ds_arm9_crt0.o (__libnds_exit)
c:/devkitPro/libnds/lib\libnds9.a(interrupts.o)
                              c:/devkitPro/libnds/lib\libnds9.a(fifosystem.o) (irqSet)
c:/devkitPro/libnds/lib\libnds9.a(mpu_setup.o)
                              c:/devkitpro/devkitarm/bin/../lib/gcc/arm-none-eabi/4.9.2/../../../../arm-none-eabi/lib/ds_arm9_crt0.o (__libnds_mpu_setup)
c:/devkitPro/libnds/lib\libnds9.a(swiSoftReset.o)
                              c:/devkitPro/libnds/lib\libnds9.a(fifosystem.o) (swiSoftReset)
c:/devkitPro/libnds/lib\libnds9.a(biosCalls.o)
                              c:/devkitPro/libnds/lib\libnds9.a(fifosystem.o) (swiIntrWait)
c:/devkitPro/libnds/lib\libnds9.a(interruptDispatcher.o)
                              c:/devkitPro/libnds/lib\libnds9.a(interrupts.o) (IntrMain)
c:/devkitPro/libnds/lib\libnds9.a(system.o)
                              c:/devkitPro/libnds/lib\libnds9.a(initSystem.o) (systemMsgHandler)
c:/devkitPro/libnds/lib\libnds9.a(video.o)
                              c:/devkitPro/libnds/lib\libnds9.a(initSystem.o) (vramDefault)
c:/devkitPro/libnds/lib\libnds9.a(timeSupport.o)
                              c:/devkitPro/libnds/lib\libnds9.a(initSystem.o) (__libnds_gtod)
c:/devkitpro/devkitarm/bin/../lib/gcc/arm-none-eabi/4.9.2/../../../../arm-none-eabi/lib\libg.a(lib_a-init.o)
                              c:/devkitpro/devkitarm/bin/../lib/gcc/arm-none-eabi/4.9.2/../../../../arm-none-eabi/lib/ds_arm9_crt0.o (__libc_init_array)
c:/devkitpro/devkitarm/bin/../lib/gcc/arm-none-eabi/4.9.2/../../../../arm-none-eabi/lib\libg.a(lib_a-memcpy.o)
                              c:/devkitPro/libnds/lib\libnds9.a(fifosystem.o) (memcpy)
c:/devkitpro/devkitarm/bin/../lib/gcc/arm-none-eabi/4.9.2/../../../../arm-none-eabi/lib\libg.a(lib_a-memset.o)
                              main.o (memset)
c:/devkitpro/devkitarm/bin/../lib/gcc/arm-none-eabi/4.9.2/../../../../arm-none-eabi/lib\libg.a(lib_a-printf.o)
                              main.o (printf)
c:/devkitpro/devkitarm/bin/../lib/gcc/arm-none-eabi/4.9.2/../../../../arm-none-eabi/lib\libg.a(lib_a-vfprintf.o)
                              c:/devkitpro/devkitarm/bin/../lib/gcc/arm-none-eabi/4.9.2/../../../../arm-none-eabi/lib\libg.a(lib_a-printf.o) (_vfprintf_r)
c:/devkitpro/devkitarm/bin/../lib/gcc/arm-none-eabi/4.9.2/../../../../arm-none-eabi/lib\libg.a(lib_a-wcrtomb.o)
                              c:/devkitpro/devkitarm/bin/../lib/gcc/arm-none-eabi/4.9.2/../../../../arm-none-eabi/lib\libg.a(lib_a-vfprintf.o) (_wcrtomb_r)
c:/devkitpro/devkitarm/bin/../lib/gcc/arm-none-eabi/4.9.2/../../../../arm-none-eabi/lib\libg.a(lib_a-wcsrtombs.o)
                              c:/devkitpro/devkitarm/bin/../lib/gcc/arm-none-eabi/4.9.2/../../../../arm-none-eabi/lib\libg.a(lib_a-vfprintf.o) (_wcsrtombs_r)
c:/devkitpro/devkitarm/bin/../lib/gcc/arm-none-eabi/4.9.2/../../../../arm-none-eabi/lib\libg.a(lib_a-wctomb_r.o)
                              c:/devkitpro/devkitarm/bin/../lib/gcc/arm-none-eabi/4.9.2/../../../../arm-none-eabi/lib\libg.a(lib_a-wcrtomb.o) (__wctomb)
c:/devkitpro/devkitarm/bin/../lib/gcc/arm-none-eabi/4.9.2/../../../../arm-none-eabi/lib\libg.a(lib_a-wsetup.o)
                              c:/devkitpro/devkitarm/bin/../lib/gcc/arm-none-eabi/4.9.2/../../../../arm-none-eabi/lib\libg.a(lib_a-vfprintf.o) (__swsetup_r)
c:/devkitpro/devkitarm/bin/../lib/gcc/arm-none-eabi/4.9.2/../../../../arm-none-eabi/lib\libg.a(lib_a-dtoa.o)
                              c:/devkitpro/devkitarm/bin/../lib/gcc/arm-none-eabi/4.9.2/../../../../arm-none-eabi/lib\libg.a(lib_a-vfprintf.o) (_dtoa_r)
c:/devkitpro/devkitarm/bin/../lib/gcc/arm-none-eabi/4.9.2/../../../../arm-none-eabi/lib\libg.a(lib_a-fflush.o)
                              c:/devkitpro/devkitarm/bin/../lib/gcc/arm-none-eabi/4.9.2/../../../../arm-none-eabi/lib\libg.a(lib_a-vfprintf.o) (_fflush_r)
c:/devkitpro/devkitarm/bin/../lib/gcc/arm-none-eabi/4.9.2/../../../../arm-none-eabi/lib\libg.a(lib_a-findfp.o)
                              c:/devkitpro/devkitarm/bin/../lib/gcc/arm-none-eabi/4.9.2/../../../../arm-none-eabi/lib\libg.a(lib_a-vfprintf.o) (__sinit)
c:/devkitpro/devkitarm/bin/../lib/gcc/arm-none-eabi/4.9.2/../../../../arm-none-eabi/lib\libg.a(lib_a-freer.o)
                              c:/devkitpro/devkitarm/bin/../lib/gcc/arm-none-eabi/4.9.2/../../../../arm-none-eabi/lib\libg.a(lib_a-vfprintf.o) (_free_r)
[...]
Memory Configuration

Name             Origin             Length             Attributes
rom              0x08000000         0x02000000
ewram            0x02000000         0x003ff000
dtcm             0x0b000000         0x00004000
vectors          0x01000000         0x00000100
itcm             0x01000100         0x00007f00
*default*        0x00000000         0xffffffff

Linker script and memory map

                0x01000000                __vectors_start = ORIGIN (vectors)
                0x01000100                __itcm_start = ORIGIN (itcm)
                0x023ff000                __ewram_end = (ORIGIN (ewram) + 0x3ff000)
                0x023ff000                __eheap_end = (ORIGIN (ewram) + 0x3ff000)
                0x0b000000                __dtcm_start = ORIGIN (dtcm)
                0x0b004000                __dtcm_top = (ORIGIN (dtcm) + 0x4000)
                0x0b003ff8                __irq_flags = (__dtcm_top - 0x8)
                0x0b003ffc                __irq_vector = (__dtcm_top - 0x4)
                0x0b003f00                __sp_svc = (__dtcm_top - 0x100)
                0x0b003e00                __sp_irq = (__sp_svc - 0x100)
                0x0b003d00                __sp_usr = (__sp_irq - 0x100)

.init           0x02000000      0x248
                0x02000000                __text_start = .
 *(.init)
 .init          0x02000000      0x230 c:/devkitpro/devkitarm/bin/../lib/gcc/arm-none-eabi/4.9.2/../../../../arm-none-eabi/lib/ds_arm9_crt0.o
                0x02000000                _start
 .init          0x02000230        0xc c:/devkitpro/devkitarm/bin/../lib/gcc/arm-none-eabi/4.9.2/crti.o
                0x02000230                _init
 .init          0x0200023c        0xc c:/devkitpro/devkitarm/bin/../lib/gcc/arm-none-eabi/4.9.2/crtn.o
                0x02000248                . = ALIGN (0x4)

.plt
 *(.plt)

.text           0x02000250    0x16db8
 *(EXCLUDE_FILE(*.itcm*) .text)
 .text          0x02000250        0x0 c:/devkitpro/devkitarm/bin/../lib/gcc/arm-none-eabi/4.9.2/../../../../arm-none-eabi/lib/ds_arm9_crt0.o
 .text          0x02000250        0x0 c:/devkitpro/devkitarm/bin/../lib/gcc/arm-none-eabi/4.9.2/crti.o
 .text          0x02000250      0x108 c:/devkitpro/devkitarm/bin/../lib/gcc/arm-none-eabi/4.9.2/crtbegin.o
 .text          0x02000358        0x0 gfx_ball.o
 .text          0x02000358        0x0 gfx_brick.o
 .text          0x02000358        0x0 gfx_gradient.o
 .text          0x02000358      0x244 main.o
                0x02000358                setupGraphics
 .text          0x0200059c      0x14c c:/devkitPro/libnds/lib\libnds9.a(initSystem.o)
                0x0200059c                initSystem
 .text          0x020006e8      0xcb8 c:/devkitPro/libnds/lib\libnds9.a(fifosystem.o)
                0x020009ac                fifoSetValue32Handler
                0x02000a20                fifoSendAddress
                0x02000a4c                fifoSendValue32
                0x02000a88                fifoSendDatamsg
                0x02000afc                fifoGetAddress
                0x02000b68                fifoSetAddressHandler
                0x02000bdc                fifoGetValue32
                0x02000bf0                fifoGetDatamsg
                0x020010a4                fifoSetDatamsgHandler
                0x02001138                fifoCheckAddress
                0x0200115c                fifoCheckDatamsg
                0x02001180                fifoCheckDatamsgLength
                0x020011b0                fifoCheckValue32
                0x020011d4                fifoInit
 .text          0x020013a0       0x5c c:/devkitPro/libnds/lib\libnds9.a(libnds_exit.arm.o)
                0x020013a0                systemErrorExit
                0x020013a4                __libnds_exit
 .text          0x020013fc      0x1ec c:/devkitPro/libnds/lib\libnds9.a(interrupts.o)
                0x020013fc                irqDummy
                0x02001400                irqSet
                0x0200146c                irqInit
                0x020014b8                irqInitHandler
                0x020014e8                irqEnable
                0x0200154c                irqDisable
                0x020015b0                irqClear
 .text          0x020015e8      0x1b4 c:/devkitPro/libnds/lib\libnds9.a(mpu_setup.o)
                0x020015e8                __libnds_mpu_setup
                0x02001728                memCached
                0x02001740                memUncached
 *fill*         0x0200179c        0x4 ff
 .text          0x020017a0       0x30 c:/devkitPro/libnds/lib\libnds9.a(swiSoftReset.o)
                0x020017a0                swiSoftReset
 .text          0x020017d0       0x70 c:/devkitPro/libnds/lib\libnds9.a(biosCalls.o)
                0x020017d0                swiDelay
                0x020017d4                swiIntrWait
                0x020017d8                swiWaitForVBlank
                0x020017dc                swiSleep
                0x020017e0                swiChangeSoundBias
                0x020017e4                swiDivide
                0x020017e8                swiRemainder
                0x020017ee                swiDivMod
                0x020017fa                swiCopy
                0x020017fe                swiFastCopy
                0x02001802                swiSqrt
                0x02001806                swiCRC16
                0x0200180a                swiIsDebugger
                0x0200180e                swiUnpackBits
                0x02001812                swiDecompressLZSSWram
                0x02001816                swiDecompressLZSSVramNTR
                0x0200181a                swiDecompressLZSSVramTWL
                0x0200181e                swiDecompressHuffman
                0x02001822                swiDecompressRLEWram
                0x02001826                swiDecompressRLEVram
                0x0200182a                swiWaitForIRQ
                0x0200182e                swiDecodeDelta8
                0x02001832                swiDecodeDelta16
                0x02001836                swiSetHaltCR
 .text          0x02001840        0x0 c:/devkitPro/libnds/lib\libnds9.a(interruptDispatcher.o)
 .text          0x02001840      0x134 c:/devkitPro/libnds/lib\libnds9.a(system.o)
                0x02001840                setSDcallback
                0x0200184c                systemMsgHandler
                0x0200189c                systemSleep
                0x020018b4                systemValueHandler
                0x020018f0                powerOn
                0x0200191c                powerOff
                0x02001944                ledBlink
                0x02001954                getBatteryLevel
 .text          0x02001974      0x1f8 c:/devkitPro/libnds/lib\libnds9.a(video.o)
                0x02001974                vramSetPrimaryBanks
                0x020019b8                vramSetMainBanks
                0x020019fc                vramSetBanks_EFG
                0x02001a34                vramRestorePrimaryBanks
                0x02001a40                vramRestoreMainBanks
                0x02001a4c                vramRestoreBanks_EFG
                0x02001a58                setBrightness
                0x02001a98                vramDefault
 .text          0x02001b6c       0x24 c:/devkitPro/libnds/lib\libnds9.a(timeSupport.o)
                0x02001b6c                __libnds_gtod
 .text          0x02001b90        0x0 c:/devkitpro/devkitarm/bin/../lib/gcc/arm-none-eabi/4.9.2/../../../../arm-none-eabi/lib\libg.a(lib_a-init.o)
 .text          0x02001b90        0x0 c:/devkitpro/devkitarm/bin/../lib/gcc/arm-none-eabi/4.9.2/../../../../arm-none-eabi/lib\libg.a(lib_a-memcpy.o)
 .text          0x02001b90        0x0 c:/devkitpro/devkitarm/bin/../lib/gcc/arm-none-eabi/4.9.2/../../../../arm-none-eabi/lib\libg.a(lib_a-memset.o)
 .text          0x02001b90        0x0 c:/devkitpro/devkitarm/bin/../lib/gcc/arm-none-eabi/4.9.2/../../../../arm-none-eabi/lib\libg.a(lib_a-printf.o)
 .text          0x02001b90        0x0 c:/devkitpro/devkitarm/bin/../lib/gcc/arm-none-eabi/4.9.2/../../../../arm-none-eabi/lib\libg.a(lib_a-vfprintf.o)
 .text          0x02001b90        0x0 c:/devkitpro/devkitarm/bin/../lib/gcc/arm-none-eabi/4.9.2/../../../../arm-none-eabi/lib\libg.a(lib_a-wcrtomb.o)
 .text          0x02001b90        0x0 c:/devkitpro/devkitarm/bin/../lib/gcc/arm-none-eabi/4.9.2/../../../../arm-none-eabi/lib\libg.a(lib_a-wcsrtombs.o)
 .text          0x02001b90        0x0 c:/devkitpro/devkitarm/bin/../lib/gcc/arm-none-eabi/4.9.2/../../../../arm-none-eabi/lib\libg.a(lib_a-wctomb_r.o)
 .text          0x02001b90        0x0 c:/devkitpro/devkitarm/bin/../lib/gcc/arm-none-eabi/4.9.2/../../../../arm-none-eabi/lib\libg.a(lib_a-wsetup.o)
 .text          0x02001b90        0x0 c:/devkitpro/devkitarm/bin/../lib/gcc/arm-none-eabi/4.9.2/../../../../arm-none-eabi/lib\libg.a(lib_a-dtoa.o)
 .text          0x02001b90        0x0 c:/devkitpro/devkitarm/bin/../lib/gcc/arm-none-eabi/4.9.2/../../../../arm-none-eabi/lib\libg.a(lib_a-fflush.o)
 .text          0x02001b90        0x0 c:/devkitpro/devkitarm/bin/../lib/gcc/arm-none-eabi/4.9.2/../../../../arm-none-eabi/lib\libg.a(lib_a-findfp.o)
 .text          0x02001b90        0x0 c:/devkitpro/devkitarm/bin/../lib/gcc/arm-none-eabi/4.9.2/../../../../arm-none-eabi/lib\libg.a(lib_a-freer.o)
 .text          0x02001b90        0x0 c:/devkitpro/devkitarm/bin/../lib/gcc/arm-none-eabi/4.9.2/../../../../arm-none-eabi/lib\libg.a(lib_a-fwalk.o)
 .text          0x02001b90        0x0 c:/devkitpro/devkitarm/bin/../lib/gcc/arm-none-eabi/4.9.2/../../../../arm-none-eabi/lib\libg.a(lib_a-impure.o)
 .text          0x02001b90        0x0 c:/devkitpro/devkitarm/bin/../lib/gcc/arm-none-eabi/4.9.2/../../../../arm-none-eabi/lib\libg.a(lib_a-locale.o)
 .text          0x02001b90        0x0 c:/devkitpro/devkitarm/bin/../lib/gcc/arm-none-eabi/4.9.2/../../../../arm-none-eabi/lib\libg.a(lib_a-makebuf.o)
 .text          0x02001b90        0x0 c:/devkitpro/devkitarm/bin/../lib/gcc/arm-none-eabi/4.9.2/../../../../arm-none-eabi/lib\libg.a(lib_a-mallocr.o)
 .text          0x02001b90        0x0 c:/devkitpro/devkitarm/bin/../lib/gcc/arm-none-eabi/4.9.2/../../../../arm-none-eabi/lib\libg.a(lib_a-mbtowc_r.o)
 .text          0x02001b90        0x0 c:/devkitpro/devkitarm/bin/../lib/gcc/arm-none-eabi/4.9.2/../../../../arm-none-eabi/lib\libg.a(lib_a-memchr.o)
 .text          0x02001b90        0x0 c:/devkitpro/devkitarm/bin/../lib/gcc/arm-none-eabi/4.9.2/../../../../arm-none-eabi/lib\libg.a(lib_a-mlock.o)
 .text          0x02001b90        0x0 c:/devkitpro/devkitarm/bin/../lib/gcc/arm-none-eabi/4.9.2/../../../../arm-none-eabi/lib\libg.a(lib_a-mprec.o)
 .text          0x02001b90        0x0 c:/devkitpro/devkitarm/bin/../lib/gcc/arm-none-eabi/4.9.2/../../../../arm-none-eabi/lib\libg.a(lib_a-s_fpclassify.o)
 .text          0x02001b90        0x0 c:/devkitpro/devkitarm/bin/../lib/gcc/arm-none-eabi/4.9.2/../../../../arm-none-eabi/lib\libg.a(lib_a-s_frexp.o)
 .text          0x02001b90        0x0 c:/devkitpro/devkitarm/bin/../lib/gcc/arm-none-eabi/4.9.2/../../../../arm-none-eabi/lib\libg.a(lib_a-stdio.o)
 .text          0x02001b90        0x0 c:/devkitpro/devkitarm/bin/../lib/gcc/arm-none-eabi/4.9.2/../../../../arm-none-eabi/lib\libg.a(lib_a-strcasecmp.o)
 .text          0x02001b90        0x0 c:/devkitpro/devkitarm/bin/../lib/gcc/arm-none-eabi/4.9.2/../../../../arm-none-eabi/lib\libg.a(lib_a-strcat.o)
 .text          0x02001b90        0x0 c:/devkitpro/devkitarm/bin/../lib/gcc/arm-none-eabi/4.9.2/../../../../arm-none-eabi/lib\libg.a(lib_a-strchr.o)
 .text          0x02001b90      0x224 c:/devkitpro/devkitarm/bin/../lib/gcc/arm-none-eabi/4.9.2/../../../../arm-none-eabi/lib\libg.a(lib_a-strcmp.o)
                0x02001b90                strcmp
 .text          0x02001db4        0x0 c:/devkitpro/devkitarm/bin/../lib/gcc/arm-none-eabi/4.9.2/../../../../arm-none-eabi/lib\libg.a(lib_a-strcpy.o)
 .text          0x02001db4        0x0 c:/devkitpro/devkitarm/bin/../lib/gcc/arm-none-eabi/4.9.2/../../../../arm-none-eabi/lib\libg.a(lib_a-strlcpy.o)
 .text          0x02001db4        0x0 c:/devkitpro/devkitarm/bin/../lib/gcc/arm-none-eabi/4.9.2/../../../../arm-none-eabi/lib\libg.a(lib_a-strlen.o)
 .text          0x02001db4        0x0 c:/devkitpro/devkitarm/bin/../lib/gcc/arm-none-eabi/4.9.2/../../../../arm-none-eabi/lib\libg.a(lib_a-strncasecmp.o)
 .text          0x02001db4        0x0 c:/devkitpro/devkitarm/bin/../lib/gcc/arm-none-eabi/4.9.2/../../../../arm-none-eabi/lib\libg.a(lib_a-strncmp.o)
 .text          0x02001db4        0x0 c:/devkitpro/devkitarm/bin/../lib/gcc/arm-none-eabi/4.9.2/../../../../arm-none-eabi/lib\libg.a(lib_a-strncpy.o)
 .text          0x02001db4        0x0 c:/devkitpro/devkitarm/bin/../lib/gcc/arm-none-eabi/4.9.2/../../../../arm-none-eabi/lib\libg.a(lib_a-strtol.o)
 .text          0x02001db4        0x0 c:/devkitpro/devkitarm/bin/../lib/gcc/arm-none-eabi/4.9.2/../../../../arm-none-eabi/lib\libg.a(lib_a-svfiprintf.o)
 .text          0x02001db4        0x0 c:/devkitpro/devkitarm/bin/../lib/gcc/arm-none-eabi/4.9.2/../../../../arm-none-eabi/lib\libg.a(lib_a-vfiprintf.o)
 .text          0x02001db4        0x0 c:/devkitpro/devkitarm/bin/../lib/gcc/arm-none-eabi/4.9.2/../../../../arm-none-eabi/lib\libg.a(lib_a-wcsnrtombs.o)
 .text          0x02001db4        0x0 c:/devkitpro/devkitarm/bin/../lib/gcc/arm-none-eabi/4.9.2/../../../../arm-none-eabi/lib\libg.a(lib_a-callocr.o)
 .text          0x02001db4        0x0 c:/devkitpro/devkitarm/bin/../lib/gcc/arm-none-eabi/4.9.2/../../../../arm-none-eabi/lib\libg.a(lib_a-ctype_.o)
 .text          0x02001db4        0x0 c:/devkitpro/devkitarm/bin/../lib/gcc/arm-none-eabi/4.9.2/../../../../arm-none-eabi/lib\libg.a(lib_a-fclose.o)
 .text          0x02001db4        0x0 c:/devkitpro/devkitarm/bin/../lib/gcc/arm-none-eabi/4.9.2/../../../../arm-none-eabi/lib\libg.a(lib_a-fputwc.o)
 .text          0x02001db4        0x0 c:/devkitpro/devkitarm/bin/../lib/gcc/arm-none-eabi/4.9.2/../../../../arm-none-eabi/lib\libg.a(lib_a-fvwrite.o)
 .text          0x02001db4        0x0 c:/devkitpro/devkitarm/bin/../lib/gcc/arm-none-eabi/4.9.2/../../../../arm-none-eabi/lib\libg.a(lib_a-getenv_r.o)
 .text          0x02001db4        0x0 c:/devkitpro/devkitarm/bin/../lib/gcc/arm-none-eabi/4.9.2/../../../../arm-none-eabi/lib\libg.a(lib_a-memmove.o)
 .text          0x02001db4        0x0 c:/devkitpro/devkitarm/bin/../lib/gcc/arm-none-eabi/4.9.2/../../../../arm-none-eabi/lib\libg.a(lib_a-reallocr.o)
 .text          0x02001db4        0x0 c:/devkitpro/devkitarm/bin/../lib/gcc/arm-none-eabi/4.9.2/../../../../arm-none-eabi/lib\libg.a(lib_a-wbuf.o)
 .text          0x02001db4        0x0 c:/devkitpro/devkitarm/bin/../lib/gcc/arm-none-eabi/4.9.2/../../../../arm-none-eabi/lib\libg.a(lib_a-environ.o)
 .text          0x02001db4        0x0 c:/devkitpro/devkitarm/bin/../lib/gcc/arm-none-eabi/4.9.2/../../../../arm-none-eabi/lib\libg.a(lib_a-envlock.o)
 .text          0x02001db4       0x88 c:/devkitpro/devkitarm/bin/../lib/gcc/arm-none-eabi/4.9.2/../../../../arm-none-eabi/lib\libsysbase.a(close.o)
                0x02001db4                _close_r
 .text          0x02001e3c       0x70 c:/devkitpro/devkitarm/bin/../lib/gcc/arm-none-eabi/4.9.2/../../../../arm-none-eabi/lib\libsysbase.a(fstat.o)
                0x02001e3c                _fstat_r
 .text          0x02001eac        0x8 c:/devkitpro/devkitarm/bin/../lib/gcc/arm-none-eabi/4.9.2/../../../../arm-none-eabi/lib\libsysbase.a(isatty.o)
                0x02001eac                _isatty_r
 .text          0x02001eb4       0x78 c:/devkitpro/devkitarm/bin/../lib/gcc/arm-none-eabi/4.9.2/../../../../arm-none-eabi/lib\libsysbase.a(lseek.o)
                0x02001eb4                _lseek_r
 .text          0x02001f2c       0x78 c:/devkitpro/devkitarm/bin/../lib/gcc/arm-none-eabi/4.9.2/../../../../arm-none-eabi/lib\libsysbase.a(read.o)
                0x02001f2c                _read_r
 .text          0x02001fa4       0x70 c:/devkitpro/devkitarm/bin/../lib/gcc/arm-none-eabi/4.9.2/../../../../arm-none-eabi/lib\libsysbase.a(sbrk.o)
                0x02001fa4                _sbrk_r
 .text          0x02002014       0x78 c:/devkitpro/devkitarm/bin/../lib/gcc/arm-none-eabi/4.9.2/../../../../arm-none-eabi/lib\libsysbase.a(write.o)
                0x02002014                _write_r
 .text          0x0200208c        0x0 c:/devkitpro/devkitarm/bin/../lib/gcc/arm-none-eabi/4.9.2/../../../../arm-none-eabi/lib\libsysbase.a(malloc_vars.o)
 .text          0x0200208c       0x80 c:/devkitpro/devkitarm/bin/../lib/gcc/arm-none-eabi/4.9.2/../../../../arm-none-eabi/lib\libsysbase.a(build_argv.o)
                0x0200208c                build_argv
 .text          0x0200210c        0x8 c:/devkitpro/devkitarm/bin/../lib/gcc/arm-none-eabi/4.9.2/../../../../arm-none-eabi/lib\libsysbase.a(flock.o)
                0x0200210c                __flockfile
                0x02002110                __funlockfile
 .text          0x02002114      0x100 c:/devkitpro/devkitarm/bin/../lib/gcc/arm-none-eabi/4.9.2/../../../../arm-none-eabi/lib\libsysbase.a(syscall_support.o)
                0x02002114                __libc_lock_init
                0x0200212c                __libc_lock_acquire
                0x02002144                __libc_lock_try_acquire
                0x02002164                __libc_lock_release
                0x0200217c                __libc_lock_close
                0x02002194                __libc_lock_init_recursive
                0x020021ac                __libc_lock_acquire_recursive
                0x020021c4                __libc_lock_try_acquire_recursive
                0x020021e4                __libc_lock_release_recursive
                0x020021fc                __libc_lock_close_recursive
 .text          0x02002214      0x27c c:/devkitpro/devkitarm/bin/../lib/gcc/arm-none-eabi/4.9.2/../../../../arm-none-eabi/lib\libsysbase.a(handle_manager.o)
                0x02002214                __free_handle
                0x02002260                __release_handle
                0x02002290                __alloc_handle
                0x02002300                __get_handle
                0x0200231c                dup
                0x020023b0                dup2
 .text          0x02002490       0x24 c:/devkitpro/devkitarm/bin/../lib/gcc/arm-none-eabi/4.9.2/../../../../arm-none-eabi/lib\libsysbase.a(getreent.o)
                0x02002490                __getreent
 .text          0x020024b4      0x1c4 c:/devkitpro/devkitarm/bin/../lib/gcc/arm-none-eabi/4.9.2/../../../../arm-none-eabi/lib\libsysbase.a(iosupport.o)
                0x020024b4                setDefaultDevice
                0x020024cc                FindDevice
                0x02002584                RemoveDevice
                0x020025b4                AddDevice
                0x02002650                GetDeviceOpTab
 .text          0x02002678      0x114 c:/devkitpro/devkitarm/bin/../lib/gcc/arm-none-eabi/4.9.2\libgcc.a(_udivsi3.o)
                0x02002678                __aeabi_uidiv
                0x02002678                __udivsi3
                0x0200276c                __aeabi_uidivmod
 .text          0x0200278c      0x148 c:/devkitpro/devkitarm/bin/../lib/gcc/arm-none-eabi/4.9.2\libgcc.a(_divsi3.o)
                0x0200278c                __divsi3
                0x0200278c                __aeabi_idiv
                0x020028b4                __aeabi_idivmod
 .text          0x020028d4        0x4 c:/devkitpro/devkitarm/bin/../lib/gcc/arm-none-eabi/4.9.2\libgcc.a(_dvmd_tls.o)
                0x020028d4                __aeabi_idiv0
                0x020028d4                __aeabi_ldiv0
 .text          0x020028d8      0x41c c:/devkitpro/devkitarm/bin/../lib/gcc/arm-none-eabi/4.9.2\libgcc.a(_arm_addsubdf3.o)
                0x020028d8                __aeabi_drsub
                0x020028e0                __aeabi_dsub
                0x020028e0                __subdf3
                0x020028e4                __aeabi_dadd
                0x020028e4                __adddf3
                0x02002bf4                __floatunsidf
                0x02002bf4                __aeabi_ui2d
                0x02002c18                __floatsidf
                0x02002c18                __aeabi_i2d
                0x02002c40                __aeabi_f2d
                0x02002c40                __extendsfdf2
                0x02002c80                __floatundidf
                0x02002c80                __aeabi_ul2d
                0x02002c94                __floatdidf
                0x02002c94                __aeabi_l2d
 .text          0x02002cf4      0x49c c:/devkitpro/devkitarm/bin/../lib/gcc/arm-none-eabi/4.9.2\libgcc.a(_arm_muldivdf3.o)
                0x02002cf4                __aeabi_dmul
                0x02002cf4                __muldf3
                0x02002f84                __divdf3
                0x02002f84                __aeabi_ddiv
 .text          0x02003190      0x144 c:/devkitpro/devkitarm/bin/../lib/gcc/arm-none-eabi/4.9.2\libgcc.a(_arm_cmpdf2.o)
                0x02003190                __gtdf2
                0x02003190                __gedf2
                0x02003198                __ltdf2
                0x02003198                __ledf2
                0x020031a0                __nedf2
                0x020031a0                __eqdf2
                0x020031a0                __cmpdf2
                0x02003228                __aeabi_cdrcmple
                0x02003244                __aeabi_cdcmpeq
                0x02003244                __aeabi_cdcmple
                0x0200325c                __aeabi_dcmpeq
                0x02003274                __aeabi_dcmplt
                0x0200328c                __aeabi_dcmple
                0x020032a4                __aeabi_dcmpge
                0x020032bc                __aeabi_dcmpgt
 .text          0x020032d4       0x5c c:/devkitpro/devkitarm/bin/../lib/gcc/arm-none-eabi/4.9.2\libgcc.a(_arm_fixdfsi.o)
                0x020032d4                __aeabi_d2iz
                0x020032d4                __fixdfsi
 .text          0x02003330       0x3c c:/devkitpro/devkitarm/bin/../lib/gcc/arm-none-eabi/4.9.2\libgcc.a(_aeabi_uldivmod.o)
                0x02003330                __aeabi_uldivmod
 .text          0x0200336c       0x84 c:/devkitpro/devkitarm/bin/../lib/gcc/arm-none-eabi/4.9.2\libgcc.a(bpabi.o)
                0x0200336c                __gnu_ldivmod_helper
                0x020033b0                __gnu_uldivmod_helper
 .text          0x020033f0      0x178 c:/devkitpro/devkitarm/bin/../lib/gcc/arm-none-eabi/4.9.2\libgcc.a(_divdi3.o)
                0x020033f0                __divdi3
 .text          0x02003568      0x120 c:/devkitpro/devkitarm/bin/../lib/gcc/arm-none-eabi/4.9.2\libgcc.a(_udivdi3.o)
                0x02003568                __udivdi3
 .text          0x02003688       0x28 c:/devkitpro/devkitarm/bin/../lib/gcc/arm-none-eabi/4.9.2\libgcc.a(_clzdi2.o)
                0x02003688                __clzdi2
 .text          0x020036b0       0x48 c:/devkitpro/devkitarm/bin/../lib/gcc/arm-none-eabi/4.9.2\libgcc.a(_clzsi2.o)
                0x020036b0                __clzsi2
 .text          0x020036f8        0x0 c:/devkitpro/devkitarm/bin/../lib/gcc/arm-none-eabi/4.9.2/../../../../arm-none-eabi/lib\libg.a(lib_a-errno.o)
 .text          0x020036f8        0x0 c:/devkitpro/devkitarm/bin/../lib/gcc/arm-none-eabi/4.9.2/../../../../arm-none-eabi/lib\libg.a(lib_a-malloc.o)
 .text          0x020036f8        0x0 c:/devkitpro/devkitarm/bin/../lib/gcc/arm-none-eabi/4.9.2/crtend.o
 .text          0x020036f8        0x0 c:/devkitpro/devkitarm/bin/../lib/gcc/arm-none-eabi/4.9.2/crtn.o
 *(.text.*)
 .text.startup  0x020036f8       0x40 main.o
                0x020036f8                main
 .text.__libc_init_array
                0x02003738       0x80 c:/devkitpro/devkitarm/bin/../lib/gcc/arm-none-eabi/4.9.2/../../../../arm-none-eabi/lib\libg.a(lib_a-init.o)
                0x02003738                __libc_init_array
 .text.memcpy   0x020037b8       0xf0 c:/devkitpro/devkitarm/bin/../lib/gcc/arm-none-eabi/4.9.2/../../../../arm-none-eabi/lib\libg.a(lib_a-memcpy.o)
                0x020037b8                memcpy
 .text.memset   0x020038a8       0xf4 c:/devkitpro/devkitarm/bin/../lib/gcc/arm-none-eabi/4.9.2/../../../../arm-none-eabi/lib\libg.a(lib_a-memset.o)
                0x020038a8                memset
 .text._printf_r
                0x0200399c       0x34 c:/devkitpro/devkitarm/bin/../lib/gcc/arm-none-eabi/4.9.2/../../../../arm-none-eabi/lib\libg.a(lib_a-printf.o)
                0x0200399c                _printf_r
 .text.printf   0x020039d0       0x38 c:/devkitpro/devkitarm/bin/../lib/gcc/arm-none-eabi/4.9.2/../../../../arm-none-eabi/lib\libg.a(lib_a-printf.o)
                0x020039d0                printf
 .text.get_arg  0x02003a08      0x860 c:/devkitpro/devkitarm/bin/../lib/gcc/arm-none-eabi/4.9.2/../../../../arm-none-eabi/lib\libg.a(lib_a-vfprintf.o)
 .text._vfprintf_r
                0x02004268     0x44b8 c:/devkitpro/devkitarm/bin/../lib/gcc/arm-none-eabi/4.9.2/../../../../arm-none-eabi/lib\libg.a(lib_a-vfprintf.o)
                0x02004268                _vfprintf_r
 .text.vfprintf
                0x02008720       0x28 c:/devkitpro/devkitarm/bin/../lib/gcc/arm-none-eabi/4.9.2/../../../../arm-none-eabi/lib\libg.a(lib_a-vfprintf.o)
                0x02008720                vfprintf
 .text.__sbprintf
                0x02008748       0xac c:/devkitpro/devkitarm/bin/../lib/gcc/arm-none-eabi/4.9.2/../../../../arm-none-eabi/lib\libg.a(lib_a-vfprintf.o)
 .text._wcrtomb_r
                0x020087f4       0x98 c:/devkitpro/devkitarm/bin/../lib/gcc/arm-none-eabi/4.9.2/../../../../arm-none-eabi/lib\libg.a(lib_a-wcrtomb.o)
                0x020087f4                _wcrtomb_r
 .text.wcrtomb  0x0200888c       0xa0 c:/devkitpro/devkitarm/bin/../lib/gcc/arm-none-eabi/4.9.2/../../../../arm-none-eabi/lib\libg.a(lib_a-wcrtomb.o)
                0x0200888c                wcrtomb
 .text._wcsrtombs_r
                0x0200892c       0x24 c:/devkitpro/devkitarm/bin/../lib/gcc/arm-none-eabi/4.9.2/../../../../arm-none-eabi/lib\libg.a(lib_a-wcsrtombs.o)
                0x0200892c                _wcsrtombs_r
 .text.wcsrtombs
                0x02008950       0x40 c:/devkitpro/devkitarm/bin/../lib/gcc/arm-none-eabi/4.9.2/../../../../arm-none-eabi/lib\libg.a(lib_a-wcsrtombs.o)
                0x02008950                wcsrtombs
 .text.__utf8_wctomb
                0x02008990      0x114 c:/devkitpro/devkitarm/bin/../lib/gcc/arm-none-eabi/4.9.2/../../../../arm-none-eabi/lib\libg.a(lib_a-wctomb_r.o)
                0x02008990                __utf8_wctomb
 .text._wctomb_r
                0x02008aa4       0x50 c:/devkitpro/devkitarm/bin/../lib/gcc/arm-none-eabi/4.9.2/../../../../arm-none-eabi/lib\libg.a(lib_a-wctomb_r.o)
                0x02008aa4                _wctomb_r
 .text.__ascii_wctomb
                0x02008af4       0x28 c:/devkitpro/devkitarm/bin/../lib/gcc/arm-none-eabi/4.9.2/../../../../arm-none-eabi/lib\libg.a(lib_a-wctomb_r.o)
                0x02008af4                __ascii_wctomb
 .text.__sjis_wctomb
                0x02008b1c       0x8c c:/devkitpro/devkitarm/bin/../lib/gcc/arm-none-eabi/4.9.2/../../../../arm-none-eabi/lib\libg.a(lib_a-wctomb_r.o)
                0x02008b1c                __sjis_wctomb
 .text.__eucjp_wctomb
                0x02008ba8       0xd4 c:/devkitpro/devkitarm/bin/../lib/gcc/arm-none-eabi/4.9.2/../../../../arm-none-eabi/lib\libg.a(lib_a-wctomb_r.o)
                0x02008ba8                __eucjp_wctomb
 .text.__jis_wctomb
                0x02008c7c       0xe0 c:/devkitpro/devkitarm/bin/../lib/gcc/arm-none-eabi/4.9.2/../../../../arm-none-eabi/lib\libg.a(lib_a-wctomb_r.o)
                0x02008c7c                __jis_wctomb
 .text.__swsetup_r
                0x02008d5c      0x154 c:/devkitpro/devkitarm/bin/../lib/gcc/arm-none-eabi/4.9.2/../../../../arm-none-eabi/lib\libg.a(lib_a-wsetup.o)
                0x02008d5c                __swsetup_r
 .text.quorem   0x02008eb0      0x1d8 c:/devkitpro/devkitarm/bin/../lib/gcc/arm-none-eabi/4.9.2/../../../../arm-none-eabi/lib\libg.a(lib_a-dtoa.o)
 .text._dtoa_r  0x02009088     0x16a0 c:/devkitpro/devkitarm/bin/../lib/gcc/arm-none-eabi/4.9.2/../../../../arm-none-eabi/lib\libg.a(lib_a-dtoa.o)
                0x02009088                _dtoa_r
 .text.__sflush_r
                0x0200a728      0x240 c:/devkitpro/devkitarm/bin/../lib/gcc/arm-none-eabi/4.9.2/../../../../arm-none-eabi/lib\libg.a(lib_a-fflush.o)
                0x0200a728                __sflush_r
 .text._fflush_r
                0x0200a968       0x98 c:/devkitpro/devkitarm/bin/../lib/gcc/arm-none-eabi/4.9.2/../../../../arm-none-eabi/lib\libg.a(lib_a-fflush.o)
                0x0200a968                _fflush_r
 .text.fflush   0x0200aa00       0x3c c:/devkitpro/devkitarm/bin/../lib/gcc/arm-none-eabi/4.9.2/../../../../arm-none-eabi/lib\libg.a(lib_a-fflush.o)
                0x0200aa00                fflush
 .text._cleanup_r
                0x0200aa3c       0x18 c:/devkitpro/devkitarm/bin/../lib/gcc/arm-none-eabi/4.9.2/../../../../arm-none-eabi/lib\libg.a(lib_a-findfp.o)
                0x0200aa3c                _cleanup_r
 .text.__fp_lock
                0x0200aa54       0x1c c:/devkitpro/devkitarm/bin/../lib/gcc/arm-none-eabi/4.9.2/../../../../arm-none-eabi/lib\libg.a(lib_a-findfp.o)
 .text.__fp_unlock
                0x0200aa70       0x1c c:/devkitpro/devkitarm/bin/../lib/gcc/arm-none-eabi/4.9.2/../../../../arm-none-eabi/lib\libg.a(lib_a-findfp.o)
 .text.__sinit.part.1
                0x0200aa8c      0x160 c:/devkitpro/devkitarm/bin/../lib/gcc/arm-none-eabi/4.9.2/../../../../arm-none-eabi/lib\libg.a(lib_a-findfp.o)
 .text.__sfmoreglue
                0x0200abec       0x50 c:/devkitpro/devkitarm/bin/../lib/gcc/arm-none-eabi/4.9.2/../../../../arm-none-eabi/lib\libg.a(lib_a-findfp.o)
                0x0200abec                __sfmoreglue
 .text.__sfp    0x0200ac3c       0xec c:/devkitpro/devkitarm/bin/../lib/gcc/arm-none-eabi/4.9.2/../../../../arm-none-eabi/lib\libg.a(lib_a-findfp.o)
                0x0200ac3c                __sfp
 .text._cleanup
                0x0200ad28       0x24 c:/devkitpro/devkitarm/bin/../lib/gcc/arm-none-eabi/4.9.2/../../../../arm-none-eabi/lib\libg.a(lib_a-findfp.o)
                0x0200ad28                _cleanup
 .text.__sinit  0x0200ad4c       0x10 c:/devkitpro/devkitarm/bin/../lib/gcc/arm-none-eabi/4.9.2/../../../../arm-none-eabi/lib\libg.a(lib_a-findfp.o)
                0x0200ad4c                __sinit
 .text.__sfp_lock_acquire
                0x0200ad5c        0x4 c:/devkitpro/devkitarm/bin/../lib/gcc/arm-none-eabi/4.9.2/../../../../arm-none-eabi/lib\libg.a(lib_a-findfp.o)
                0x0200ad5c                __sfp_lock_acquire
 .text.__sfp_lock_release
                0x0200ad60        0x4 c:/devkitpro/devkitarm/bin/../lib/gcc/arm-none-eabi/4.9.2/../../../../arm-none-eabi/lib\libg.a(lib_a-findfp.o)
                0x0200ad60                __sfp_lock_release
 .text.__sinit_lock_acquire
                0x0200ad64        0x4 c:/devkitpro/devkitarm/bin/../lib/gcc/arm-none-eabi/4.9.2/../../../../arm-none-eabi/lib\libg.a(lib_a-findfp.o)
                0x0200ad64                __sinit_lock_acquire
 .text.__sinit_lock_release
                0x0200ad68        0x4 c:/devkitpro/devkitarm/bin/../lib/gcc/arm-none-eabi/4.9.2/../../../../arm-none-eabi/lib\libg.a(lib_a-findfp.o)
                0x0200ad68                __sinit_lock_release
 .text.__fp_lock_all
                0x0200ad6c       0x1c c:/devkitpro/devkitarm/bin/../lib/gcc/arm-none-eabi/4.9.2/../../../../arm-none-eabi/lib\libg.a(lib_a-findfp.o)
                0x0200ad6c                __fp_lock_all
 .text.__fp_unlock_all
                0x0200ad88       0x1c c:/devkitpro/devkitarm/bin/../lib/gcc/arm-none-eabi/4.9.2/../../../../arm-none-eabi/lib\libg.a(lib_a-findfp.o)
                0x0200ad88                __fp_unlock_all
 .text._malloc_trim_r
                0x0200ada4      0x100 c:/devkitpro/devkitarm/bin/../lib/gcc/arm-none-eabi/4.9.2/../../../../arm-none-eabi/lib\libg.a(lib_a-freer.o)
                0x0200ada4                _malloc_trim_r
 .text._free_r  0x0200aea4      0x2bc c:/devkitpro/devkitarm/bin/../lib/gcc/arm-none-eabi/4.9.2/../../../../arm-none-eabi/lib\libg.a(lib_a-freer.o)
                0x0200aea4                _free_r
 .text._fwalk   0x0200b160       0x84 c:/devkitpro/devkitarm/bin/../lib/gcc/arm-none-eabi/4.9.2/../../../../arm-none-eabi/lib\libg.a(lib_a-fwalk.o)
                0x0200b160                _fwalk
 .text._fwalk_reent
                0x0200b1e4       0x8c c:/devkitpro/devkitarm/bin/../lib/gcc/arm-none-eabi/4.9.2/../../../../arm-none-eabi/lib\libg.a(lib_a-fwalk.o)
                0x0200b1e4                _fwalk_reent
 .text.__get_locale_env
                0x0200b270       0x94 c:/devkitpro/devkitarm/bin/../lib/gcc/arm-none-eabi/4.9.2/../../../../arm-none-eabi/lib\libg.a(lib_a-locale.o)
 .text.loadlocale
                0x0200b304      0x8ac c:/devkitpro/devkitarm/bin/../lib/gcc/arm-none-eabi/4.9.2/../../../../arm-none-eabi/lib\libg.a(lib_a-locale.o)
 .text.currentlocale
                0x0200bbb0       0x90 c:/devkitpro/devkitarm/bin/../lib/gcc/arm-none-eabi/4.9.2/../../../../arm-none-eabi/lib\libg.a(lib_a-locale.o)
 .text._setlocale_r
                0x0200bc40      0x308 c:/devkitpro/devkitarm/bin/../lib/gcc/arm-none-eabi/4.9.2/../../../../arm-none-eabi/lib\libg.a(lib_a-locale.o)
                0x0200bc40                _setlocale_r
 .text.__locale_charset
                0x0200bf48        0xc c:/devkitpro/devkitarm/bin/../lib/gcc/arm-none-eabi/4.9.2/../../../../arm-none-eabi/lib\libg.a(lib_a-locale.o)
                0x0200bf48                __locale_charset
 .text.__locale_mb_cur_max
                0x0200bf54       0x10 c:/devkitpro/devkitarm/bin/../lib/gcc/arm-none-eabi/4.9.2/../../../../arm-none-eabi/lib\libg.a(lib_a-locale.o)
                0x0200bf54                __locale_mb_cur_max
 .text.__locale_msgcharset
                0x0200bf64        0xc c:/devkitpro/devkitarm/bin/../lib/gcc/arm-none-eabi/4.9.2/../../../../arm-none-eabi/lib\libg.a(lib_a-locale.o)
                0x0200bf64                __locale_msgcharset
 .text.__locale_cjk_lang
                0x0200bf70       0x10 c:/devkitpro/devkitarm/bin/../lib/gcc/arm-none-eabi/4.9.2/../../../../arm-none-eabi/lib\libg.a(lib_a-locale.o)
                0x0200bf70                __locale_cjk_lang
 .text._localeconv_r
                0x0200bf80        0xc c:/devkitpro/devkitarm/bin/../lib/gcc/arm-none-eabi/4.9.2/../../../../arm-none-eabi/lib\libg.a(lib_a-locale.o)
                0x0200bf80                _localeconv_r
 .text.setlocale
                0x0200bf8c       0x20 c:/devkitpro/devkitarm/bin/../lib/gcc/arm-none-eabi/4.9.2/../../../../arm-none-eabi/lib\libg.a(lib_a-locale.o)
                0x0200bf8c                setlocale
 .text.localeconv
                0x0200bfac       0x18 c:/devkitpro/devkitarm/bin/../lib/gcc/arm-none-eabi/4.9.2/../../../../arm-none-eabi/lib\libg.a(lib_a-locale.o)
                0x0200bfac                localeconv
 .text.__smakebuf_r
                0x0200bfc4      0x168 c:/devkitpro/devkitarm/bin/../lib/gcc/arm-none-eabi/4.9.2/../../../../arm-none-eabi/lib\libg.a(lib_a-makebuf.o)
                0x0200bfc4                __smakebuf_r
 .text._malloc_r
                0x0200c12c      0x740 c:/devkitpro/devkitarm/bin/../lib/gcc/arm-none-eabi/4.9.2/../../../../arm-none-eabi/lib\libg.a(lib_a-mallocr.o)
                0x0200c12c                _malloc_r
 .text.__utf8_mbtowc
                0x0200c86c      0x304 c:/devkitpro/devkitarm/bin/../lib/gcc/arm-none-eabi/4.9.2/../../../../arm-none-eabi/lib\libg.a(lib_a-mbtowc_r.o)
                0x0200c86c                __utf8_mbtowc
 .text._mbtowc_r
                0x0200cb70       0x54 c:/devkitpro/devkitarm/bin/../lib/gcc/arm-none-eabi/4.9.2/../../../../arm-none-eabi/lib\libg.a(lib_a-mbtowc_r.o)
                0x0200cb70                _mbtowc_r
 .text.__ascii_mbtowc
                0x0200cbc4       0x4c c:/devkitpro/devkitarm/bin/../lib/gcc/arm-none-eabi/4.9.2/../../../../arm-none-eabi/lib\libg.a(lib_a-mbtowc_r.o)
                0x0200cbc4                __ascii_mbtowc
 .text.__sjis_mbtowc
                0x0200cc10       0xdc c:/devkitpro/devkitarm/bin/../lib/gcc/arm-none-eabi/4.9.2/../../../../arm-none-eabi/lib\libg.a(lib_a-mbtowc_r.o)
                0x0200cc10                __sjis_mbtowc
 .text.__eucjp_mbtowc
                0x0200ccec      0x150 c:/devkitpro/devkitarm/bin/../lib/gcc/arm-none-eabi/4.9.2/../../../../arm-none-eabi/lib\libg.a(lib_a-mbtowc_r.o)
                0x0200ccec                __eucjp_mbtowc
 .text.__jis_mbtowc
                0x0200ce3c      0x1bc c:/devkitpro/devkitarm/bin/../lib/gcc/arm-none-eabi/4.9.2/../../../../arm-none-eabi/lib\libg.a(lib_a-mbtowc_r.o)
                0x0200ce3c                __jis_mbtowc
 .text.memchr   0x0200cff8      0x118 c:/devkitpro/devkitarm/bin/../lib/gcc/arm-none-eabi/4.9.2/../../../../arm-none-eabi/lib\libg.a(lib_a-memchr.o)
                0x0200cff8                memchr
 .text.__malloc_lock
                0x0200d110        0x4 c:/devkitpro/devkitarm/bin/../lib/gcc/arm-none-eabi/4.9.2/../../../../arm-none-eabi/lib\libg.a(lib_a-mlock.o)
                0x0200d110                __malloc_lock
 .text.__malloc_unlock
                0x0200d114        0x4 c:/devkitpro/devkitarm/bin/../lib/gcc/arm-none-eabi/4.9.2/../../../../arm-none-eabi/lib\libg.a(lib_a-mlock.o)
                0x0200d114                __malloc_unlock
 .text._Balloc  0x0200d118       0x90 c:/devkitpro/devkitarm/bin/../lib/gcc/arm-none-eabi/4.9.2/../../../../arm-none-eabi/lib\libg.a(lib_a-mprec.o)
                0x0200d118                _Balloc
 .text._Bfree   0x0200d1a8       0x1c c:/devkitpro/devkitarm/bin/../lib/gcc/arm-none-eabi/4.9.2/../../../../arm-none-eabi/lib\libg.a(lib_a-mprec.o)
                0x0200d1a8                _Bfree
 .text.__multadd
                0x0200d1c4       0xdc c:/devkitpro/devkitarm/bin/../lib/gcc/arm-none-eabi/4.9.2/../../../../arm-none-eabi/lib\libg.a(lib_a-mprec.o)
                0x0200d1c4                __multadd
 .text.__s2b    0x0200d2a0       0xe8 c:/devkitpro/devkitarm/bin/../lib/gcc/arm-none-eabi/4.9.2/../../../../arm-none-eabi/lib\libg.a(lib_a-mprec.o)
                0x0200d2a0                __s2b
 .text.__hi0bits
                0x0200d388       0x5c c:/devkitpro/devkitarm/bin/../lib/gcc/arm-none-eabi/4.9.2/../../../../arm-none-eabi/lib\libg.a(lib_a-mprec.o)
                0x0200d388                __hi0bits
 .text.__lo0bits
                0x0200d3e4       0x94 c:/devkitpro/devkitarm/bin/../lib/gcc/arm-none-eabi/4.9.2/../../../../arm-none-eabi/lib\libg.a(lib_a-mprec.o)
                0x0200d3e4                __lo0bits
 .text.__i2b    0x0200d478       0x24 c:/devkitpro/devkitarm/bin/../lib/gcc/arm-none-eabi/4.9.2/../../../../arm-none-eabi/lib\libg.a(lib_a-mprec.o)
                0x0200d478                __i2b
 .text.__multiply
                0x0200d49c      0x1f0 c:/devkitpro/devkitarm/bin/../lib/gcc/arm-none-eabi/4.9.2/../../../../arm-none-eabi/lib\libg.a(lib_a-mprec.o)
                0x0200d49c                __multiply
 .text.__pow5mult
                0x0200d68c      0x104 c:/devkitpro/devkitarm/bin/../lib/gcc/arm-none-eabi/4.9.2/../../../../arm-none-eabi/lib\libg.a(lib_a-mprec.o)
                0x0200d68c                __pow5mult
 .text.__lshift
                0x0200d790       0xf8 c:/devkitpro/devkitarm/bin/../lib/gcc/arm-none-eabi/4.9.2/../../../../arm-none-eabi/lib\libg.a(lib_a-mprec.o)
                0x0200d790                __lshift
 .text.__mcmp   0x0200d888       0x64 c:/devkitpro/devkitarm/bin/../lib/gcc/arm-none-eabi/4.9.2/../../../../arm-none-eabi/lib\libg.a(lib_a-mprec.o)
                0x0200d888                __mcmp
 .text.__mdiff  0x0200d8ec      0x154 c:/devkitpro/devkitarm/bin/../lib/gcc/arm-none-eabi/4.9.2/../../../../arm-none-eabi/lib\libg.a(lib_a-mprec.o)
                0x0200d8ec                __mdiff
 .text.__ulp    0x0200da40       0x64 c:/devkitpro/devkitarm/bin/../lib/gcc/arm-none-eabi/4.9.2/../../../../arm-none-eabi/lib\libg.a(lib_a-mprec.o)
                0x0200da40                __ulp
 .text.__b2d    0x0200daa4       0xfc c:/devkitpro/devkitarm/bin/../lib/gcc/arm-none-eabi/4.9.2/../../../../arm-none-eabi/lib\libg.a(lib_a-mprec.o)
                0x0200daa4                __b2d
 .text.__d2b    0x0200dba0      0x10c c:/devkitpro/devkitarm/bin/../lib/gcc/arm-none-eabi/4.9.2/../../../../arm-none-eabi/lib\libg.a(lib_a-mprec.o)
                0x0200dba0                __d2b
 .text.__ratio  0x0200dcac       0x98 c:/devkitpro/devkitarm/bin/../lib/gcc/arm-none-eabi/4.9.2/../../../../arm-none-eabi/lib\libg.a(lib_a-mprec.o)
                0x0200dcac                __ratio
 .text._mprec_log10
                0x0200dd44       0x54 c:/devkitpro/devkitarm/bin/../lib/gcc/arm-none-eabi/4.9.2/../../../../arm-none-eabi/lib\libg.a(lib_a-mprec.o)
                0x0200dd44                _mprec_log10
 .text.__copybits
                0x0200dd98       0x70 c:/devkitpro/devkitarm/bin/../lib/gcc/arm-none-eabi/4.9.2/../../../../arm-none-eabi/lib\libg.a(lib_a-mprec.o)
                0x0200dd98                __copybits
 .text.__any_on
                0x0200de08       0x80 c:/devkitpro/devkitarm/bin/../lib/gcc/arm-none-eabi/4.9.2/../../../../arm-none-eabi/lib\libg.a(lib_a-mprec.o)
                0x0200de08                __any_on
 .text.__fpclassifyd
                0x0200de88       0x6c c:/devkitpro/devkitarm/bin/../lib/gcc/arm-none-eabi/4.9.2/../../../../arm-none-eabi/lib\libg.a(lib_a-s_fpclassify.o)
                0x0200de88                __fpclassifyd
 .text.frexp    0x0200def4       0xa8 c:/devkitpro/devkitarm/bin/../lib/gcc/arm-none-eabi/4.9.2/../../../../arm-none-eabi/lib\libg.a(lib_a-s_frexp.o)
                0x0200def4                frexp
 .text.__sread  0x0200df9c       0x34 c:/devkitpro/devkitarm/bin/../lib/gcc/arm-none-eabi/4.9.2/../../../../arm-none-eabi/lib\libg.a(lib_a-stdio.o)
                0x0200df9c                __sread
 .text.__seofread
                0x0200dfd0        0x8 c:/devkitpro/devkitarm/bin/../lib/gcc/arm-none-eabi/4.9.2/../../../../arm-none-eabi/lib\libg.a(lib_a-stdio.o)
                0x0200dfd0                __seofread
 .text.__swrite
                0x0200dfd8       0x58 c:/devkitpro/devkitarm/bin/../lib/gcc/arm-none-eabi/4.9.2/../../../../arm-none-eabi/lib\libg.a(lib_a-stdio.o)
                0x0200dfd8                __swrite
 .text.__sseek  0x0200e030       0x30 c:/devkitpro/devkitarm/bin/../lib/gcc/arm-none-eabi/4.9.2/../../../../arm-none-eabi/lib\libg.a(lib_a-stdio.o)
                0x0200e030                __sseek
 .text.__sclose
                0x0200e060       0x14 c:/devkitpro/devkitarm/bin/../lib/gcc/arm-none-eabi/4.9.2/../../../../arm-none-eabi/lib\libg.a(lib_a-stdio.o)
                0x0200e060                __sclose
 .text.strcasecmp
                0x0200e074       0x6c c:/devkitpro/devkitarm/bin/../lib/gcc/arm-none-eabi/4.9.2/../../../../arm-none-eabi/lib\libg.a(lib_a-strcasecmp.o)
                0x0200e074                strcasecmp
 .text.strcat   0x0200e0e0       0x84 c:/devkitpro/devkitarm/bin/../lib/gcc/arm-none-eabi/4.9.2/../../../../arm-none-eabi/lib\libg.a(lib_a-strcat.o)
                0x0200e0e0                strcat
 .text.strchr   0x0200e164      0x160 c:/devkitpro/devkitarm/bin/../lib/gcc/arm-none-eabi/4.9.2/../../../../arm-none-eabi/lib\libg.a(lib_a-strchr.o)
                0x0200e164                strchr
 .text.strcpy   0x0200e2c4       0xf0 c:/devkitpro/devkitarm/bin/../lib/gcc/arm-none-eabi/4.9.2/../../../../arm-none-eabi/lib\libg.a(lib_a-strcpy.o)
                0x0200e2c4                strcpy
 .text.strlcpy  0x0200e3b4       0x48 c:/devkitpro/devkitarm/bin/../lib/gcc/arm-none-eabi/4.9.2/../../../../arm-none-eabi/lib\libg.a(lib_a-strlcpy.o)
                0x0200e3b4                strlcpy
 .text.strlen   0x0200e3fc       0x60 c:/devkitpro/devkitarm/bin/../lib/gcc/arm-none-eabi/4.9.2/../../../../arm-none-eabi/lib\libg.a(lib_a-strlen.o)
                0x0200e3fc                strlen
 .text.strncasecmp
                0x0200e45c       0x94 c:/devkitpro/devkitarm/bin/../lib/gcc/arm-none-eabi/4.9.2/../../../../arm-none-eabi/lib\libg.a(lib_a-strncasecmp.o)
                0x0200e45c                strncasecmp
 .text.strncmp  0x0200e4f0      0x118 c:/devkitpro/devkitarm/bin/../lib/gcc/arm-none-eabi/4.9.2/../../../../arm-none-eabi/lib\libg.a(lib_a-strncmp.o)
                0x0200e4f0                strncmp
 .text.strncpy  0x0200e608       0xe4 c:/devkitpro/devkitarm/bin/../lib/gcc/arm-none-eabi/4.9.2/../../../../arm-none-eabi/lib\libg.a(lib_a-strncpy.o)
                0x0200e608                strncpy
 .text._strtol_r
                0x0200e6ec      0x1dc c:/devkitpro/devkitarm/bin/../lib/gcc/arm-none-eabi/4.9.2/../../../../arm-none-eabi/lib\libg.a(lib_a-strtol.o)
                0x0200e6ec                _strtol_r
 .text.strtol   0x0200e8c8       0x28 c:/devkitpro/devkitarm/bin/../lib/gcc/arm-none-eabi/4.9.2/../../../../arm-none-eabi/lib\libg.a(lib_a-strtol.o)
                0x0200e8c8                strtol
 .text.get_arg  0x0200e8f0      0x860 c:/devkitpro/devkitarm/bin/../lib/gcc/arm-none-eabi/4.9.2/../../../../arm-none-eabi/lib\libg.a(lib_a-svfiprintf.o)
 .text.__ssprint_r
                0x0200f150      0x1b0 c:/devkitpro/devkitarm/bin/../lib/gcc/arm-none-eabi/4.9.2/../../../../arm-none-eabi/lib\libg.a(lib_a-svfiprintf.o)
                0x0200f150                __ssprint_r
 .text._svfiprintf_r
                0x0200f300     0x2e94 c:/devkitpro/devkitarm/bin/../lib/gcc/arm-none-eabi/4.9.2/../../../../arm-none-eabi/lib\libg.a(lib_a-svfiprintf.o)
                0x0200f300                _svfiprintf_r
 .text.get_arg  0x02012194      0x860 c:/devkitpro/devkitarm/bin/../lib/gcc/arm-none-eabi/4.9.2/../../../../arm-none-eabi/lib\libg.a(lib_a-vfiprintf.o)
 .text.__sprint_r.part.0
                0x020129f4       0xac c:/devkitpro/devkitarm/bin/../lib/gcc/arm-none-eabi/4.9.2/../../../../arm-none-eabi/lib\libg.a(lib_a-vfiprintf.o)
 .text.__sprint_r
                0x02012aa0       0x18 c:/devkitpro/devkitarm/bin/../lib/gcc/arm-none-eabi/4.9.2/../../../../arm-none-eabi/lib\libg.a(lib_a-vfiprintf.o)
                0x02012aa0                __sprint_r
 .text._vfiprintf_r
                0x02012ab8     0x30d0 c:/devkitpro/devkitarm/bin/../lib/gcc/arm-none-eabi/4.9.2/../../../../arm-none-eabi/lib\libg.a(lib_a-vfiprintf.o)
                0x02012ab8                _vfiprintf_r
 .text.vfiprintf
                0x02015b88       0x28 c:/devkitpro/devkitarm/bin/../lib/gcc/arm-none-eabi/4.9.2/../../../../arm-none-eabi/lib\libg.a(lib_a-vfiprintf.o)
                0x02015b88                vfiprintf
 .text.__sbprintf
                0x02015bb0       0xac c:/devkitpro/devkitarm/bin/../lib/gcc/arm-none-eabi/4.9.2/../../../../arm-none-eabi/lib\libg.a(lib_a-vfiprintf.o)
 .text._wcsnrtombs_r
                0x02015c5c      0x194 c:/devkitpro/devkitarm/bin/../lib/gcc/arm-none-eabi/4.9.2/../../../../arm-none-eabi/lib\libg.a(lib_a-wcsnrtombs.o)
                0x02015c5c                _wcsnrtombs_r
 .text.wcsnrtombs
                0x02015df0       0x44 c:/devkitpro/devkitarm/bin/../lib/gcc/arm-none-eabi/4.9.2/../../../../arm-none-eabi/lib\libg.a(lib_a-wcsnrtombs.o)
                0x02015df0                wcsnrtombs
 .text._calloc_r
                0x02015e34       0x9c c:/devkitpro/devkitarm/bin/../lib/gcc/arm-none-eabi/4.9.2/../../../../arm-none-eabi/lib\libg.a(lib_a-callocr.o)
                0x02015e34                _calloc_r
 .text.__set_ctype
                0x02015ed0       0x18 c:/devkitpro/devkitarm/bin/../lib/gcc/arm-none-eabi/4.9.2/../../../../arm-none-eabi/lib\libg.a(lib_a-ctype_.o)
                0x02015ed0                __set_ctype
 .text._fclose_r
                0x02015ee8      0x11c c:/devkitpro/devkitarm/bin/../lib/gcc/arm-none-eabi/4.9.2/../../../../arm-none-eabi/lib\libg.a(lib_a-fclose.o)
                0x02015ee8                _fclose_r
 .text.fclose   0x02016004       0x18 c:/devkitpro/devkitarm/bin/../lib/gcc/arm-none-eabi/4.9.2/../../../../arm-none-eabi/lib\libg.a(lib_a-fclose.o)
                0x02016004                fclose
 .text.__fputwc
                0x0201601c      0x130 c:/devkitpro/devkitarm/bin/../lib/gcc/arm-none-eabi/4.9.2/../../../../arm-none-eabi/lib\libg.a(lib_a-fputwc.o)
                0x0201601c                __fputwc
 .text._fputwc_r
                0x0201614c       0xb0 c:/devkitpro/devkitarm/bin/../lib/gcc/arm-none-eabi/4.9.2/../../../../arm-none-eabi/lib\libg.a(lib_a-fputwc.o)
                0x0201614c                _fputwc_r
 .text.fputwc   0x020161fc       0x38 c:/devkitpro/devkitarm/bin/../lib/gcc/arm-none-eabi/4.9.2/../../../../arm-none-eabi/lib\libg.a(lib_a-fputwc.o)
                0x020161fc                fputwc
 .text.__sfvwrite_r
                0x02016234      0x4ec c:/devkitpro/devkitarm/bin/../lib/gcc/arm-none-eabi/4.9.2/../../../../arm-none-eabi/lib\libg.a(lib_a-fvwrite.o)
                0x02016234                __sfvwrite_r
 .text._findenv_r
                0x02016720       0xd0 c:/devkitpro/devkitarm/bin/../lib/gcc/arm-none-eabi/4.9.2/../../../../arm-none-eabi/lib\libg.a(lib_a-getenv_r.o)
                0x02016720                _findenv_r
 .text._getenv_r
                0x020167f0       0x1c c:/devkitpro/devkitarm/bin/../lib/gcc/arm-none-eabi/4.9.2/../../../../arm-none-eabi/lib\libg.a(lib_a-getenv_r.o)
                0x020167f0                _getenv_r
 .text.memmove  0x0201680c      0x12c c:/devkitpro/devkitarm/bin/../lib/gcc/arm-none-eabi/4.9.2/../../../../arm-none-eabi/lib\libg.a(lib_a-memmove.o)
                0x0201680c                memmove
 .text._realloc_r
                0x02016938      0x4dc c:/devkitpro/devkitarm/bin/../lib/gcc/arm-none-eabi/4.9.2/../../../../arm-none-eabi/lib\libg.a(lib_a-reallocr.o)
                0x02016938                _realloc_r
 .text.__swbuf_r
                0x02016e14      0x128 c:/devkitpro/devkitarm/bin/../lib/gcc/arm-none-eabi/4.9.2/../../../../arm-none-eabi/lib\libg.a(lib_a-wbuf.o)
                0x02016e14                __swbuf_r
 .text.__swbuf  0x02016f3c       0x20 c:/devkitpro/devkitarm/bin/../lib/gcc/arm-none-eabi/4.9.2/../../../../arm-none-eabi/lib\libg.a(lib_a-wbuf.o)
                0x02016f3c                __swbuf
 .text.__env_lock
                0x02016f5c        0x4 c:/devkitpro/devkitarm/bin/../lib/gcc/arm-none-eabi/4.9.2/../../../../arm-none-eabi/lib\libg.a(lib_a-envlock.o)
                0x02016f5c                __env_lock
 .text.__env_unlock
                0x02016f60        0x4 c:/devkitpro/devkitarm/bin/../lib/gcc/arm-none-eabi/4.9.2/../../../../arm-none-eabi/lib\libg.a(lib_a-envlock.o)
                0x02016f60                __env_unlock
 .text.__errno  0x02016f64       0x10 c:/devkitpro/devkitarm/bin/../lib/gcc/arm-none-eabi/4.9.2/../../../../arm-none-eabi/lib\libg.a(lib_a-errno.o)
                0x02016f64                __errno
 .text.malloc   0x02016f74       0x1c c:/devkitpro/devkitarm/bin/../lib/gcc/arm-none-eabi/4.9.2/../../../../arm-none-eabi/lib\libg.a(lib_a-malloc.o)
                0x02016f74                malloc
 .text.free     0x02016f90       0x1c c:/devkitpro/devkitarm/bin/../lib/gcc/arm-none-eabi/4.9.2/../../../../arm-none-eabi/lib\libg.a(lib_a-malloc.o)
                0x02016f90                free
 *fill*         0x02016fac        0x4 ff
 .text.free.__stub
                0x02016fb0       0x48 linker stubs
 *(.stub)
 *(.gnu.warning)
 *(.gnu.linkonce.t*)
 *(.glue_7)
 .glue_7        0x02017008        0x0 linker stubs
 *(.glue_7t)
 .glue_7t       0x02017008        0x0 linker stubs
                0x02017008                . = ALIGN (0x4)

.vfp11_veneer   0x02017008        0x0
 .vfp11_veneer  0x02017008        0x0 linker stubs

.v4_bx          0x02017008        0x0
 .v4_bx         0x02017008        0x0 linker stubs

.iplt           0x02017008        0x0
 .iplt          0x02017008        0x0 c:/devkitpro/devkitarm/bin/../lib/gcc/arm-none-eabi/4.9.2/../../../../arm-none-eabi/lib/ds_arm9_crt0.o

.fini           0x02017008       0x18
 *(.fini)
 .fini          0x02017008        0xc c:/devkitpro/devkitarm/bin/../lib/gcc/arm-none-eabi/4.9.2/crti.o
                0x02017008                _fini
 .fini          0x02017014        0xc c:/devkitpro/devkitarm/bin/../lib/gcc/arm-none-eabi/4.9.2/crtn.o
                0x02017020                __text_end = .

.rodata         0x02017020      0x8f4
 *(.rodata)
 .rodata        0x02017020       0xa0 gfx_ball.o
                0x02017020                gfx_ballTiles
                0x020170a0                gfx_ballPal
 .rodata        0x020170c0       0x28 gfx_brick.o
                0x020170c0                gfx_brickTiles
                0x020170e0                gfx_brickPal
 .rodata        0x020170e8      0x120 gfx_gradient.o
                0x020170e8                gfx_gradientTiles
                0x020171e8                gfx_gradientPal
 .rodata        0x02017208       0x68 c:/devkitpro/devkitarm/bin/../lib/gcc/arm-none-eabi/4.9.2/../../../../arm-none-eabi/lib\libsysbase.a(iosupport.o)
                0x02017208                dotab_stdnull
 *all.rodata*(*)
 *(.roda)
 *(.rodata.*)
 .rodata.str1.4
                0x02017270        0xa main.o
                                  0xc (size before relaxing)
 *fill*         0x0201727a        0x2 ff
 .rodata.zeroes.7052
                0x0201727c       0x10 c:/devkitpro/devkitarm/bin/../lib/gcc/arm-none-eabi/4.9.2/../../../../arm-none-eabi/lib\libg.a(lib_a-vfprintf.o)
 .rodata.str1.4
                0x0201728c       0x42 c:/devkitpro/devkitarm/bin/../lib/gcc/arm-none-eabi/4.9.2/../../../../arm-none-eabi/lib\libg.a(lib_a-vfprintf.o)
                                 0x44 (size before relaxing)
 *fill*         0x020172ce        0x2 ff
 .rodata.blanks.7051
                0x020172d0       0x10 c:/devkitpro/devkitarm/bin/../lib/gcc/arm-none-eabi/4.9.2/../../../../arm-none-eabi/lib\libg.a(lib_a-vfprintf.o)
 .rodata.str1.4
                0x020172e0       0x10 c:/devkitpro/devkitarm/bin/../lib/gcc/arm-none-eabi/4.9.2/../../../../arm-none-eabi/lib\libg.a(lib_a-dtoa.o)
                                 0x14 (size before relaxing)
 .rodata.str1.4
                0x020172f0        0x2 c:/devkitpro/devkitarm/bin/../lib/gcc/arm-none-eabi/4.9.2/../../../../arm-none-eabi/lib\libg.a(lib_a-impure.o)
                                  0x4 (size before relaxing)
 *fill*         0x020172f2        0x2 ff
 .rodata._global_impure_ptr
                0x020172f4        0x4 c:/devkitpro/devkitarm/bin/../lib/gcc/arm-none-eabi/4.9.2/../../../../arm-none-eabi/lib\libg.a(lib_a-impure.o)
                0x020172f4                _global_impure_ptr
 .rodata.str1.4
                0x020172f8      0x126 c:/devkitpro/devkitarm/bin/../lib/gcc/arm-none-eabi/4.9.2/../../../../arm-none-eabi/lib\libg.a(lib_a-locale.o)
                                0x130 (size before relaxing)
 *fill*         0x0201741e        0x2 ff
 .rodata.categories
                0x02017420       0x1c c:/devkitpro/devkitarm/bin/../lib/gcc/arm-none-eabi/4.9.2/../../../../arm-none-eabi/lib\libg.a(lib_a-locale.o)
 .rodata.JIS_state_table
                0x0201743c       0x48 c:/devkitpro/devkitarm/bin/../lib/gcc/arm-none-eabi/4.9.2/../../../../arm-none-eabi/lib\libg.a(lib_a-mbtowc_r.o)
 .rodata.JIS_action_table
                0x02017484       0x48 c:/devkitpro/devkitarm/bin/../lib/gcc/arm-none-eabi/4.9.2/../../../../arm-none-eabi/lib\libg.a(lib_a-mbtowc_r.o)
 .rodata.p05.5298
                0x020174cc        0xc c:/devkitpro/devkitarm/bin/../lib/gcc/arm-none-eabi/4.9.2/../../../../arm-none-eabi/lib\libg.a(lib_a-mprec.o)
 .rodata.__mprec_tens
                0x020174d8       0xc8 c:/devkitpro/devkitarm/bin/../lib/gcc/arm-none-eabi/4.9.2/../../../../arm-none-eabi/lib\libg.a(lib_a-mprec.o)
                0x020174d8                __mprec_tens
 .rodata.__mprec_bigtens
                0x020175a0       0x28 c:/devkitpro/devkitarm/bin/../lib/gcc/arm-none-eabi/4.9.2/../../../../arm-none-eabi/lib\libg.a(lib_a-mprec.o)
                0x020175a0                __mprec_bigtens
 .rodata.__mprec_tinytens
                0x020175c8       0x28 c:/devkitpro/devkitarm/bin/../lib/gcc/arm-none-eabi/4.9.2/../../../../arm-none-eabi/lib\libg.a(lib_a-mprec.o)
                0x020175c8                __mprec_tinytens
 .rodata.__state_table
                0x020175f0       0x6c c:/devkitpro/devkitarm/bin/../lib/gcc/arm-none-eabi/4.9.2/../../../../arm-none-eabi/lib\libg.a(lib_a-svfiprintf.o)
                0x020175f0                __state_table
 .rodata.blanks.7015
                0x0201765c       0x10 c:/devkitpro/devkitarm/bin/../lib/gcc/arm-none-eabi/4.9.2/../../../../arm-none-eabi/lib\libg.a(lib_a-svfiprintf.o)
 .rodata.__chclass
                0x0201766c      0x100 c:/devkitpro/devkitarm/bin/../lib/gcc/arm-none-eabi/4.9.2/../../../../arm-none-eabi/lib\libg.a(lib_a-svfiprintf.o)
                0x0201766c                __chclass
 .rodata.str1.4
                0x0201776c       0x30 c:/devkitpro/devkitarm/bin/../lib/gcc/arm-none-eabi/4.9.2/../../../../arm-none-eabi/lib\libg.a(lib_a-svfiprintf.o)
 .rodata.__action_table
                0x0201776c       0x6c c:/devkitpro/devkitarm/bin/../lib/gcc/arm-none-eabi/4.9.2/../../../../arm-none-eabi/lib\libg.a(lib_a-svfiprintf.o)
                0x0201776c                __action_table
 .rodata.zeroes.7016
                0x020177d8       0x10 c:/devkitpro/devkitarm/bin/../lib/gcc/arm-none-eabi/4.9.2/../../../../arm-none-eabi/lib\libg.a(lib_a-svfiprintf.o)
 .rodata.zeroes.7030
                0x020177e8       0x10 c:/devkitpro/devkitarm/bin/../lib/gcc/arm-none-eabi/4.9.2/../../../../arm-none-eabi/lib\libg.a(lib_a-vfiprintf.o)
 .rodata.str1.4
                0x020177f8       0x30 c:/devkitpro/devkitarm/bin/../lib/gcc/arm-none-eabi/4.9.2/../../../../arm-none-eabi/lib\libg.a(lib_a-vfiprintf.o)
 .rodata.blanks.7029
                0x020177f8       0x10 c:/devkitpro/devkitarm/bin/../lib/gcc/arm-none-eabi/4.9.2/../../../../arm-none-eabi/lib\libg.a(lib_a-vfiprintf.o)
 .rodata._ctype_
                0x02017808      0x104 c:/devkitpro/devkitarm/bin/../lib/gcc/arm-none-eabi/4.9.2/../../../../arm-none-eabi/lib\libg.a(lib_a-ctype_.o)
                0x02017808                _ctype_
 .rodata.str1.4
                0x0201790c        0x8 c:/devkitpro/devkitarm/bin/../lib/gcc/arm-none-eabi/4.9.2/../../../../arm-none-eabi/lib\libsysbase.a(iosupport.o)
 *(.gnu.linkonce.r*)
                0x02017914                . = ALIGN (0x4)

.rel.dyn        0x02017914        0x0
 .rel.iplt      0x02017914        0x0 c:/devkitpro/devkitarm/bin/../lib/gcc/arm-none-eabi/4.9.2/../../../../arm-none-eabi/lib/ds_arm9_crt0.o

.ARM.extab
 *(.ARM.extab* .gnu.linkonce.armextab.*)
                0x02017914                __exidx_start = .

ARM.exidx
 *(.ARM.exidx* .gnu.linkonce.armexidx.*)
                0x02017914                __exidx_end = .
                0x02017914                . = ALIGN (0x4)
                0x02017914                PROVIDE (__preinit_array_start, .)

.preinit_array
 *(.preinit_array)
                0x02017914                PROVIDE (__preinit_array_end, .)
                0x02017914                PROVIDE (__init_array_start, .)

.init_array     0x02017914        0x4
 *(SORT(.init_array.*))
 *(.init_array)
 .init_array    0x02017914        0x4 c:/devkitpro/devkitarm/bin/../lib/gcc/arm-none-eabi/4.9.2/crtbegin.o
                0x02017918                PROVIDE (__init_array_end, .)
                0x02017918                PROVIDE (__fini_array_start, .)

.fini_array     0x02017918        0x4
 *(.fini_array)
 .fini_array    0x02017918        0x4 c:/devkitpro/devkitarm/bin/../lib/gcc/arm-none-eabi/4.9.2/crtbegin.o
 *(SORT(.fini_array.*))
                0x0201791c                PROVIDE (__fini_array_end, .)

.ctors          0x0201791c        0x0
 *crtbegin.o(.ctors)
 *(EXCLUDE_FILE(*crtend.o) .ctors)
 *(SORT(.ctors.*))
 *(.ctors)
                0x0201791c                . = ALIGN (0x4)

.dtors          0x0201791c        0x0
 *crtbegin.o(.dtors)
 *(EXCLUDE_FILE(*crtend.o) .dtors)
 *(SORT(.dtors.*))
 *(.dtors)
                0x0201791c                . = ALIGN (0x4)

.eh_frame       0x0201791c       0x48
 *(.eh_frame)
 .eh_frame      0x0201791c        0x0 c:/devkitpro/devkitarm/bin/../lib/gcc/arm-none-eabi/4.9.2/crtbegin.o
 .eh_frame      0x0201791c       0x44 c:/devkitpro/devkitarm/bin/../lib/gcc/arm-none-eabi/4.9.2/../../../../arm-none-eabi/lib\libg.a(lib_a-strcmp.o)
 .eh_frame      0x02017960        0x4 c:/devkitpro/devkitarm/bin/../lib/gcc/arm-none-eabi/4.9.2/crtend.o
                0x02017964                . = ALIGN (0x4)

.gcc_except_table
                0x02017964        0x0
 *(.gcc_except_table)
                0x02017964                . = ALIGN (0x4)

.jcr            0x02017964        0x4
 *(.jcr)
 .jcr           0x02017964        0x0 c:/devkitpro/devkitarm/bin/../lib/gcc/arm-none-eabi/4.9.2/crtbegin.o
 .jcr           0x02017964        0x4 c:/devkitpro/devkitarm/bin/../lib/gcc/arm-none-eabi/4.9.2/crtend.o

.got
 *(.got.plt)
 *(.got)
 *(.rel.got)

.ewram          0x02017968        0x0
                0x02017968                __ewram_start = ABSOLUTE (.)
 *(.ewram)
 *ewram.*(.text)
                0x02017968                . = ALIGN (0x4)

.data           0x02017968     0x1a44
                0x02017968                __data_start = ABSOLUTE (.)
 *(.data)
 .data          0x02017968        0x0 c:/devkitpro/devkitarm/bin/../lib/gcc/arm-none-eabi/4.9.2/../../../../arm-none-eabi/lib/ds_arm9_crt0.o
 .data          0x02017968        0x0 c:/devkitpro/devkitarm/bin/../lib/gcc/arm-none-eabi/4.9.2/crti.o
 .data          0x02017968        0x4 c:/devkitpro/devkitarm/bin/../lib/gcc/arm-none-eabi/4.9.2/crtbegin.o
                0x02017968                __dso_handle
 .data          0x0201796c        0x0 gfx_ball.o
 .data          0x0201796c        0x0 gfx_brick.o
 .data          0x0201796c        0x0 gfx_gradient.o
 .data          0x0201796c        0x0 main.o
 .data          0x0201796c        0x0 c:/devkitPro/libnds/lib\libnds9.a(initSystem.o)
 .data          0x0201796c       0x10 c:/devkitPro/libnds/lib\libnds9.a(fifosystem.o)
                0x0201796c                fifo_buffer_free
                0x02017970                fifo_freewords
                0x02017974                fifo_send_queue
                0x02017978                fifo_receive_queue
 .data          0x0201797c        0x0 c:/devkitPro/libnds/lib\libnds9.a(libnds_exit.arm.o)
 .data          0x0201797c        0x0 c:/devkitPro/libnds/lib\libnds9.a(interrupts.o)
 .data          0x0201797c        0x0 c:/devkitPro/libnds/lib\libnds9.a(mpu_setup.o)
 .data          0x0201797c        0x0 c:/devkitPro/libnds/lib\libnds9.a(swiSoftReset.o)
 .data          0x0201797c        0x0 c:/devkitPro/libnds/lib\libnds9.a(biosCalls.o)
 .data          0x0201797c        0x0 c:/devkitPro/libnds/lib\libnds9.a(interruptDispatcher.o)
 .data          0x0201797c        0x0 c:/devkitPro/libnds/lib\libnds9.a(system.o)
 .data          0x0201797c        0x0 c:/devkitPro/libnds/lib\libnds9.a(video.o)
 .data          0x0201797c        0x0 c:/devkitPro/libnds/lib\libnds9.a(timeSupport.o)
 .data          0x0201797c        0x0 c:/devkitpro/devkitarm/bin/../lib/gcc/arm-none-eabi/4.9.2/../../../../arm-none-eabi/lib\libg.a(lib_a-init.o)
 .data          0x0201797c        0x0 c:/devkitpro/devkitarm/bin/../lib/gcc/arm-none-eabi/4.9.2/../../../../arm-none-eabi/lib\libg.a(lib_a-memcpy.o)
 .data          0x0201797c        0x0 c:/devkitpro/devkitarm/bin/../lib/gcc/arm-none-eabi/4.9.2/../../../../arm-none-eabi/lib\libg.a(lib_a-memset.o)
 .data          0x0201797c        0x0 c:/devkitpro/devkitarm/bin/../lib/gcc/arm-none-eabi/4.9.2/../../../../arm-none-eabi/lib\libg.a(lib_a-printf.o)
 .data          0x0201797c        0x0 c:/devkitpro/devkitarm/bin/../lib/gcc/arm-none-eabi/4.9.2/../../../../arm-none-eabi/lib\libg.a(lib_a-vfprintf.o)
 .data          0x0201797c        0x0 c:/devkitpro/devkitarm/bin/../lib/gcc/arm-none-eabi/4.9.2/../../../../arm-none-eabi/lib\libg.a(lib_a-wcrtomb.o)
 .data          0x0201797c        0x0 c:/devkitpro/devkitarm/bin/../lib/gcc/arm-none-eabi/4.9.2/../../../../arm-none-eabi/lib\libg.a(lib_a-wcsrtombs.o)
 .data          0x0201797c        0x0 c:/devkitpro/devkitarm/bin/../lib/gcc/arm-none-eabi/4.9.2/../../../../arm-none-eabi/lib\libg.a(lib_a-wctomb_r.o)
 .data          0x0201797c        0x0 c:/devkitpro/devkitarm/bin/../lib/gcc/arm-none-eabi/4.9.2/../../../../arm-none-eabi/lib\libg.a(lib_a-wsetup.o)
 .data          0x0201797c        0x0 c:/devkitpro/devkitarm/bin/../lib/gcc/arm-none-eabi/4.9.2/../../../../arm-none-eabi/lib\libg.a(lib_a-dtoa.o)
 .data          0x0201797c        0x0 c:/devkitpro/devkitarm/bin/../lib/gcc/arm-none-eabi/4.9.2/../../../../arm-none-eabi/lib\libg.a(lib_a-fflush.o)
 .data          0x0201797c        0x0 c:/devkitpro/devkitarm/bin/../lib/gcc/arm-none-eabi/4.9.2/../../../../arm-none-eabi/lib\libg.a(lib_a-findfp.o)
 .data          0x0201797c        0x0 c:/devkitpro/devkitarm/bin/../lib/gcc/arm-none-eabi/4.9.2/../../../../arm-none-eabi/lib\libg.a(lib_a-freer.o)
 .data          0x0201797c        0x0 c:/devkitpro/devkitarm/bin/../lib/gcc/arm-none-eabi/4.9.2/../../../../arm-none-eabi/lib\libg.a(lib_a-fwalk.o)
 .data          0x0201797c        0x0 c:/devkitpro/devkitarm/bin/../lib/gcc/arm-none-eabi/4.9.2/../../../../arm-none-eabi/lib\libg.a(lib_a-impure.o)
 .data          0x0201797c        0x0 c:/devkitpro/devkitarm/bin/../lib/gcc/arm-none-eabi/4.9.2/../../../../arm-none-eabi/lib\libg.a(lib_a-locale.o)
 .data          0x0201797c        0x0 c:/devkitpro/devkitarm/bin/../lib/gcc/arm-none-eabi/4.9.2/../../../../arm-none-eabi/lib\libg.a(lib_a-makebuf.o)
 .data          0x0201797c        0x0 c:/devkitpro/devkitarm/bin/../lib/gcc/arm-none-eabi/4.9.2/../../../../arm-none-eabi/lib\libg.a(lib_a-mallocr.o)
 .data          0x0201797c        0x0 c:/devkitpro/devkitarm/bin/../lib/gcc/arm-none-eabi/4.9.2/../../../../arm-none-eabi/lib\libg.a(lib_a-mbtowc_r.o)
 .data          0x0201797c        0x0 c:/devkitpro/devkitarm/bin/../lib/gcc/arm-none-eabi/4.9.2/../../../../arm-none-eabi/lib\libg.a(lib_a-memchr.o)
 .data          0x0201797c        0x0 c:/devkitpro/devkitarm/bin/../lib/gcc/arm-none-eabi/4.9.2/../../../../arm-none-eabi/lib\libg.a(lib_a-mlock.o)
 .data          0x0201797c        0x0 c:/devkitpro/devkitarm/bin/../lib/gcc/arm-none-eabi/4.9.2/../../../../arm-none-eabi/lib\libg.a(lib_a-mprec.o)
 .data          0x0201797c        0x0 c:/devkitpro/devkitarm/bin/../lib/gcc/arm-none-eabi/4.9.2/../../../../arm-none-eabi/lib\libg.a(lib_a-s_fpclassify.o)
 .data          0x0201797c        0x0 c:/devkitpro/devkitarm/bin/../lib/gcc/arm-none-eabi/4.9.2/../../../../arm-none-eabi/lib\libg.a(lib_a-s_frexp.o)
 .data          0x0201797c        0x0 c:/devkitpro/devkitarm/bin/../lib/gcc/arm-none-eabi/4.9.2/../../../../arm-none-eabi/lib\libg.a(lib_a-stdio.o)
 .data          0x0201797c        0x0 c:/devkitpro/devkitarm/bin/../lib/gcc/arm-none-eabi/4.9.2/../../../../arm-none-eabi/lib\libg.a(lib_a-strcasecmp.o)
 .data          0x0201797c        0x0 c:/devkitpro/devkitarm/bin/../lib/gcc/arm-none-eabi/4.9.2/../../../../arm-none-eabi/lib\libg.a(lib_a-strcat.o)
 .data          0x0201797c        0x0 c:/devkitpro/devkitarm/bin/../lib/gcc/arm-none-eabi/4.9.2/../../../../arm-none-eabi/lib\libg.a(lib_a-strchr.o)
 .data          0x0201797c        0x0 c:/devkitpro/devkitarm/bin/../lib/gcc/arm-none-eabi/4.9.2/../../../../arm-none-eabi/lib\libg.a(lib_a-strcmp.o)
 .data          0x0201797c        0x0 c:/devkitpro/devkitarm/bin/../lib/gcc/arm-none-eabi/4.9.2/../../../../arm-none-eabi/lib\libg.a(lib_a-strcpy.o)
 .data          0x0201797c        0x0 c:/devkitpro/devkitarm/bin/../lib/gcc/arm-none-eabi/4.9.2/../../../../arm-none-eabi/lib\libg.a(lib_a-strlcpy.o)
 .data          0x0201797c        0x0 c:/devkitpro/devkitarm/bin/../lib/gcc/arm-none-eabi/4.9.2/../../../../arm-none-eabi/lib\libg.a(lib_a-strlen.o)
 .data          0x0201797c        0x0 c:/devkitpro/devkitarm/bin/../lib/gcc/arm-none-eabi/4.9.2/../../../../arm-none-eabi/lib\libg.a(lib_a-strncasecmp.o)
 .data          0x0201797c        0x0 c:/devkitpro/devkitarm/bin/../lib/gcc/arm-none-eabi/4.9.2/../../../../arm-none-eabi/lib\libg.a(lib_a-strncmp.o)
 .data          0x0201797c        0x0 c:/devkitpro/devkitarm/bin/../lib/gcc/arm-none-eabi/4.9.2/../../../../arm-none-eabi/lib\libg.a(lib_a-strncpy.o)
 .data          0x0201797c        0x0 c:/devkitpro/devkitarm/bin/../lib/gcc/arm-none-eabi/4.9.2/../../../../arm-none-eabi/lib\libg.a(lib_a-strtol.o)
 .data          0x0201797c        0x0 c:/devkitpro/devkitarm/bin/../lib/gcc/arm-none-eabi/4.9.2/../../../../arm-none-eabi/lib\libg.a(lib_a-svfiprintf.o)
 .data          0x0201797c        0x0 c:/devkitpro/devkitarm/bin/../lib/gcc/arm-none-eabi/4.9.2/../../../../arm-none-eabi/lib\libg.a(lib_a-vfiprintf.o)
 .data          0x0201797c        0x0 c:/devkitpro/devkitarm/bin/../lib/gcc/arm-none-eabi/4.9.2/../../../../arm-none-eabi/lib\libg.a(lib_a-wcsnrtombs.o)
 .data          0x0201797c        0x0 c:/devkitpro/devkitarm/bin/../lib/gcc/arm-none-eabi/4.9.2/../../../../arm-none-eabi/lib\libg.a(lib_a-callocr.o)
 .data          0x0201797c        0x0 c:/devkitpro/devkitarm/bin/../lib/gcc/arm-none-eabi/4.9.2/../../../../arm-none-eabi/lib\libg.a(lib_a-ctype_.o)
 .data          0x0201797c        0x0 c:/devkitpro/devkitarm/bin/../lib/gcc/arm-none-eabi/4.9.2/../../../../arm-none-eabi/lib\libg.a(lib_a-fclose.o)
 .data          0x0201797c        0x0 c:/devkitpro/devkitarm/bin/../lib/gcc/arm-none-eabi/4.9.2/../../../../arm-none-eabi/lib\libg.a(lib_a-fputwc.o)
 .data          0x0201797c        0x0 c:/devkitpro/devkitarm/bin/../lib/gcc/arm-none-eabi/4.9.2/../../../../arm-none-eabi/lib\libg.a(lib_a-fvwrite.o)
 .data          0x0201797c        0x0 c:/devkitpro/devkitarm/bin/../lib/gcc/arm-none-eabi/4.9.2/../../../../arm-none-eabi/lib\libg.a(lib_a-getenv_r.o)
 .data          0x0201797c        0x0 c:/devkitpro/devkitarm/bin/../lib/gcc/arm-none-eabi/4.9.2/../../../../arm-none-eabi/lib\libg.a(lib_a-memmove.o)
 .data          0x0201797c        0x0 c:/devkitpro/devkitarm/bin/../lib/gcc/arm-none-eabi/4.9.2/../../../../arm-none-eabi/lib\libg.a(lib_a-reallocr.o)
 .data          0x0201797c        0x0 c:/devkitpro/devkitarm/bin/../lib/gcc/arm-none-eabi/4.9.2/../../../../arm-none-eabi/lib\libg.a(lib_a-wbuf.o)
 .data          0x0201797c        0x0 c:/devkitpro/devkitarm/bin/../lib/gcc/arm-none-eabi/4.9.2/../../../../arm-none-eabi/lib\libg.a(lib_a-environ.o)
 .data          0x0201797c        0x0 c:/devkitpro/devkitarm/bin/../lib/gcc/arm-none-eabi/4.9.2/../../../../arm-none-eabi/lib\libg.a(lib_a-envlock.o)
 .data          0x0201797c        0x0 c:/devkitpro/devkitarm/bin/../lib/gcc/arm-none-eabi/4.9.2/../../../../arm-none-eabi/lib\libsysbase.a(close.o)
 .data          0x0201797c        0x0 c:/devkitpro/devkitarm/bin/../lib/gcc/arm-none-eabi/4.9.2/../../../../arm-none-eabi/lib\libsysbase.a(fstat.o)
 .data          0x0201797c        0x0 c:/devkitpro/devkitarm/bin/../lib/gcc/arm-none-eabi/4.9.2/../../../../arm-none-eabi/lib\libsysbase.a(isatty.o)
 .data          0x0201797c        0x0 c:/devkitpro/devkitarm/bin/../lib/gcc/arm-none-eabi/4.9.2/../../../../arm-none-eabi/lib\libsysbase.a(lseek.o)
 .data          0x0201797c        0x0 c:/devkitpro/devkitarm/bin/../lib/gcc/arm-none-eabi/4.9.2/../../../../arm-none-eabi/lib\libsysbase.a(read.o)
 .data          0x0201797c        0x0 c:/devkitpro/devkitarm/bin/../lib/gcc/arm-none-eabi/4.9.2/../../../../arm-none-eabi/lib\libsysbase.a(sbrk.o)
 .data          0x0201797c        0x0 c:/devkitpro/devkitarm/bin/../lib/gcc/arm-none-eabi/4.9.2/../../../../arm-none-eabi/lib\libsysbase.a(write.o)
 .data          0x0201797c        0x0 c:/devkitpro/devkitarm/bin/../lib/gcc/arm-none-eabi/4.9.2/../../../../arm-none-eabi/lib\libsysbase.a(malloc_vars.o)
 .data          0x0201797c        0x0 c:/devkitpro/devkitarm/bin/../lib/gcc/arm-none-eabi/4.9.2/../../../../arm-none-eabi/lib\libsysbase.a(build_argv.o)
 .data          0x0201797c        0x0 c:/devkitpro/devkitarm/bin/../lib/gcc/arm-none-eabi/4.9.2/../../../../arm-none-eabi/lib\libsysbase.a(flock.o)
 .data          0x0201797c        0x0 c:/devkitpro/devkitarm/bin/../lib/gcc/arm-none-eabi/4.9.2/../../../../arm-none-eabi/lib\libsysbase.a(syscall_support.o)
 .data          0x0201797c     0x1024 c:/devkitpro/devkitarm/bin/../lib/gcc/arm-none-eabi/4.9.2/../../../../arm-none-eabi/lib\libsysbase.a(handle_manager.o)
 .data          0x020189a0        0x0 c:/devkitpro/devkitarm/bin/../lib/gcc/arm-none-eabi/4.9.2/../../../../arm-none-eabi/lib\libsysbase.a(getreent.o)
 .data          0x020189a0       0x44 c:/devkitpro/devkitarm/bin/../lib/gcc/arm-none-eabi/4.9.2/../../../../arm-none-eabi/lib\libsysbase.a(iosupport.o)
                0x020189a4                devoptab_list
 .data          0x020189e4        0x0 c:/devkitpro/devkitarm/bin/../lib/gcc/arm-none-eabi/4.9.2\libgcc.a(_udivsi3.o)
 .data          0x020189e4        0x0 c:/devkitpro/devkitarm/bin/../lib/gcc/arm-none-eabi/4.9.2\libgcc.a(_divsi3.o)
 .data          0x020189e4        0x0 c:/devkitpro/devkitarm/bin/../lib/gcc/arm-none-eabi/4.9.2\libgcc.a(_dvmd_tls.o)
 .data          0x020189e4        0x0 c:/devkitpro/devkitarm/bin/../lib/gcc/arm-none-eabi/4.9.2\libgcc.a(_arm_addsubdf3.o)
 .data          0x020189e4        0x0 c:/devkitpro/devkitarm/bin/../lib/gcc/arm-none-eabi/4.9.2\libgcc.a(_arm_muldivdf3.o)
 .data          0x020189e4        0x0 c:/devkitpro/devkitarm/bin/../lib/gcc/arm-none-eabi/4.9.2\libgcc.a(_arm_cmpdf2.o)
 .data          0x020189e4        0x0 c:/devkitpro/devkitarm/bin/../lib/gcc/arm-none-eabi/4.9.2\libgcc.a(_arm_fixdfsi.o)
 .data          0x020189e4        0x0 c:/devkitpro/devkitarm/bin/../lib/gcc/arm-none-eabi/4.9.2\libgcc.a(_aeabi_uldivmod.o)
 .data          0x020189e4        0x0 c:/devkitpro/devkitarm/bin/../lib/gcc/arm-none-eabi/4.9.2\libgcc.a(bpabi.o)
 .data          0x020189e4        0x0 c:/devkitpro/devkitarm/bin/../lib/gcc/arm-none-eabi/4.9.2\libgcc.a(_divdi3.o)
 .data          0x020189e4        0x0 c:/devkitpro/devkitarm/bin/../lib/gcc/arm-none-eabi/4.9.2\libgcc.a(_udivdi3.o)
 .data          0x020189e4        0x0 c:/devkitpro/devkitarm/bin/../lib/gcc/arm-none-eabi/4.9.2\libgcc.a(_clzdi2.o)
 .data          0x020189e4        0x0 c:/devkitpro/devkitarm/bin/../lib/gcc/arm-none-eabi/4.9.2\libgcc.a(_clzsi2.o)
 .data          0x020189e4        0x0 c:/devkitpro/devkitarm/bin/../lib/gcc/arm-none-eabi/4.9.2/../../../../arm-none-eabi/lib\libg.a(lib_a-errno.o)
 .data          0x020189e4        0x0 c:/devkitpro/devkitarm/bin/../lib/gcc/arm-none-eabi/4.9.2/../../../../arm-none-eabi/lib\libg.a(lib_a-malloc.o)
 .data          0x020189e4        0x0 c:/devkitpro/devkitarm/bin/../lib/gcc/arm-none-eabi/4.9.2/crtend.o
 .data          0x020189e4        0x0 c:/devkitpro/devkitarm/bin/../lib/gcc/arm-none-eabi/4.9.2/crtn.o
 *(.data.*)
 .data.__wctomb
                0x020189e4        0x4 c:/devkitpro/devkitarm/bin/../lib/gcc/arm-none-eabi/4.9.2/../../../../arm-none-eabi/lib\libg.a(lib_a-wctomb_r.o)
                0x020189e4                __wctomb
 .data.impure_data
                0x020189e8      0x428 c:/devkitpro/devkitarm/bin/../lib/gcc/arm-none-eabi/4.9.2/../../../../arm-none-eabi/lib\libg.a(lib_a-impure.o)
 .data._impure_ptr
                0x02018e10        0x4 c:/devkitpro/devkitarm/bin/../lib/gcc/arm-none-eabi/4.9.2/../../../../arm-none-eabi/lib\libg.a(lib_a-impure.o)
                0x02018e10                _impure_ptr
 .data.lc_message_charset
                0x02018e14       0x20 c:/devkitpro/devkitarm/bin/../lib/gcc/arm-none-eabi/4.9.2/../../../../arm-none-eabi/lib\libg.a(lib_a-locale.o)
 .data.lconv    0x02018e34       0x38 c:/devkitpro/devkitarm/bin/../lib/gcc/arm-none-eabi/4.9.2/../../../../arm-none-eabi/lib\libg.a(lib_a-locale.o)
 .data.current_categories
                0x02018e6c       0xe0 c:/devkitpro/devkitarm/bin/../lib/gcc/arm-none-eabi/4.9.2/../../../../arm-none-eabi/lib\libg.a(lib_a-locale.o)
 .data.lc_ctype_charset
                0x02018f4c       0x20 c:/devkitpro/devkitarm/bin/../lib/gcc/arm-none-eabi/4.9.2/../../../../arm-none-eabi/lib\libg.a(lib_a-locale.o)
 .data.__default_locale
                0x02018f6c       0x20 c:/devkitpro/devkitarm/bin/../lib/gcc/arm-none-eabi/4.9.2/../../../../arm-none-eabi/lib\libg.a(lib_a-locale.o)
                0x02018f6c                __default_locale
 .data.__mb_cur_max
                0x02018f8c        0x4 c:/devkitpro/devkitarm/bin/../lib/gcc/arm-none-eabi/4.9.2/../../../../arm-none-eabi/lib\libg.a(lib_a-locale.o)
                0x02018f8c                __mb_cur_max
 .data.__malloc_av_
                0x02018f90      0x408 c:/devkitpro/devkitarm/bin/../lib/gcc/arm-none-eabi/4.9.2/../../../../arm-none-eabi/lib\libg.a(lib_a-mallocr.o)
                0x02018f90                __malloc_av_
 .data.__malloc_trim_threshold
                0x02019398        0x4 c:/devkitpro/devkitarm/bin/../lib/gcc/arm-none-eabi/4.9.2/../../../../arm-none-eabi/lib\libg.a(lib_a-mallocr.o)
                0x02019398                __malloc_trim_threshold
 .data.__malloc_sbrk_base
                0x0201939c        0x4 c:/devkitpro/devkitarm/bin/../lib/gcc/arm-none-eabi/4.9.2/../../../../arm-none-eabi/lib\libg.a(lib_a-mallocr.o)
                0x0201939c                __malloc_sbrk_base
 .data.__mbtowc
                0x020193a0        0x4 c:/devkitpro/devkitarm/bin/../lib/gcc/arm-none-eabi/4.9.2/../../../../arm-none-eabi/lib\libg.a(lib_a-mbtowc_r.o)
                0x020193a0                __mbtowc
 .data.__ctype_ptr__
                0x020193a4        0x4 c:/devkitpro/devkitarm/bin/../lib/gcc/arm-none-eabi/4.9.2/../../../../arm-none-eabi/lib\libg.a(lib_a-ctype_.o)
                0x020193a4                __ctype_ptr__
 .data.environ  0x020193a8        0x4 c:/devkitpro/devkitarm/bin/../lib/gcc/arm-none-eabi/4.9.2/../../../../arm-none-eabi/lib\libg.a(lib_a-environ.o)
                0x020193a8                environ
 *(.gnu.linkonce.d*)
                0x020193ac                . = ALIGN (0x4)
                0x020193ac                __data_end = ABSOLUTE (.)
                0x020193ac                __dtcm_lma = .
                0x020193ac                __bss_vma = .

.igot.plt       0x020193ac        0x0
 .igot.plt      0x020193ac        0x0 c:/devkitpro/devkitarm/bin/../lib/gcc/arm-none-eabi/4.9.2/../../../../arm-none-eabi/lib/ds_arm9_crt0.o

.tm_clone_table
                0x020193ac        0x0
 .tm_clone_table
                0x020193ac        0x0 c:/devkitpro/devkitarm/bin/../lib/gcc/arm-none-eabi/4.9.2/crtbegin.o
 .tm_clone_table
                0x020193ac        0x0 c:/devkitpro/devkitarm/bin/../lib/gcc/arm-none-eabi/4.9.2/crtend.o

.dtcm           0x0b000000        0x0 load address 0x020193ac
 *(.dtcm)
 *(.dtcm.*)
                0x0b000000                . = ALIGN (0x4)
                0x0b000000                __dtcm_end = ABSOLUTE (.)
                0x020193ac                __itcm_lma = (__dtcm_lma + SIZEOF (.dtcm))

.itcm           0x01000100      0x194 load address 0x020193ac
 *(.itcm)
 .itcm          0x01000100       0xc8 c:/devkitPro/libnds/lib\libnds9.a(interrupts.o)
                0x01000100                irqTable
 .itcm          0x010001c8       0xcc c:/devkitPro/libnds/lib\libnds9.a(interruptDispatcher.o)
                0x010001c8                IntrMain
 *itcm.*(.text)
                0x01000294                . = ALIGN (0x4)
                0x01000294                __itcm_end = ABSOLUTE (.)
                0x02019540                __vectors_lma = (__itcm_lma + SIZEOF (.itcm))

.vectors        0x01000000        0x0 load address 0x02019540
 *(.vectors)
 *vectors.*(.text)
                0x01000000                . = ALIGN (0x4)
                0x01000000                __vectors_end = ABSOLUTE (.)

.sbss           0x0b000000        0x0
                0x0b000000                __sbss_start = ABSOLUTE (.)
                0x0b000000                __sbss_start__ = ABSOLUTE (.)
 *(.sbss)
                0x0b000000                . = ALIGN (0x4)
                0x0b000000                __sbss_end = ABSOLUTE (.)

.bss            0x020193ac      0xdac
                0x020193ac                __bss_start = ABSOLUTE (.)
                0x020193ac                __bss_start__ = ABSOLUTE (.)
 *(.dynbss)
 *(.gnu.linkonce.b*)
 *(.bss*)
 .bss           0x020193ac        0x0 c:/devkitpro/devkitarm/bin/../lib/gcc/arm-none-eabi/4.9.2/../../../../arm-none-eabi/lib/ds_arm9_crt0.o
 .bss           0x020193ac        0x0 c:/devkitpro/devkitarm/bin/../lib/gcc/arm-none-eabi/4.9.2/crti.o
 .bss           0x020193ac       0x1c c:/devkitpro/devkitarm/bin/../lib/gcc/arm-none-eabi/4.9.2/crtbegin.o
 .bss           0x020193c8        0x0 gfx_ball.o
 .bss           0x020193c8        0x0 gfx_brick.o
 .bss           0x020193c8        0x0 gfx_gradient.o
 .bss           0x020193c8        0x0 main.o
 .bss           0x020193c8        0x0 c:/devkitPro/libnds/lib\libnds9.a(initSystem.o)
 .bss           0x020193c8        0x8 c:/devkitPro/libnds/lib\libnds9.a(fifosystem.o)
                0x020193cc                processing
 .bss           0x020193d0        0x0 c:/devkitPro/libnds/lib\libnds9.a(libnds_exit.arm.o)
 .bss           0x020193d0        0x0 c:/devkitPro/libnds/lib\libnds9.a(interrupts.o)
 .bss           0x020193d0        0x0 c:/devkitPro/libnds/lib\libnds9.a(mpu_setup.o)
 .bss           0x020193d0        0x0 c:/devkitPro/libnds/lib\libnds9.a(swiSoftReset.o)
 .bss           0x020193d0        0x0 c:/devkitPro/libnds/lib\libnds9.a(biosCalls.o)
 .bss           0x020193d0        0x0 c:/devkitPro/libnds/lib\libnds9.a(interruptDispatcher.o)
 .bss           0x020193d0        0x4 c:/devkitPro/libnds/lib\libnds9.a(system.o)
 .bss           0x020193d4        0x0 c:/devkitPro/libnds/lib\libnds9.a(video.o)
 .bss           0x020193d4        0x0 c:/devkitPro/libnds/lib\libnds9.a(timeSupport.o)
 .bss           0x020193d4        0x0 c:/devkitpro/devkitarm/bin/../lib/gcc/arm-none-eabi/4.9.2/../../../../arm-none-eabi/lib\libg.a(lib_a-init.o)
 .bss           0x020193d4        0x0 c:/devkitpro/devkitarm/bin/../lib/gcc/arm-none-eabi/4.9.2/../../../../arm-none-eabi/lib\libg.a(lib_a-memcpy.o)
 .bss           0x020193d4        0x0 c:/devkitpro/devkitarm/bin/../lib/gcc/arm-none-eabi/4.9.2/../../../../arm-none-eabi/lib\libg.a(lib_a-memset.o)
 .bss           0x020193d4        0x0 c:/devkitpro/devkitarm/bin/../lib/gcc/arm-none-eabi/4.9.2/../../../../arm-none-eabi/lib\libg.a(lib_a-printf.o)
 .bss           0x020193d4        0x0 c:/devkitpro/devkitarm/bin/../lib/gcc/arm-none-eabi/4.9.2/../../../../arm-none-eabi/lib\libg.a(lib_a-vfprintf.o)
 .bss           0x020193d4        0x0 c:/devkitpro/devkitarm/bin/../lib/gcc/arm-none-eabi/4.9.2/../../../../arm-none-eabi/lib\libg.a(lib_a-wcrtomb.o)
 .bss           0x020193d4        0x0 c:/devkitpro/devkitarm/bin/../lib/gcc/arm-none-eabi/4.9.2/../../../../arm-none-eabi/lib\libg.a(lib_a-wcsrtombs.o)
 .bss           0x020193d4        0x0 c:/devkitpro/devkitarm/bin/../lib/gcc/arm-none-eabi/4.9.2/../../../../arm-none-eabi/lib\libg.a(lib_a-wctomb_r.o)
 .bss           0x020193d4        0x0 c:/devkitpro/devkitarm/bin/../lib/gcc/arm-none-eabi/4.9.2/../../../../arm-none-eabi/lib\libg.a(lib_a-wsetup.o)
 .bss           0x020193d4        0x0 c:/devkitpro/devkitarm/bin/../lib/gcc/arm-none-eabi/4.9.2/../../../../arm-none-eabi/lib\libg.a(lib_a-dtoa.o)
 .bss           0x020193d4        0x0 c:/devkitpro/devkitarm/bin/../lib/gcc/arm-none-eabi/4.9.2/../../../../arm-none-eabi/lib\libg.a(lib_a-fflush.o)
 .bss           0x020193d4        0x0 c:/devkitpro/devkitarm/bin/../lib/gcc/arm-none-eabi/4.9.2/../../../../arm-none-eabi/lib\libg.a(lib_a-findfp.o)
 .bss           0x020193d4        0x0 c:/devkitpro/devkitarm/bin/../lib/gcc/arm-none-eabi/4.9.2/../../../../arm-none-eabi/lib\libg.a(lib_a-freer.o)
 .bss           0x020193d4        0x0 c:/devkitpro/devkitarm/bin/../lib/gcc/arm-none-eabi/4.9.2/../../../../arm-none-eabi/lib\libg.a(lib_a-fwalk.o)
 .bss           0x020193d4        0x0 c:/devkitpro/devkitarm/bin/../lib/gcc/arm-none-eabi/4.9.2/../../../../arm-none-eabi/lib\libg.a(lib_a-impure.o)
 .bss           0x020193d4        0x0 c:/devkitpro/devkitarm/bin/../lib/gcc/arm-none-eabi/4.9.2/../../../../arm-none-eabi/lib\libg.a(lib_a-locale.o)
 .bss._PathLocale
                0x020193d4        0x4 c:/devkitpro/devkitarm/bin/../lib/gcc/arm-none-eabi/4.9.2/../../../../arm-none-eabi/lib\libg.a(lib_a-locale.o)
                0x020193d4                _PathLocale
 .bss.__nlocale_changed
                0x020193d8        0x4 c:/devkitpro/devkitarm/bin/../lib/gcc/arm-none-eabi/4.9.2/../../../../arm-none-eabi/lib\libg.a(lib_a-locale.o)
                0x020193d8                __nlocale_changed
 .bss.__mlocale_changed
                0x020193dc        0x4 c:/devkitpro/devkitarm/bin/../lib/gcc/arm-none-eabi/4.9.2/../../../../arm-none-eabi/lib\libg.a(lib_a-locale.o)
                0x020193dc                __mlocale_changed
 .bss.lc_ctype_cjk_lang
                0x020193e0        0x4 c:/devkitpro/devkitarm/bin/../lib/gcc/arm-none-eabi/4.9.2/../../../../arm-none-eabi/lib\libg.a(lib_a-locale.o)
 .bss.new_categories
                0x020193e4       0xe0 c:/devkitpro/devkitarm/bin/../lib/gcc/arm-none-eabi/4.9.2/../../../../arm-none-eabi/lib\libg.a(lib_a-locale.o)
 .bss.current_locale_string
                0x020194c4       0xe8 c:/devkitpro/devkitarm/bin/../lib/gcc/arm-none-eabi/4.9.2/../../../../arm-none-eabi/lib\libg.a(lib_a-locale.o)
 .bss.saved_categories
                0x020195ac       0xe0 c:/devkitpro/devkitarm/bin/../lib/gcc/arm-none-eabi/4.9.2/../../../../arm-none-eabi/lib\libg.a(lib_a-locale.o)
 .bss           0x0201968c        0x0 c:/devkitpro/devkitarm/bin/../lib/gcc/arm-none-eabi/4.9.2/../../../../arm-none-eabi/lib\libg.a(lib_a-makebuf.o)
 .bss           0x0201968c        0x0 c:/devkitpro/devkitarm/bin/../lib/gcc/arm-none-eabi/4.9.2/../../../../arm-none-eabi/lib\libg.a(lib_a-mallocr.o)
 .bss.__malloc_max_total_mem
                0x0201968c        0x4 c:/devkitpro/devkitarm/bin/../lib/gcc/arm-none-eabi/4.9.2/../../../../arm-none-eabi/lib\libg.a(lib_a-mallocr.o)
                0x0201968c                __malloc_max_total_mem
 .bss.__malloc_max_sbrked_mem
                0x02019690        0x4 c:/devkitpro/devkitarm/bin/../lib/gcc/arm-none-eabi/4.9.2/../../../../arm-none-eabi/lib\libg.a(lib_a-mallocr.o)
                0x02019690                __malloc_max_sbrked_mem
 .bss.__malloc_top_pad
                0x02019694        0x4 c:/devkitpro/devkitarm/bin/../lib/gcc/arm-none-eabi/4.9.2/../../../../arm-none-eabi/lib\libg.a(lib_a-mallocr.o)
                0x02019694                __malloc_top_pad
 .bss.__malloc_current_mallinfo
                0x02019698       0x28 c:/devkitpro/devkitarm/bin/../lib/gcc/arm-none-eabi/4.9.2/../../../../arm-none-eabi/lib\libg.a(lib_a-mallocr.o)
                0x02019698                __malloc_current_mallinfo
 .bss           0x020196c0        0x0 c:/devkitpro/devkitarm/bin/../lib/gcc/arm-none-eabi/4.9.2/../../../../arm-none-eabi/lib\libg.a(lib_a-mbtowc_r.o)
 .bss           0x020196c0        0x0 c:/devkitpro/devkitarm/bin/../lib/gcc/arm-none-eabi/4.9.2/../../../../arm-none-eabi/lib\libg.a(lib_a-memchr.o)
 .bss           0x020196c0        0x0 c:/devkitpro/devkitarm/bin/../lib/gcc/arm-none-eabi/4.9.2/../../../../arm-none-eabi/lib\libg.a(lib_a-mlock.o)
 .bss           0x020196c0        0x0 c:/devkitpro/devkitarm/bin/../lib/gcc/arm-none-eabi/4.9.2/../../../../arm-none-eabi/lib\libg.a(lib_a-mprec.o)
 .bss           0x020196c0        0x0 c:/devkitpro/devkitarm/bin/../lib/gcc/arm-none-eabi/4.9.2/../../../../arm-none-eabi/lib\libg.a(lib_a-s_fpclassify.o)
 .bss           0x020196c0        0x0 c:/devkitpro/devkitarm/bin/../lib/gcc/arm-none-eabi/4.9.2/../../../../arm-none-eabi/lib\libg.a(lib_a-s_frexp.o)
 .bss           0x020196c0        0x0 c:/devkitpro/devkitarm/bin/../lib/gcc/arm-none-eabi/4.9.2/../../../../arm-none-eabi/lib\libg.a(lib_a-stdio.o)
 .bss           0x020196c0        0x0 c:/devkitpro/devkitarm/bin/../lib/gcc/arm-none-eabi/4.9.2/../../../../arm-none-eabi/lib\libg.a(lib_a-strcasecmp.o)
 .bss           0x020196c0        0x0 c:/devkitpro/devkitarm/bin/../lib/gcc/arm-none-eabi/4.9.2/../../../../arm-none-eabi/lib\libg.a(lib_a-strcat.o)
 .bss           0x020196c0        0x0 c:/devkitpro/devkitarm/bin/../lib/gcc/arm-none-eabi/4.9.2/../../../../arm-none-eabi/lib\libg.a(lib_a-strchr.o)
 .bss           0x020196c0        0x0 c:/devkitpro/devkitarm/bin/../lib/gcc/arm-none-eabi/4.9.2/../../../../arm-none-eabi/lib\libg.a(lib_a-strcmp.o)
 .bss           0x020196c0        0x0 c:/devkitpro/devkitarm/bin/../lib/gcc/arm-none-eabi/4.9.2/../../../../arm-none-eabi/lib\libg.a(lib_a-strcpy.o)
 .bss           0x020196c0        0x0 c:/devkitpro/devkitarm/bin/../lib/gcc/arm-none-eabi/4.9.2/../../../../arm-none-eabi/lib\libg.a(lib_a-strlcpy.o)
 .bss           0x020196c0        0x0 c:/devkitpro/devkitarm/bin/../lib/gcc/arm-none-eabi/4.9.2/../../../../arm-none-eabi/lib\libg.a(lib_a-strlen.o)
 .bss           0x020196c0        0x0 c:/devkitpro/devkitarm/bin/../lib/gcc/arm-none-eabi/4.9.2/../../../../arm-none-eabi/lib\libg.a(lib_a-strncasecmp.o)
 .bss           0x020196c0        0x0 c:/devkitpro/devkitarm/bin/../lib/gcc/arm-none-eabi/4.9.2/../../../../arm-none-eabi/lib\libg.a(lib_a-strncmp.o)
 .bss           0x020196c0        0x0 c:/devkitpro/devkitarm/bin/../lib/gcc/arm-none-eabi/4.9.2/../../../../arm-none-eabi/lib\libg.a(lib_a-strncpy.o)
 .bss           0x020196c0        0x0 c:/devkitpro/devkitarm/bin/../lib/gcc/arm-none-eabi/4.9.2/../../../../arm-none-eabi/lib\libg.a(lib_a-strtol.o)
 .bss           0x020196c0        0x0 c:/devkitpro/devkitarm/bin/../lib/gcc/arm-none-eabi/4.9.2/../../../../arm-none-eabi/lib\libg.a(lib_a-svfiprintf.o)
 .bss           0x020196c0        0x0 c:/devkitpro/devkitarm/bin/../lib/gcc/arm-none-eabi/4.9.2/../../../../arm-none-eabi/lib\libg.a(lib_a-vfiprintf.o)
 .bss           0x020196c0        0x0 c:/devkitpro/devkitarm/bin/../lib/gcc/arm-none-eabi/4.9.2/../../../../arm-none-eabi/lib\libg.a(lib_a-wcsnrtombs.o)
 .bss           0x020196c0        0x0 c:/devkitpro/devkitarm/bin/../lib/gcc/arm-none-eabi/4.9.2/../../../../arm-none-eabi/lib\libg.a(lib_a-callocr.o)
 .bss           0x020196c0        0x0 c:/devkitpro/devkitarm/bin/../lib/gcc/arm-none-eabi/4.9.2/../../../../arm-none-eabi/lib\libg.a(lib_a-ctype_.o)
 .bss           0x020196c0        0x0 c:/devkitpro/devkitarm/bin/../lib/gcc/arm-none-eabi/4.9.2/../../../../arm-none-eabi/lib\libg.a(lib_a-fclose.o)
 .bss           0x020196c0        0x0 c:/devkitpro/devkitarm/bin/../lib/gcc/arm-none-eabi/4.9.2/../../../../arm-none-eabi/lib\libg.a(lib_a-fputwc.o)
 .bss           0x020196c0        0x0 c:/devkitpro/devkitarm/bin/../lib/gcc/arm-none-eabi/4.9.2/../../../../arm-none-eabi/lib\libg.a(lib_a-fvwrite.o)
 .bss           0x020196c0        0x0 c:/devkitpro/devkitarm/bin/../lib/gcc/arm-none-eabi/4.9.2/../../../../arm-none-eabi/lib\libg.a(lib_a-getenv_r.o)
 .bss           0x020196c0        0x0 c:/devkitpro/devkitarm/bin/../lib/gcc/arm-none-eabi/4.9.2/../../../../arm-none-eabi/lib\libg.a(lib_a-memmove.o)
 .bss           0x020196c0        0x0 c:/devkitpro/devkitarm/bin/../lib/gcc/arm-none-eabi/4.9.2/../../../../arm-none-eabi/lib\libg.a(lib_a-reallocr.o)
 .bss           0x020196c0        0x0 c:/devkitpro/devkitarm/bin/../lib/gcc/arm-none-eabi/4.9.2/../../../../arm-none-eabi/lib\libg.a(lib_a-wbuf.o)
 .bss           0x020196c0        0x0 c:/devkitpro/devkitarm/bin/../lib/gcc/arm-none-eabi/4.9.2/../../../../arm-none-eabi/lib\libg.a(lib_a-environ.o)
 .bss.initial_env
                0x020196c0        0x4 c:/devkitpro/devkitarm/bin/../lib/gcc/arm-none-eabi/4.9.2/../../../../arm-none-eabi/lib\libg.a(lib_a-environ.o)
 .bss           0x020196c4        0x0 c:/devkitpro/devkitarm/bin/../lib/gcc/arm-none-eabi/4.9.2/../../../../arm-none-eabi/lib\libg.a(lib_a-envlock.o)
 .bss           0x020196c4        0x0 c:/devkitpro/devkitarm/bin/../lib/gcc/arm-none-eabi/4.9.2/../../../../arm-none-eabi/lib\libsysbase.a(close.o)
 .bss           0x020196c4        0x0 c:/devkitpro/devkitarm/bin/../lib/gcc/arm-none-eabi/4.9.2/../../../../arm-none-eabi/lib\libsysbase.a(fstat.o)
 .bss           0x020196c4        0x0 c:/devkitpro/devkitarm/bin/../lib/gcc/arm-none-eabi/4.9.2/../../../../arm-none-eabi/lib\libsysbase.a(isatty.o)
 .bss           0x020196c4        0x0 c:/devkitpro/devkitarm/bin/../lib/gcc/arm-none-eabi/4.9.2/../../../../arm-none-eabi/lib\libsysbase.a(lseek.o)
 .bss           0x020196c4        0x0 c:/devkitpro/devkitarm/bin/../lib/gcc/arm-none-eabi/4.9.2/../../../../arm-none-eabi/lib\libsysbase.a(read.o)
 .bss           0x020196c4        0x4 c:/devkitpro/devkitarm/bin/../lib/gcc/arm-none-eabi/4.9.2/../../../../arm-none-eabi/lib\libsysbase.a(sbrk.o)
 .bss           0x020196c8        0x0 c:/devkitpro/devkitarm/bin/../lib/gcc/arm-none-eabi/4.9.2/../../../../arm-none-eabi/lib\libsysbase.a(write.o)
 .bss           0x020196c8        0x8 c:/devkitpro/devkitarm/bin/../lib/gcc/arm-none-eabi/4.9.2/../../../../arm-none-eabi/lib\libsysbase.a(malloc_vars.o)
                0x020196c8                fake_heap_start
                0x020196cc                fake_heap_end
 .bss           0x020196d0        0x0 c:/devkitpro/devkitarm/bin/../lib/gcc/arm-none-eabi/4.9.2/../../../../arm-none-eabi/lib\libsysbase.a(build_argv.o)
 .bss           0x020196d0        0x0 c:/devkitpro/devkitarm/bin/../lib/gcc/arm-none-eabi/4.9.2/../../../../arm-none-eabi/lib\libsysbase.a(flock.o)
 .bss           0x020196d0       0x40 c:/devkitpro/devkitarm/bin/../lib/gcc/arm-none-eabi/4.9.2/../../../../arm-none-eabi/lib\libsysbase.a(syscall_support.o)
                0x020196d0                __syscalls
 .bss           0x02019710        0x0 c:/devkitpro/devkitarm/bin/../lib/gcc/arm-none-eabi/4.9.2/../../../../arm-none-eabi/lib\libsysbase.a(handle_manager.o)
 .bss           0x02019710        0x0 c:/devkitpro/devkitarm/bin/../lib/gcc/arm-none-eabi/4.9.2/../../../../arm-none-eabi/lib\libsysbase.a(getreent.o)
 .bss           0x02019710        0x0 c:/devkitpro/devkitarm/bin/../lib/gcc/arm-none-eabi/4.9.2/../../../../arm-none-eabi/lib\libsysbase.a(iosupport.o)
 .bss           0x02019710        0x0 c:/devkitpro/devkitarm/bin/../lib/gcc/arm-none-eabi/4.9.2\libgcc.a(_udivsi3.o)
 .bss           0x02019710        0x0 c:/devkitpro/devkitarm/bin/../lib/gcc/arm-none-eabi/4.9.2\libgcc.a(_divsi3.o)
 .bss           0x02019710        0x0 c:/devkitpro/devkitarm/bin/../lib/gcc/arm-none-eabi/4.9.2\libgcc.a(_dvmd_tls.o)