Archive member included to satisfy reference by file (symbol)

c:/devkitPro/libnds/lib\libnds9.a(initSystem.o)
                              c:/devkitpro/devkitarm/bin/../lib/gcc/arm-none-eabi/4.9.2/../../../../arm-none-eabi/lib/ds_arm9_crt0.o (initSystem)
c:/devkitPro/libnds/lib\libnds9.a(fifosystem.o)
                              c:/devkitPro/libnds/lib\libnds9.a(initSystem.o) (fifoSetValue32Handler)
c:/devkitPro/libnds/lib\libnds9.a(libnds_exit.arm.o)
                              c:/devkitpro/devkitarm/bin/../lib/gcc/arm-none-eabi/4.9.2/../../../../arm-none-eabi/lib/ds_arm9_crt0.o (__libnds_exit)
c:/devkitPro/libnds/lib\libnds9.a(interrupts.o)
                              c:/devkitPro/libnds/lib\libnds9.a(fifosystem.o) (irqSet)
c:/devkitPro/libnds/lib\libnds9.a(mpu_setup.o)
                              c:/devkitpro/devkitarm/bin/../lib/gcc/arm-none-eabi/4.9.2/../../../../arm-none-eabi/lib/ds_arm9_crt0.o (__libnds_mpu_setup)
c:/devkitPro/libnds/lib\libnds9.a(swiSoftReset.o)
                              c:/devkitPro/libnds/lib\libnds9.a(fifosystem.o) (swiSoftReset)
c:/devkitPro/libnds/lib\libnds9.a(biosCalls.o)
                              c:/devkitPro/libnds/lib\libnds9.a(fifosystem.o) (swiIntrWait)
c:/devkitPro/libnds/lib\libnds9.a(interruptDispatcher.o)
                              c:/devkitPro/libnds/lib\libnds9.a(interrupts.o) (IntrMain)
c:/devkitPro/libnds/lib\libnds9.a(system.o)
                              c:/devkitPro/libnds/lib\libnds9.a(initSystem.o) (systemMsgHandler)
c:/devkitPro/libnds/lib\libnds9.a(video.o)
                              c:/devkitPro/libnds/lib\libnds9.a(initSystem.o) (vramDefault)
c:/devkitPro/libnds/lib\libnds9.a(timeSupport.o)
                              c:/devkitPro/libnds/lib\libnds9.a(initSystem.o) (__libnds_gtod)
c:/devkitpro/devkitarm/bin/../lib/gcc/arm-none-eabi/4.9.2/../../../../arm-none-eabi/lib\libg.a(lib_a-init.o)
                              c:/devkitpro/devkitarm/bin/../lib/gcc/arm-none-eabi/4.9.2/../../../../arm-none-eabi/lib/ds_arm9_crt0.o (__libc_init_array)
c:/devkitpro/devkitarm/bin/../lib/gcc/arm-none-eabi/4.9.2/../../../../arm-none-eabi/lib\libg.a(lib_a-memcpy.o)
                              c:/devkitPro/libnds/lib\libnds9.a(fifosystem.o) (memcpy)
c:/devkitpro/devkitarm/bin/../lib/gcc/arm-none-eabi/4.9.2/../../../../arm-none-eabi/lib\libg.a(lib_a-memset.o)
                              main.o (memset)
c:/devkitpro/devkitarm/bin/../lib/gcc/arm-none-eabi/4.9.2/../../../../arm-none-eabi/lib\libg.a(lib_a-printf.o)
                              main.o (printf)
c:/devkitpro/devkitarm/bin/../lib/gcc/arm-none-eabi/4.9.2/../../../../arm-none-eabi/lib\libg.a(lib_a-vfprintf.o)
                              c:/devkitpro/devkitarm/bin/../lib/gcc/arm-none-eabi/4.9.2/../../../../arm-none-eabi/lib\libg.a(lib_a-printf.o) (_vfprintf_r)
c:/devkitpro/devkitarm/bin/../lib/gcc/arm-none-eabi/4.9.2/../../../../arm-none-eabi/lib\libg.a(lib_a-wcrtomb.o)
                              c:/devkitpro/devkitarm/bin/../lib/gcc/arm-none-eabi/4.9.2/../../../../arm-none-eabi/lib\libg.a(lib_a-vfprintf.o) (_wcrtomb_r)
c:/devkitpro/devkitarm/bin/../lib/gcc/arm-none-eabi/4.9.2/../../../../arm-none-eabi/lib\libg.a(lib_a-wcsrtombs.o)
                              c:/devkitpro/devkitarm/bin/../lib/gcc/arm-none-eabi/4.9.2/../../../../arm-none-eabi/lib\libg.a(lib_a-vfprintf.o) (_wcsrtombs_r)
c:/devkitpro/devkitarm/bin/../lib/gcc/arm-none-eabi/4.9.2/../../../../arm-none-eabi/lib\libg.a(lib_a-wctomb_r.o)
                              c:/devkitpro/devkitarm/bin/../lib/gcc/arm-none-eabi/4.9.2/../../../../arm-none-eabi/lib\libg.a(lib_a-wcrtomb.o) (__wctomb)
c:/devkitpro/devkitarm/bin/../lib/gcc/arm-none-eabi/4.9.2/../../../../arm-none-eabi/lib\libg.a(lib_a-wsetup.o)
                              c:/devkitpro/devkitarm/bin/../lib/gcc/arm-none-eabi/4.9.2/../../../../arm-none-eabi/lib\libg.a(lib_a-vfprintf.o) (__swsetup_r)
c:/devkitpro/devkitarm/bin/../lib/gcc/arm-none-eabi/4.9.2/../../../../arm-none-eabi/lib\libg.a(lib_a-dtoa.o)
                              c:/devkitpro/devkitarm/bin/../lib/gcc/arm-none-eabi/4.9.2/../../../../arm-none-eabi/lib\libg.a(lib_a-vfprintf.o) (_dtoa_r)
c:/devkitpro/devkitarm/bin/../lib/gcc/arm-none-eabi/4.9.2/../../../../arm-none-eabi/lib\libg.a(lib_a-fflush.o)
                              c:/devkitpro/devkitarm/bin/../lib/gcc/arm-none-eabi/4.9.2/../../../../arm-none-eabi/lib\libg.a(lib_a-vfprintf.o) (_fflush_r)
c:/devkitpro/devkitarm/bin/../lib/gcc/arm-none-eabi/4.9.2/../../../../arm-none-eabi/lib\libg.a(lib_a-findfp.o)
                              c:/devkitpro/devkitarm/bin/../lib/gcc/arm-none-eabi/4.9.2/../../../../arm-none-eabi/lib\libg.a(lib_a-vfprintf.o) (__sinit)
c:/devkitpro/devkitarm/bin/../lib/gcc/arm-none-eabi/4.9.2/../../../../arm-none-eabi/lib\libg.a(lib_a-freer.o)
                              c:/devkitpro/devkitarm/bin/../lib/gcc/arm-none-eabi/4.9.2/../../../../arm-none-eabi/lib\libg.a(lib_a-vfprintf.o) (_free_r)
[...]
Memory Configuration

Name             Origin             Length             Attributes
rom              0x08000000         0x02000000
ewram            0x02000000         0x003ff000
dtcm             0x0b000000         0x00004000
vectors          0x01000000         0x00000100
itcm             0x01000100         0x00007f00
*default*        0x00000000         0xffffffff

Linker script and memory map

                0x01000000                __vectors_start = ORIGIN (vectors)
                0x01000100                __itcm_start = ORIGIN (itcm)
                0x023ff000                __ewram_end = (ORIGIN (ewram) + 0x3ff000)
                0x023ff000                __eheap_end = (ORIGIN (ewram) + 0x3ff000)
                0x0b000000                __dtcm_start = ORIGIN (dtcm)
                0x0b004000                __dtcm_top = (ORIGIN (dtcm) + 0x4000)
                0x0b003ff8                __irq_flags = (__dtcm_top - 0x8)
                0x0b003ffc                __irq_vector = (__dtcm_top - 0x4)
                0x0b003f00                __sp_svc = (__dtcm_top - 0x100)
                0x0b003e00                __sp_irq = (__sp_svc - 0x100)
                0x0b003d00                __sp_usr = (__sp_irq - 0x100)

.init           0x02000000      0x248
                0x02000000                __text_start = .
 *(.init)
 .init          0x02000000      0x230 c:/devkitpro/devkitarm/bin/../lib/gcc/arm-none-eabi/4.9.2/../../../../arm-none-eabi/lib/ds_arm9_crt0.o
                0x02000000                _start
 .init          0x02000230        0xc c:/devkitpro/devkitarm/bin/../lib/gcc/arm-none-eabi/4.9.2/crti.o
                0x02000230                _init
 .init          0x0200023c        0xc c:/devkitpro/devkitarm/bin/../lib/gcc/arm-none-eabi/4.9.2/crtn.o
                0x02000248                . = ALIGN (0x4)

.plt
 *(.plt)

.text           0x02000250    0x16fe8
 *(EXCLUDE_FILE(*.itcm*) .text)
 .text          0x02000250        0x0 c:/devkitpro/devkitarm/bin/../lib/gcc/arm-none-eabi/4.9.2/../../../../arm-none-eabi/lib/ds_arm9_crt0.o
 .text          0x02000250        0x0 c:/devkitpro/devkitarm/bin/../lib/gcc/arm-none-eabi/4.9.2/crti.o
 .text          0x02000250      0x108 c:/devkitpro/devkitarm/bin/../lib/gcc/arm-none-eabi/4.9.2/crtbegin.o
 .text          0x02000358        0x0 gfx_ball.o
 .text          0x02000358        0x0 gfx_brick.o
 .text          0x02000358        0x0 gfx_gradient.o
 .text          0x02000358      0x108 ball.o
                0x02000358                clampint
                0x0200036c                ballUpdate
                0x020003e8                ballRender
 .text          0x02000460      0x34c main.o
                0x02000460                setupInterruptions
                0x02000474                setupGraphics
                0x0200075c                resetBall
                0x0200078c                updateLogic
                0x02000798                updateGraphics
 .text          0x020007ac      0x14c c:/devkitPro/libnds/lib\libnds9.a(initSystem.o)
                0x020007ac                initSystem
 .text          0x020008f8      0xcb8 c:/devkitPro/libnds/lib\libnds9.a(fifosystem.o)
                0x02000bbc                fifoSetValue32Handler
                0x02000c30                fifoSendAddress
                0x02000c5c                fifoSendValue32
                0x02000c98                fifoSendDatamsg
                0x02000d0c                fifoGetAddress
                0x02000d78                fifoSetAddressHandler
                0x02000dec                fifoGetValue32
                0x02000e00                fifoGetDatamsg
                0x020012b4                fifoSetDatamsgHandler
                0x02001348                fifoCheckAddress
                0x0200136c                fifoCheckDatamsg
                0x02001390                fifoCheckDatamsgLength
                0x020013c0                fifoCheckValue32
                0x020013e4                fifoInit
 .text          0x020015b0       0x5c c:/devkitPro/libnds/lib\libnds9.a(libnds_exit.arm.o)
                0x020015b0                systemErrorExit
                0x020015b4                __libnds_exit
 .text          0x0200160c      0x1ec c:/devkitPro/libnds/lib\libnds9.a(interrupts.o)
                0x0200160c                irqDummy
                0x02001610                irqSet
                0x0200167c                irqInit
                0x020016c8                irqInitHandler
                0x020016f8                irqEnable
                0x0200175c                irqDisable
                0x020017c0                irqClear
 .text          0x020017f8      0x1b4 c:/devkitPro/libnds/lib\libnds9.a(mpu_setup.o)
                0x020017f8                __libnds_mpu_setup
                0x02001938                memCached
                0x02001950                memUncached
 *fill*         0x020019ac        0x4 ff
 .text          0x020019b0       0x30 c:/devkitPro/libnds/lib\libnds9.a(swiSoftReset.o)
                0x020019b0                swiSoftReset
 .text          0x020019e0       0x70 c:/devkitPro/libnds/lib\libnds9.a(biosCalls.o)
                0x020019e0                swiDelay
                0x020019e4                swiIntrWait
                0x020019e8                swiWaitForVBlank
                0x020019ec                swiSleep
                0x020019f0                swiChangeSoundBias
                0x020019f4                swiDivide
                0x020019f8                swiRemainder
                0x020019fe                swiDivMod
                0x02001a0a                swiCopy
                0x02001a0e                swiFastCopy
                0x02001a12                swiSqrt
                0x02001a16                swiCRC16
                0x02001a1a                swiIsDebugger
                0x02001a1e                swiUnpackBits
                0x02001a22                swiDecompressLZSSWram
                0x02001a26                swiDecompressLZSSVramNTR
                0x02001a2a                swiDecompressLZSSVramTWL
                0x02001a2e                swiDecompressHuffman
                0x02001a32                swiDecompressRLEWram
                0x02001a36                swiDecompressRLEVram
                0x02001a3a                swiWaitForIRQ
                0x02001a3e                swiDecodeDelta8
                0x02001a42                swiDecodeDelta16
                0x02001a46                swiSetHaltCR
 .text          0x02001a50        0x0 c:/devkitPro/libnds/lib\libnds9.a(interruptDispatcher.o)
 .text          0x02001a50      0x134 c:/devkitPro/libnds/lib\libnds9.a(system.o)
                0x02001a50                setSDcallback
                0x02001a5c                systemMsgHandler
                0x02001aac                systemSleep
                0x02001ac4                systemValueHandler
                0x02001b00                powerOn
                0x02001b2c                powerOff
                0x02001b54                ledBlink
                0x02001b64                getBatteryLevel
 .text          0x02001b84      0x1f8 c:/devkitPro/libnds/lib\libnds9.a(video.o)
                0x02001b84                vramSetPrimaryBanks
                0x02001bc8                vramSetMainBanks
                0x02001c0c                vramSetBanks_EFG
                0x02001c44                vramRestorePrimaryBanks
                0x02001c50                vramRestoreMainBanks
                0x02001c5c                vramRestoreBanks_EFG
                0x02001c68                setBrightness
                0x02001ca8                vramDefault
 .text          0x02001d7c       0x24 c:/devkitPro/libnds/lib\libnds9.a(timeSupport.o)
                0x02001d7c                __libnds_gtod
 .text          0x02001da0        0x0 c:/devkitpro/devkitarm/bin/../lib/gcc/arm-none-eabi/4.9.2/../../../../arm-none-eabi/lib\libg.a(lib_a-init.o)
 .text          0x02001da0        0x0 c:/devkitpro/devkitarm/bin/../lib/gcc/arm-none-eabi/4.9.2/../../../../arm-none-eabi/lib\libg.a(lib_a-memcpy.o)
 .text          0x02001da0        0x0 c:/devkitpro/devkitarm/bin/../lib/gcc/arm-none-eabi/4.9.2/../../../../arm-none-eabi/lib\libg.a(lib_a-memset.o)
 .text          0x02001da0        0x0 c:/devkitpro/devkitarm/bin/../lib/gcc/arm-none-eabi/4.9.2/../../../../arm-none-eabi/lib\libg.a(lib_a-printf.o)
 .text          0x02001da0        0x0 c:/devkitpro/devkitarm/bin/../lib/gcc/arm-none-eabi/4.9.2/../../../../arm-none-eabi/lib\libg.a(lib_a-vfprintf.o)
 .text          0x02001da0        0x0 c:/devkitpro/devkitarm/bin/../lib/gcc/arm-none-eabi/4.9.2/../../../../arm-none-eabi/lib\libg.a(lib_a-wcrtomb.o)
 .text          0x02001da0        0x0 c:/devkitpro/devkitarm/bin/../lib/gcc/arm-none-eabi/4.9.2/../../../../arm-none-eabi/lib\libg.a(lib_a-wcsrtombs.o)
 .text          0x02001da0        0x0 c:/devkitpro/devkitarm/bin/../lib/gcc/arm-none-eabi/4.9.2/../../../../arm-none-eabi/lib\libg.a(lib_a-wctomb_r.o)
 .text          0x02001da0        0x0 c:/devkitpro/devkitarm/bin/../lib/gcc/arm-none-eabi/4.9.2/../../../../arm-none-eabi/lib\libg.a(lib_a-wsetup.o)
 .text          0x02001da0        0x0 c:/devkitpro/devkitarm/bin/../lib/gcc/arm-none-eabi/4.9.2/../../../../arm-none-eabi/lib\libg.a(lib_a-dtoa.o)
 .text          0x02001da0        0x0 c:/devkitpro/devkitarm/bin/../lib/gcc/arm-none-eabi/4.9.2/../../../../arm-none-eabi/lib\libg.a(lib_a-fflush.o)
 .text          0x02001da0        0x0 c:/devkitpro/devkitarm/bin/../lib/gcc/arm-none-eabi/4.9.2/../../../../arm-none-eabi/lib\libg.a(lib_a-findfp.o)
 .text          0x02001da0        0x0 c:/devkitpro/devkitarm/bin/../lib/gcc/arm-none-eabi/4.9.2/../../../../arm-none-eabi/lib\libg.a(lib_a-freer.o)
 .text          0x02001da0        0x0 c:/devkitpro/devkitarm/bin/../lib/gcc/arm-none-eabi/4.9.2/../../../../arm-none-eabi/lib\libg.a(lib_a-fwalk.o)
 .text          0x02001da0        0x0 c:/devkitpro/devkitarm/bin/../lib/gcc/arm-none-eabi/4.9.2/../../../../arm-none-eabi/lib\libg.a(lib_a-impure.o)
 .text          0x02001da0        0x0 c:/devkitpro/devkitarm/bin/../lib/gcc/arm-none-eabi/4.9.2/../../../../arm-none-eabi/lib\libg.a(lib_a-locale.o)
 .text          0x02001da0        0x0 c:/devkitpro/devkitarm/bin/../lib/gcc/arm-none-eabi/4.9.2/../../../../arm-none-eabi/lib\libg.a(lib_a-makebuf.o)
 .text          0x02001da0        0x0 c:/devkitpro/devkitarm/bin/../lib/gcc/arm-none-eabi/4.9.2/../../../../arm-none-eabi/lib\libg.a(lib_a-mallocr.o)
 .text          0x02001da0        0x0 c:/devkitpro/devkitarm/bin/../lib/gcc/arm-none-eabi/4.9.2/../../../../arm-none-eabi/lib\libg.a(lib_a-mbtowc_r.o)
 .text          0x02001da0        0x0 c:/devkitpro/devkitarm/bin/../lib/gcc/arm-none-eabi/4.9.2/../../../../arm-none-eabi/lib\libg.a(lib_a-memchr.o)
 .text          0x02001da0        0x0 c:/devkitpro/devkitarm/bin/../lib/gcc/arm-none-eabi/4.9.2/../../../../arm-none-eabi/lib\libg.a(lib_a-mlock.o)
 .text          0x02001da0        0x0 c:/devkitpro/devkitarm/bin/../lib/gcc/arm-none-eabi/4.9.2/../../../../arm-none-eabi/lib\libg.a(lib_a-mprec.o)
 .text          0x02001da0        0x0 c:/devkitpro/devkitarm/bin/../lib/gcc/arm-none-eabi/4.9.2/../../../../arm-none-eabi/lib\libg.a(lib_a-s_fpclassify.o)
 .text          0x02001da0        0x0 c:/devkitpro/devkitarm/bin/../lib/gcc/arm-none-eabi/4.9.2/../../../../arm-none-eabi/lib\libg.a(lib_a-s_frexp.o)
 .text          0x02001da0        0x0 c:/devkitpro/devkitarm/bin/../lib/gcc/arm-none-eabi/4.9.2/../../../../arm-none-eabi/lib\libg.a(lib_a-stdio.o)
 .text          0x02001da0        0x0 c:/devkitpro/devkitarm/bin/../lib/gcc/arm-none-eabi/4.9.2/../../../../arm-none-eabi/lib\libg.a(lib_a-strcasecmp.o)
 .text          0x02001da0        0x0 c:/devkitpro/devkitarm/bin/../lib/gcc/arm-none-eabi/4.9.2/../../../../arm-none-eabi/lib\libg.a(lib_a-strcat.o)
 .text          0x02001da0        0x0 c:/devkitpro/devkitarm/bin/../lib/gcc/arm-none-eabi/4.9.2/../../../../arm-none-eabi/lib\libg.a(lib_a-strchr.o)
 .text          0x02001da0      0x224 c:/devkitpro/devkitarm/bin/../lib/gcc/arm-none-eabi/4.9.2/../../../../arm-none-eabi/lib\libg.a(lib_a-strcmp.o)
                0x02001da0                strcmp
 .text          0x02001fc4        0x0 c:/devkitpro/devkitarm/bin/../lib/gcc/arm-none-eabi/4.9.2/../../../../arm-none-eabi/lib\libg.a(lib_a-strcpy.o)
 .text          0x02001fc4        0x0 c:/devkitpro/devkitarm/bin/../lib/gcc/arm-none-eabi/4.9.2/../../../../arm-none-eabi/lib\libg.a(lib_a-strlcpy.o)
 .text          0x02001fc4        0x0 c:/devkitpro/devkitarm/bin/../lib/gcc/arm-none-eabi/4.9.2/../../../../arm-none-eabi/lib\libg.a(lib_a-strlen.o)
 .text          0x02001fc4        0x0 c:/devkitpro/devkitarm/bin/../lib/gcc/arm-none-eabi/4.9.2/../../../../arm-none-eabi/lib\libg.a(lib_a-strncasecmp.o)
 .text          0x02001fc4        0x0 c:/devkitpro/devkitarm/bin/../lib/gcc/arm-none-eabi/4.9.2/../../../../arm-none-eabi/lib\libg.a(lib_a-strncmp.o)
 .text          0x02001fc4        0x0 c:/devkitpro/devkitarm/bin/../lib/gcc/arm-none-eabi/4.9.2/../../../../arm-none-eabi/lib\libg.a(lib_a-strncpy.o)
 .text          0x02001fc4        0x0 c:/devkitpro/devkitarm/bin/../lib/gcc/arm-none-eabi/4.9.2/../../../../arm-none-eabi/lib\libg.a(lib_a-strtol.o)
 .text          0x02001fc4        0x0 c:/devkitpro/devkitarm/bin/../lib/gcc/arm-none-eabi/4.9.2/../../../../arm-none-eabi/lib\libg.a(lib_a-svfiprintf.o)
 .text          0x02001fc4        0x0 c:/devkitpro/devkitarm/bin/../lib/gcc/arm-none-eabi/4.9.2/../../../../arm-none-eabi/lib\libg.a(lib_a-vfiprintf.o)
 .text          0x02001fc4        0x0 c:/devkitpro/devkitarm/bin/../lib/gcc/arm-none-eabi/4.9.2/../../../../arm-none-eabi/lib\libg.a(lib_a-wcsnrtombs.o)
 .text          0x02001fc4        0x0 c:/devkitpro/devkitarm/bin/../lib/gcc/arm-none-eabi/4.9.2/../../../../arm-none-eabi/lib\libg.a(lib_a-callocr.o)
 .text          0x02001fc4        0x0 c:/devkitpro/devkitarm/bin/../lib/gcc/arm-none-eabi/4.9.2/../../../../arm-none-eabi/lib\libg.a(lib_a-ctype_.o)
 .text          0x02001fc4        0x0 c:/devkitpro/devkitarm/bin/../lib/gcc/arm-none-eabi/4.9.2/../../../../arm-none-eabi/lib\libg.a(lib_a-fclose.o)
 .text          0x02001fc4        0x0 c:/devkitpro/devkitarm/bin/../lib/gcc/arm-none-eabi/4.9.2/../../../../arm-none-eabi/lib\libg.a(lib_a-fputwc.o)
 .text          0x02001fc4        0x0 c:/devkitpro/devkitarm/bin/../lib/gcc/arm-none-eabi/4.9.2/../../../../arm-none-eabi/lib\libg.a(lib_a-fvwrite.o)
 .text          0x02001fc4        0x0 c:/devkitpro/devkitarm/bin/../lib/gcc/arm-none-eabi/4.9.2/../../../../arm-none-eabi/lib\libg.a(lib_a-getenv_r.o)
 .text          0x02001fc4        0x0 c:/devkitpro/devkitarm/bin/../lib/gcc/arm-none-eabi/4.9.2/../../../../arm-none-eabi/lib\libg.a(lib_a-memmove.o)
 .text          0x02001fc4        0x0 c:/devkitpro/devkitarm/bin/../lib/gcc/arm-none-eabi/4.9.2/../../../../arm-none-eabi/lib\libg.a(lib_a-reallocr.o)
 .text          0x02001fc4        0x0 c:/devkitpro/devkitarm/bin/../lib/gcc/arm-none-eabi/4.9.2/../../../../arm-none-eabi/lib\libg.a(lib_a-wbuf.o)
 .text          0x02001fc4        0x0 c:/devkitpro/devkitarm/bin/../lib/gcc/arm-none-eabi/4.9.2/../../../../arm-none-eabi/lib\libg.a(lib_a-environ.o)
 .text          0x02001fc4        0x0 c:/devkitpro/devkitarm/bin/../lib/gcc/arm-none-eabi/4.9.2/../../../../arm-none-eabi/lib\libg.a(lib_a-envlock.o)
 .text          0x02001fc4       0x88 c:/devkitpro/devkitarm/bin/../lib/gcc/arm-none-eabi/4.9.2/../../../../arm-none-eabi/lib\libsysbase.a(close.o)
                0x02001fc4                _close_r
 .text          0x0200204c       0x70 c:/devkitpro/devkitarm/bin/../lib/gcc/arm-none-eabi/4.9.2/../../../../arm-none-eabi/lib\libsysbase.a(fstat.o)
                0x0200204c                _fstat_r
 .text          0x020020bc        0x8 c:/devkitpro/devkitarm/bin/../lib/gcc/arm-none-eabi/4.9.2/../../../../arm-none-eabi/lib\libsysbase.a(isatty.o)
                0x020020bc                _isatty_r
 .text          0x020020c4       0x78 c:/devkitpro/devkitarm/bin/../lib/gcc/arm-none-eabi/4.9.2/../../../../arm-none-eabi/lib\libsysbase.a(lseek.o)
                0x020020c4                _lseek_r
 .text          0x0200213c       0x78 c:/devkitpro/devkitarm/bin/../lib/gcc/arm-none-eabi/4.9.2/../../../../arm-none-eabi/lib\libsysbase.a(read.o)
                0x0200213c                _read_r
 .text          0x020021b4       0x70 c:/devkitpro/devkitarm/bin/../lib/gcc/arm-none-eabi/4.9.2/../../../../arm-none-eabi/lib\libsysbase.a(sbrk.o)
                0x020021b4                _sbrk_r
 .text          0x02002224       0x78 c:/devkitpro/devkitarm/bin/../lib/gcc/arm-none-eabi/4.9.2/../../../../arm-none-eabi/lib\libsysbase.a(write.o)
                0x02002224                _write_r
 .text          0x0200229c        0x0 c:/devkitpro/devkitarm/bin/../lib/gcc/arm-none-eabi/4.9.2/../../../../arm-none-eabi/lib\libsysbase.a(malloc_vars.o)
 .text          0x0200229c       0x80 c:/devkitpro/devkitarm/bin/../lib/gcc/arm-none-eabi/4.9.2/../../../../arm-none-eabi/lib\libsysbase.a(build_argv.o)
                0x0200229c                build_argv
 .text          0x0200231c        0x8 c:/devkitpro/devkitarm/bin/../lib/gcc/arm-none-eabi/4.9.2/../../../../arm-none-eabi/lib\libsysbase.a(flock.o)
                0x0200231c                __flockfile
                0x02002320                __funlockfile
 .text          0x02002324      0x100 c:/devkitpro/devkitarm/bin/../lib/gcc/arm-none-eabi/4.9.2/../../../../arm-none-eabi/lib\libsysbase.a(syscall_support.o)
                0x02002324                __libc_lock_init
                0x0200233c                __libc_lock_acquire
                0x02002354                __libc_lock_try_acquire
                0x02002374                __libc_lock_release
                0x0200238c                __libc_lock_close
                0x020023a4                __libc_lock_init_recursive
                0x020023bc                __libc_lock_acquire_recursive
                0x020023d4                __libc_lock_try_acquire_recursive
                0x020023f4                __libc_lock_release_recursive
                0x0200240c                __libc_lock_close_recursive
 .text          0x02002424      0x27c c:/devkitpro/devkitarm/bin/../lib/gcc/arm-none-eabi/4.9.2/../../../../arm-none-eabi/lib\libsysbase.a(handle_manager.o)
                0x02002424                __free_handle
                0x02002470                __release_handle
                0x020024a0                __alloc_handle
                0x02002510                __get_handle
                0x0200252c                dup
                0x020025c0                dup2
 .text          0x020026a0       0x24 c:/devkitpro/devkitarm/bin/../lib/gcc/arm-none-eabi/4.9.2/../../../../arm-none-eabi/lib\libsysbase.a(getreent.o)
                0x020026a0                __getreent
 .text          0x020026c4      0x1c4 c:/devkitpro/devkitarm/bin/../lib/gcc/arm-none-eabi/4.9.2/../../../../arm-none-eabi/lib\libsysbase.a(iosupport.o)
                0x020026c4                setDefaultDevice
                0x020026dc                FindDevice
                0x02002794                RemoveDevice
                0x020027c4                AddDevice
                0x02002860                GetDeviceOpTab
 .text          0x02002888      0x114 c:/devkitpro/devkitarm/bin/../lib/gcc/arm-none-eabi/4.9.2\libgcc.a(_udivsi3.o)
                0x02002888                __aeabi_uidiv
                0x02002888                __udivsi3
                0x0200297c                __aeabi_uidivmod
 .text          0x0200299c      0x148 c:/devkitpro/devkitarm/bin/../lib/gcc/arm-none-eabi/4.9.2\libgcc.a(_divsi3.o)
                0x0200299c                __divsi3
                0x0200299c                __aeabi_idiv
                0x02002ac4                __aeabi_idivmod
 .text          0x02002ae4        0x4 c:/devkitpro/devkitarm/bin/../lib/gcc/arm-none-eabi/4.9.2\libgcc.a(_dvmd_tls.o)
                0x02002ae4                __aeabi_idiv0
                0x02002ae4                __aeabi_ldiv0
 .text          0x02002ae8      0x41c c:/devkitpro/devkitarm/bin/../lib/gcc/arm-none-eabi/4.9.2\libgcc.a(_arm_addsubdf3.o)
                0x02002ae8                __aeabi_drsub
                0x02002af0                __aeabi_dsub
                0x02002af0                __subdf3
                0x02002af4                __aeabi_dadd
                0x02002af4                __adddf3
                0x02002e04                __floatunsidf
                0x02002e04                __aeabi_ui2d
                0x02002e28                __floatsidf
                0x02002e28                __aeabi_i2d
                0x02002e50                __aeabi_f2d
                0x02002e50                __extendsfdf2
                0x02002e90                __floatundidf
                0x02002e90                __aeabi_ul2d
                0x02002ea4                __floatdidf
                0x02002ea4                __aeabi_l2d
 .text          0x02002f04      0x49c c:/devkitpro/devkitarm/bin/../lib/gcc/arm-none-eabi/4.9.2\libgcc.a(_arm_muldivdf3.o)
                0x02002f04                __aeabi_dmul
                0x02002f04                __muldf3
                0x02003194                __divdf3
                0x02003194                __aeabi_ddiv
 .text          0x020033a0      0x144 c:/devkitpro/devkitarm/bin/../lib/gcc/arm-none-eabi/4.9.2\libgcc.a(_arm_cmpdf2.o)
                0x020033a0                __gtdf2
                0x020033a0                __gedf2
                0x020033a8                __ltdf2
                0x020033a8                __ledf2
                0x020033b0                __nedf2
                0x020033b0                __eqdf2
                0x020033b0                __cmpdf2
                0x02003438                __aeabi_cdrcmple
                0x02003454                __aeabi_cdcmpeq
                0x02003454                __aeabi_cdcmple
                0x0200346c                __aeabi_dcmpeq
                0x02003484                __aeabi_dcmplt
                0x0200349c                __aeabi_dcmple
                0x020034b4                __aeabi_dcmpge
                0x020034cc                __aeabi_dcmpgt
 .text          0x020034e4       0x5c c:/devkitpro/devkitarm/bin/../lib/gcc/arm-none-eabi/4.9.2\libgcc.a(_arm_fixdfsi.o)
                0x020034e4                __aeabi_d2iz
                0x020034e4                __fixdfsi
 .text          0x02003540       0x3c c:/devkitpro/devkitarm/bin/../lib/gcc/arm-none-eabi/4.9.2\libgcc.a(_aeabi_uldivmod.o)
                0x02003540                __aeabi_uldivmod
 .text          0x0200357c       0x84 c:/devkitpro/devkitarm/bin/../lib/gcc/arm-none-eabi/4.9.2\libgcc.a(bpabi.o)
                0x0200357c                __gnu_ldivmod_helper
                0x020035c0                __gnu_uldivmod_helper
 .text          0x02003600      0x178 c:/devkitpro/devkitarm/bin/../lib/gcc/arm-none-eabi/4.9.2\libgcc.a(_divdi3.o)
                0x02003600                __divdi3
 .text          0x02003778      0x120 c:/devkitpro/devkitarm/bin/../lib/gcc/arm-none-eabi/4.9.2\libgcc.a(_udivdi3.o)
                0x02003778                __udivdi3
 .text          0x02003898       0x28 c:/devkitpro/devkitarm/bin/../lib/gcc/arm-none-eabi/4.9.2\libgcc.a(_clzdi2.o)
                0x02003898                __clzdi2
 .text          0x020038c0       0x48 c:/devkitpro/devkitarm/bin/../lib/gcc/arm-none-eabi/4.9.2\libgcc.a(_clzsi2.o)
                0x020038c0                __clzsi2
 .text          0x02003908        0x0 c:/devkitpro/devkitarm/bin/../lib/gcc/arm-none-eabi/4.9.2/../../../../arm-none-eabi/lib\libg.a(lib_a-errno.o)
 .text          0x02003908        0x0 c:/devkitpro/devkitarm/bin/../lib/gcc/arm-none-eabi/4.9.2/../../../../arm-none-eabi/lib\libg.a(lib_a-malloc.o)
 .text          0x02003908        0x0 c:/devkitpro/devkitarm/bin/../lib/gcc/arm-none-eabi/4.9.2/crtend.o
 .text          0x02003908        0x0 c:/devkitpro/devkitarm/bin/../lib/gcc/arm-none-eabi/4.9.2/crtn.o
 *(.text.*)
 .text.startup  0x02003908       0x60 main.o
                0x02003908                main
 .text.__libc_init_array
                0x02003968       0x80 c:/devkitpro/devkitarm/bin/../lib/gcc/arm-none-eabi/4.9.2/../../../../arm-none-eabi/lib\libg.a(lib_a-init.o)
                0x02003968                __libc_init_array
 .text.memcpy   0x020039e8       0xf0 c:/devkitpro/devkitarm/bin/../lib/gcc/arm-none-eabi/4.9.2/../../../../arm-none-eabi/lib\libg.a(lib_a-memcpy.o)
                0x020039e8                memcpy
 .text.memset   0x02003ad8       0xf4 c:/devkitpro/devkitarm/bin/../lib/gcc/arm-none-eabi/4.9.2/../../../../arm-none-eabi/lib\libg.a(lib_a-memset.o)
                0x02003ad8                memset
 .text._printf_r
                0x02003bcc       0x34 c:/devkitpro/devkitarm/bin/../lib/gcc/arm-none-eabi/4.9.2/../../../../arm-none-eabi/lib\libg.a(lib_a-printf.o)
                0x02003bcc                _printf_r
 .text.printf   0x02003c00       0x38 c:/devkitpro/devkitarm/bin/../lib/gcc/arm-none-eabi/4.9.2/../../../../arm-none-eabi/lib\libg.a(lib_a-printf.o)
                0x02003c00                printf
 .text.get_arg  0x02003c38      0x860 c:/devkitpro/devkitarm/bin/../lib/gcc/arm-none-eabi/4.9.2/../../../../arm-none-eabi/lib\libg.a(lib_a-vfprintf.o)
 .text._vfprintf_r
                0x02004498     0x44b8 c:/devkitpro/devkitarm/bin/../lib/gcc/arm-none-eabi/4.9.2/../../../../arm-none-eabi/lib\libg.a(lib_a-vfprintf.o)
                0x02004498                _vfprintf_r
 .text.vfprintf
                0x02008950       0x28 c:/devkitpro/devkitarm/bin/../lib/gcc/arm-none-eabi/4.9.2/../../../../arm-none-eabi/lib\libg.a(lib_a-vfprintf.o)
                0x02008950                vfprintf
 .text.__sbprintf
                0x02008978       0xac c:/devkitpro/devkitarm/bin/../lib/gcc/arm-none-eabi/4.9.2/../../../../arm-none-eabi/lib\libg.a(lib_a-vfprintf.o)
 .text._wcrtomb_r
                0x02008a24       0x98 c:/devkitpro/devkitarm/bin/../lib/gcc/arm-none-eabi/4.9.2/../../../../arm-none-eabi/lib\libg.a(lib_a-wcrtomb.o)
                0x02008a24                _wcrtomb_r
 .text.wcrtomb  0x02008abc       0xa0 c:/devkitpro/devkitarm/bin/../lib/gcc/arm-none-eabi/4.9.2/../../../../arm-none-eabi/lib\libg.a(lib_a-wcrtomb.o)
                0x02008abc                wcrtomb
 .text._wcsrtombs_r
                0x02008b5c       0x24 c:/devkitpro/devkitarm/bin/../lib/gcc/arm-none-eabi/4.9.2/../../../../arm-none-eabi/lib\libg.a(lib_a-wcsrtombs.o)
                0x02008b5c                _wcsrtombs_r
 .text.wcsrtombs
                0x02008b80       0x40 c:/devkitpro/devkitarm/bin/../lib/gcc/arm-none-eabi/4.9.2/../../../../arm-none-eabi/lib\libg.a(lib_a-wcsrtombs.o)
                0x02008b80                wcsrtombs
 .text.__utf8_wctomb
                0x02008bc0      0x114 c:/devkitpro/devkitarm/bin/../lib/gcc/arm-none-eabi/4.9.2/../../../../arm-none-eabi/lib\libg.a(lib_a-wctomb_r.o)
                0x02008bc0                __utf8_wctomb
 .text._wctomb_r
                0x02008cd4       0x50 c:/devkitpro/devkitarm/bin/../lib/gcc/arm-none-eabi/4.9.2/../../../../arm-none-eabi/lib\libg.a(lib_a-wctomb_r.o)
                0x02008cd4                _wctomb_r
 .text.__ascii_wctomb
                0x02008d24       0x28 c:/devkitpro/devkitarm/bin/../lib/gcc/arm-none-eabi/4.9.2/../../../../arm-none-eabi/lib\libg.a(lib_a-wctomb_r.o)
                0x02008d24                __ascii_wctomb
 .text.__sjis_wctomb
                0x02008d4c       0x8c c:/devkitpro/devkitarm/bin/../lib/gcc/arm-none-eabi/4.9.2/../../../../arm-none-eabi/lib\libg.a(lib_a-wctomb_r.o)
                0x02008d4c                __sjis_wctomb
 .text.__eucjp_wctomb
                0x02008dd8       0xd4 c:/devkitpro/devkitarm/bin/../lib/gcc/arm-none-eabi/4.9.2/../../../../arm-none-eabi/lib\libg.a(lib_a-wctomb_r.o)
                0x02008dd8                __eucjp_wctomb
 .text.__jis_wctomb
                0x02008eac       0xe0 c:/devkitpro/devkitarm/bin/../lib/gcc/arm-none-eabi/4.9.2/../../../../arm-none-eabi/lib\libg.a(lib_a-wctomb_r.o)
                0x02008eac                __jis_wctomb
 .text.__swsetup_r
                0x02008f8c      0x154 c:/devkitpro/devkitarm/bin/../lib/gcc/arm-none-eabi/4.9.2/../../../../arm-none-eabi/lib\libg.a(lib_a-wsetup.o)
                0x02008f8c                __swsetup_r
 .text.quorem   0x020090e0      0x1d8 c:/devkitpro/devkitarm/bin/../lib/gcc/arm-none-eabi/4.9.2/../../../../arm-none-eabi/lib\libg.a(lib_a-dtoa.o)
 .text._dtoa_r  0x020092b8     0x16a0 c:/devkitpro/devkitarm/bin/../lib/gcc/arm-none-eabi/4.9.2/../../../../arm-none-eabi/lib\libg.a(lib_a-dtoa.o)
                0x020092b8                _dtoa_r
 .text.__sflush_r
                0x0200a958      0x240 c:/devkitpro/devkitarm/bin/../lib/gcc/arm-none-eabi/4.9.2/../../../../arm-none-eabi/lib\libg.a(lib_a-fflush.o)
                0x0200a958                __sflush_r
 .text._fflush_r
                0x0200ab98       0x98 c:/devkitpro/devkitarm/bin/../lib/gcc/arm-none-eabi/4.9.2/../../../../arm-none-eabi/lib\libg.a(lib_a-fflush.o)
                0x0200ab98                _fflush_r
 .text.fflush   0x0200ac30       0x3c c:/devkitpro/devkitarm/bin/../lib/gcc/arm-none-eabi/4.9.2/../../../../arm-none-eabi/lib\libg.a(lib_a-fflush.o)
                0x0200ac30                fflush
 .text._cleanup_r
                0x0200ac6c       0x18 c:/devkitpro/devkitarm/bin/../lib/gcc/arm-none-eabi/4.9.2/../../../../arm-none-eabi/lib\libg.a(lib_a-findfp.o)
                0x0200ac6c                _cleanup_r
 .text.__fp_lock
                0x0200ac84       0x1c c:/devkitpro/devkitarm/bin/../lib/gcc/arm-none-eabi/4.9.2/../../../../arm-none-eabi/lib\libg.a(lib_a-findfp.o)
 .text.__fp_unlock
                0x0200aca0       0x1c c:/devkitpro/devkitarm/bin/../lib/gcc/arm-none-eabi/4.9.2/../../../../arm-none-eabi/lib\libg.a(lib_a-findfp.o)
 .text.__sinit.part.1
                0x0200acbc      0x160 c:/devkitpro/devkitarm/bin/../lib/gcc/arm-none-eabi/4.9.2/../../../../arm-none-eabi/lib\libg.a(lib_a-findfp.o)
 .text.__sfmoreglue
                0x0200ae1c       0x50 c:/devkitpro/devkitarm/bin/../lib/gcc/arm-none-eabi/4.9.2/../../../../arm-none-eabi/lib\libg.a(lib_a-findfp.o)
                0x0200ae1c                __sfmoreglue
 .text.__sfp    0x0200ae6c       0xec c:/devkitpro/devkitarm/bin/../lib/gcc/arm-none-eabi/4.9.2/../../../../arm-none-eabi/lib\libg.a(lib_a-findfp.o)
                0x0200ae6c                __sfp
 .text._cleanup
                0x0200af58       0x24 c:/devkitpro/devkitarm/bin/../lib/gcc/arm-none-eabi/4.9.2/../../../../arm-none-eabi/lib\libg.a(lib_a-findfp.o)
                0x0200af58                _cleanup
 .text.__sinit  0x0200af7c       0x10 c:/devkitpro/devkitarm/bin/../lib/gcc/arm-none-eabi/4.9.2/../../../../arm-none-eabi/lib\libg.a(lib_a-findfp.o)
                0x0200af7c                __sinit
 .text.__sfp_lock_acquire
                0x0200af8c        0x4 c:/devkitpro/devkitarm/bin/../lib/gcc/arm-none-eabi/4.9.2/../../../../arm-none-eabi/lib\libg.a(lib_a-findfp.o)
                0x0200af8c                __sfp_lock_acquire
 .text.__sfp_lock_release
                0x0200af90        0x4 c:/devkitpro/devkitarm/bin/../lib/gcc/arm-none-eabi/4.9.2/../../../../arm-none-eabi/lib\libg.a(lib_a-findfp.o)
                0x0200af90                __sfp_lock_release
 .text.__sinit_lock_acquire
                0x0200af94        0x4 c:/devkitpro/devkitarm/bin/../lib/gcc/arm-none-eabi/4.9.2/../../../../arm-none-eabi/lib\libg.a(lib_a-findfp.o)
                0x0200af94                __sinit_lock_acquire
 .text.__sinit_lock_release
                0x0200af98        0x4 c:/devkitpro/devkitarm/bin/../lib/gcc/arm-none-eabi/4.9.2/../../../../arm-none-eabi/lib\libg.a(lib_a-findfp.o)
                0x0200af98                __sinit_lock_release
 .text.__fp_lock_all
                0x0200af9c       0x1c c:/devkitpro/devkitarm/bin/../lib/gcc/arm-none-eabi/4.9.2/../../../../arm-none-eabi/lib\libg.a(lib_a-findfp.o)
                0x0200af9c                __fp_lock_all
 .text.__fp_unlock_all
                0x0200afb8       0x1c c:/devkitpro/devkitarm/bin/../lib/gcc/arm-none-eabi/4.9.2/../../../../arm-none-eabi/lib\libg.a(lib_a-findfp.o)
                0x0200afb8                __fp_unlock_all
 .text._malloc_trim_r
                0x0200afd4      0x100 c:/devkitpro/devkitarm/bin/../lib/gcc/arm-none-eabi/4.9.2/../../../../arm-none-eabi/lib\libg.a(lib_a-freer.o)
                0x0200afd4                _malloc_trim_r
 .text._free_r  0x0200b0d4      0x2bc c:/devkitpro/devkitarm/bin/../lib/gcc/arm-none-eabi/4.9.2/../../../../arm-none-eabi/lib\libg.a(lib_a-freer.o)
                0x0200b0d4                _free_r
 .text._fwalk   0x0200b390       0x84 c:/devkitpro/devkitarm/bin/../lib/gcc/arm-none-eabi/4.9.2/../../../../arm-none-eabi/lib\libg.a(lib_a-fwalk.o)
                0x0200b390                _fwalk
 .text._fwalk_reent
                0x0200b414       0x8c c:/devkitpro/devkitarm/bin/../lib/gcc/arm-none-eabi/4.9.2/../../../../arm-none-eabi/lib\libg.a(lib_a-fwalk.o)
                0x0200b414                _fwalk_reent
 .text.__get_locale_env
                0x0200b4a0       0x94 c:/devkitpro/devkitarm/bin/../lib/gcc/arm-none-eabi/4.9.2/../../../../arm-none-eabi/lib\libg.a(lib_a-locale.o)
 .text.loadlocale
                0x0200b534      0x8ac c:/devkitpro/devkitarm/bin/../lib/gcc/arm-none-eabi/4.9.2/../../../../arm-none-eabi/lib\libg.a(lib_a-locale.o)
 .text.currentlocale
                0x0200bde0       0x90 c:/devkitpro/devkitarm/bin/../lib/gcc/arm-none-eabi/4.9.2/../../../../arm-none-eabi/lib\libg.a(lib_a-locale.o)
 .text._setlocale_r
                0x0200be70      0x308 c:/devkitpro/devkitarm/bin/../lib/gcc/arm-none-eabi/4.9.2/../../../../arm-none-eabi/lib\libg.a(lib_a-locale.o)
                0x0200be70                _setlocale_r
 .text.__locale_charset
                0x0200c178        0xc c:/devkitpro/devkitarm/bin/../lib/gcc/arm-none-eabi/4.9.2/../../../../arm-none-eabi/lib\libg.a(lib_a-locale.o)
                0x0200c178                __locale_charset
 .text.__locale_mb_cur_max
                0x0200c184       0x10 c:/devkitpro/devkitarm/bin/../lib/gcc/arm-none-eabi/4.9.2/../../../../arm-none-eabi/lib\libg.a(lib_a-locale.o)
                0x0200c184                __locale_mb_cur_max
 .text.__locale_msgcharset
                0x0200c194        0xc c:/devkitpro/devkitarm/bin/../lib/gcc/arm-none-eabi/4.9.2/../../../../arm-none-eabi/lib\libg.a(lib_a-locale.o)
                0x0200c194                __locale_msgcharset
 .text.__locale_cjk_lang
                0x0200c1a0       0x10 c:/devkitpro/devkitarm/bin/../lib/gcc/arm-none-eabi/4.9.2/../../../../arm-none-eabi/lib\libg.a(lib_a-locale.o)
                0x0200c1a0                __locale_cjk_lang
 .text._localeconv_r
                0x0200c1b0        0xc c:/devkitpro/devkitarm/bin/../lib/gcc/arm-none-eabi/4.9.2/../../../../arm-none-eabi/lib\libg.a(lib_a-locale.o)
                0x0200c1b0                _localeconv_r
 .text.setlocale
                0x0200c1bc       0x20 c:/devkitpro/devkitarm/bin/../lib/gcc/arm-none-eabi/4.9.2/../../../../arm-none-eabi/lib\libg.a(lib_a-locale.o)
                0x0200c1bc                setlocale
 .text.localeconv
                0x0200c1dc       0x18 c:/devkitpro/devkitarm/bin/../lib/gcc/arm-none-eabi/4.9.2/../../../../arm-none-eabi/lib\libg.a(lib_a-locale.o)
                0x0200c1dc                localeconv
 .text.__smakebuf_r
                0x0200c1f4      0x168 c:/devkitpro/devkitarm/bin/../lib/gcc/arm-none-eabi/4.9.2/../../../../arm-none-eabi/lib\libg.a(lib_a-makebuf.o)
                0x0200c1f4                __smakebuf_r
 .text._malloc_r
                0x0200c35c      0x740 c:/devkitpro/devkitarm/bin/../lib/gcc/arm-none-eabi/4.9.2/../../../../arm-none-eabi/lib\libg.a(lib_a-mallocr.o)
                0x0200c35c                _malloc_r
 .text.__utf8_mbtowc
                0x0200ca9c      0x304 c:/devkitpro/devkitarm/bin/../lib/gcc/arm-none-eabi/4.9.2/../../../../arm-none-eabi/lib\libg.a(lib_a-mbtowc_r.o)
                0x0200ca9c                __utf8_mbtowc
 .text._mbtowc_r
                0x0200cda0       0x54 c:/devkitpro/devkitarm/bin/../lib/gcc/arm-none-eabi/4.9.2/../../../../arm-none-eabi/lib\libg.a(lib_a-mbtowc_r.o)
                0x0200cda0                _mbtowc_r
 .text.__ascii_mbtowc
                0x0200cdf4       0x4c c:/devkitpro/devkitarm/bin/../lib/gcc/arm-none-eabi/4.9.2/../../../../arm-none-eabi/lib\libg.a(lib_a-mbtowc_r.o)
                0x0200cdf4                __ascii_mbtowc
 .text.__sjis_mbtowc
                0x0200ce40       0xdc c:/devkitpro/devkitarm/bin/../lib/gcc/arm-none-eabi/4.9.2/../../../../arm-none-eabi/lib\libg.a(lib_a-mbtowc_r.o)
                0x0200ce40                __sjis_mbtowc
 .text.__eucjp_mbtowc
                0x0200cf1c      0x150 c:/devkitpro/devkitarm/bin/../lib/gcc/arm-none-eabi/4.9.2/../../../../arm-none-eabi/lib\libg.a(lib_a-mbtowc_r.o)
                0x0200cf1c                __eucjp_mbtowc
 .text.__jis_mbtowc
                0x0200d06c      0x1bc c:/devkitpro/devkitarm/bin/../lib/gcc/arm-none-eabi/4.9.2/../../../../arm-none-eabi/lib\libg.a(lib_a-mbtowc_r.o)
                0x0200d06c                __jis_mbtowc
 .text.memchr   0x0200d228      0x118 c:/devkitpro/devkitarm/bin/../lib/gcc/arm-none-eabi/4.9.2/../../../../arm-none-eabi/lib\libg.a(lib_a-memchr.o)
                0x0200d228                memchr
 .text.__malloc_lock
                0x0200d340        0x4 c:/devkitpro/devkitarm/bin/../lib/gcc/arm-none-eabi/4.9.2/../../../../arm-none-eabi/lib\libg.a(lib_a-mlock.o)
                0x0200d340                __malloc_lock
 .text.__malloc_unlock
                0x0200d344        0x4 c:/devkitpro/devkitarm/bin/../lib/gcc/arm-none-eabi/4.9.2/../../../../arm-none-eabi/lib\libg.a(lib_a-mlock.o)
                0x0200d344                __malloc_unlock
 .text._Balloc  0x0200d348       0x90 c:/devkitpro/devkitarm/bin/../lib/gcc/arm-none-eabi/4.9.2/../../../../arm-none-eabi/lib\libg.a(lib_a-mprec.o)
                0x0200d348                _Balloc
 .text._Bfree   0x0200d3d8       0x1c c:/devkitpro/devkitarm/bin/../lib/gcc/arm-none-eabi/4.9.2/../../../../arm-none-eabi/lib\libg.a(lib_a-mprec.o)
                0x0200d3d8                _Bfree
 .text.__multadd
                0x0200d3f4       0xdc c:/devkitpro/devkitarm/bin/../lib/gcc/arm-none-eabi/4.9.2/../../../../arm-none-eabi/lib\libg.a(lib_a-mprec.o)
                0x0200d3f4                __multadd
 .text.__s2b    0x0200d4d0       0xe8 c:/devkitpro/devkitarm/bin/../lib/gcc/arm-none-eabi/4.9.2/../../../../arm-none-eabi/lib\libg.a(lib_a-mprec.o)
                0x0200d4d0                __s2b
 .text.__hi0bits
                0x0200d5b8       0x5c c:/devkitpro/devkitarm/bin/../lib/gcc/arm-none-eabi/4.9.2/../../../../arm-none-eabi/lib\libg.a(lib_a-mprec.o)
                0x0200d5b8                __hi0bits
 .text.__lo0bits
                0x0200d614       0x94 c:/devkitpro/devkitarm/bin/../lib/gcc/arm-none-eabi/4.9.2/../../../../arm-none-eabi/lib\libg.a(lib_a-mprec.o)
                0x0200d614                __lo0bits
 .text.__i2b    0x0200d6a8       0x24 c:/devkitpro/devkitarm/bin/../lib/gcc/arm-none-eabi/4.9.2/../../../../arm-none-eabi/lib\libg.a(lib_a-mprec.o)
                0x0200d6a8                __i2b
 .text.__multiply
                0x0200d6cc      0x1f0 c:/devkitpro/devkitarm/bin/../lib/gcc/arm-none-eabi/4.9.2/../../../../arm-none-eabi/lib\libg.a(lib_a-mprec.o)
                0x0200d6cc                __multiply
 .text.__pow5mult
                0x0200d8bc      0x104 c:/devkitpro/devkitarm/bin/../lib/gcc/arm-none-eabi/4.9.2/../../../../arm-none-eabi/lib\libg.a(lib_a-mprec.o)
                0x0200d8bc                __pow5mult
 .text.__lshift
                0x0200d9c0       0xf8 c:/devkitpro/devkitarm/bin/../lib/gcc/arm-none-eabi/4.9.2/../../../../arm-none-eabi/lib\libg.a(lib_a-mprec.o)
                0x0200d9c0                __lshift
 .text.__mcmp   0x0200dab8       0x64 c:/devkitpro/devkitarm/bin/../lib/gcc/arm-none-eabi/4.9.2/../../../../arm-none-eabi/lib\libg.a(lib_a-mprec.o)
                0x0200dab8                __mcmp
 .text.__mdiff  0x0200db1c      0x154 c:/devkitpro/devkitarm/bin/../lib/gcc/arm-none-eabi/4.9.2/../../../../arm-none-eabi/lib\libg.a(lib_a-mprec.o)
                0x0200db1c                __mdiff
 .text.__ulp    0x0200dc70       0x64 c:/devkitpro/devkitarm/bin/../lib/gcc/arm-none-eabi/4.9.2/../../../../arm-none-eabi/lib\libg.a(lib_a-mprec.o)
                0x0200dc70                __ulp
 .text.__b2d    0x0200dcd4       0xfc c:/devkitpro/devkitarm/bin/../lib/gcc/arm-none-eabi/4.9.2/../../../../arm-none-eabi/lib\libg.a(lib_a-mprec.o)
                0x0200dcd4                __b2d
 .text.__d2b    0x0200ddd0      0x10c c:/devkitpro/devkitarm/bin/../lib/gcc/arm-none-eabi/4.9.2/../../../../arm-none-eabi/lib\libg.a(lib_a-mprec.o)
                0x0200ddd0                __d2b
 .text.__ratio  0x0200dedc       0x98 c:/devkitpro/devkitarm/bin/../lib/gcc/arm-none-eabi/4.9.2/../../../../arm-none-eabi/lib\libg.a(lib_a-mprec.o)
                0x0200dedc                __ratio
 .text._mprec_log10
                0x0200df74       0x54 c:/devkitpro/devkitarm/bin/../lib/gcc/arm-none-eabi/4.9.2/../../../../arm-none-eabi/lib\libg.a(lib_a-mprec.o)
                0x0200df74                _mprec_log10
 .text.__copybits
                0x0200dfc8       0x70 c:/devkitpro/devkitarm/bin/../lib/gcc/arm-none-eabi/4.9.2/../../../../arm-none-eabi/lib\libg.a(lib_a-mprec.o)
                0x0200dfc8                __copybits
 .text.__any_on
                0x0200e038       0x80 c:/devkitpro/devkitarm/bin/../lib/gcc/arm-none-eabi/4.9.2/../../../../arm-none-eabi/lib\libg.a(lib_a-mprec.o)
                0x0200e038                __any_on
 .text.__fpclassifyd
                0x0200e0b8       0x6c c:/devkitpro/devkitarm/bin/../lib/gcc/arm-none-eabi/4.9.2/../../../../arm-none-eabi/lib\libg.a(lib_a-s_fpclassify.o)
                0x0200e0b8                __fpclassifyd
 .text.frexp    0x0200e124       0xa8 c:/devkitpro/devkitarm/bin/../lib/gcc/arm-none-eabi/4.9.2/../../../../arm-none-eabi/lib\libg.a(lib_a-s_frexp.o)
                0x0200e124                frexp
 .text.__sread  0x0200e1cc       0x34 c:/devkitpro/devkitarm/bin/../lib/gcc/arm-none-eabi/4.9.2/../../../../arm-none-eabi/lib\libg.a(lib_a-stdio.o)
                0x0200e1cc                __sread
 .text.__seofread
                0x0200e200        0x8 c:/devkitpro/devkitarm/bin/../lib/gcc/arm-none-eabi/4.9.2/../../../../arm-none-eabi/lib\libg.a(lib_a-stdio.o)
                0x0200e200                __seofread
 .text.__swrite
                0x0200e208       0x58 c:/devkitpro/devkitarm/bin/../lib/gcc/arm-none-eabi/4.9.2/../../../../arm-none-eabi/lib\libg.a(lib_a-stdio.o)
                0x0200e208                __swrite
 .text.__sseek  0x0200e260       0x30 c:/devkitpro/devkitarm/bin/../lib/gcc/arm-none-eabi/4.9.2/../../../../arm-none-eabi/lib\libg.a(lib_a-stdio.o)
                0x0200e260                __sseek
 .text.__sclose
                0x0200e290       0x14 c:/devkitpro/devkitarm/bin/../lib/gcc/arm-none-eabi/4.9.2/../../../../arm-none-eabi/lib\libg.a(lib_a-stdio.o)
                0x0200e290                __sclose
 .text.strcasecmp
                0x0200e2a4       0x6c c:/devkitpro/devkitarm/bin/../lib/gcc/arm-none-eabi/4.9.2/../../../../arm-none-eabi/lib\libg.a(lib_a-strcasecmp.o)
                0x0200e2a4                strcasecmp
 .text.strcat   0x0200e310       0x84 c:/devkitpro/devkitarm/bin/../lib/gcc/arm-none-eabi/4.9.2/../../../../arm-none-eabi/lib\libg.a(lib_a-strcat.o)
                0x0200e310                strcat
 .text.strchr   0x0200e394      0x160 c:/devkitpro/devkitarm/bin/../lib/gcc/arm-none-eabi/4.9.2/../../../../arm-none-eabi/lib\libg.a(lib_a-strchr.o)
                0x0200e394                strchr
 .text.strcpy   0x0200e4f4       0xf0 c:/devkitpro/devkitarm/bin/../lib/gcc/arm-none-eabi/4.9.2/../../../../arm-none-eabi/lib\libg.a(lib_a-strcpy.o)
                0x0200e4f4                strcpy
 .text.strlcpy  0x0200e5e4       0x48 c:/devkitpro/devkitarm/bin/../lib/gcc/arm-none-eabi/4.9.2/../../../../arm-none-eabi/lib\libg.a(lib_a-strlcpy.o)
                0x0200e5e4                strlcpy
 .text.strlen   0x0200e62c       0x60 c:/devkitpro/devkitarm/bin/../lib/gcc/arm-none-eabi/4.9.2/../../../../arm-none-eabi/lib\libg.a(lib_a-strlen.o)
                0x0200e62c                strlen
 .text.strncasecmp
                0x0200e68c       0x94 c:/devkitpro/devkitarm/bin/../lib/gcc/arm-none-eabi/4.9.2/../../../../arm-none-eabi/lib\libg.a(lib_a-strncasecmp.o)
                0x0200e68c                strncasecmp
 .text.strncmp  0x0200e720      0x118 c:/devkitpro/devkitarm/bin/../lib/gcc/arm-none-eabi/4.9.2/../../../../arm-none-eabi/lib\libg.a(lib_a-strncmp.o)
                0x0200e720                strncmp
 .text.strncpy  0x0200e838       0xe4 c:/devkitpro/devkitarm/bin/../lib/gcc/arm-none-eabi/4.9.2/../../../../arm-none-eabi/lib\libg.a(lib_a-strncpy.o)
                0x0200e838                strncpy
 .text._strtol_r
                0x0200e91c      0x1dc c:/devkitpro/devkitarm/bin/../lib/gcc/arm-none-eabi/4.9.2/../../../../arm-none-eabi/lib\libg.a(lib_a-strtol.o)
                0x0200e91c                _strtol_r
 .text.strtol   0x0200eaf8       0x28 c:/devkitpro/devkitarm/bin/../lib/gcc/arm-none-eabi/4.9.2/../../../../arm-none-eabi/lib\libg.a(lib_a-strtol.o)
                0x0200eaf8                strtol
 .text.get_arg  0x0200eb20      0x860 c:/devkitpro/devkitarm/bin/../lib/gcc/arm-none-eabi/4.9.2/../../../../arm-none-eabi/lib\libg.a(lib_a-svfiprintf.o)
 .text.__ssprint_r
                0x0200f380      0x1b0 c:/devkitpro/devkitarm/bin/../lib/gcc/arm-none-eabi/4.9.2/../../../../arm-none-eabi/lib\libg.a(lib_a-svfiprintf.o)
                0x0200f380                __ssprint_r
 .text._svfiprintf_r
                0x0200f530     0x2e94 c:/devkitpro/devkitarm/bin/../lib/gcc/arm-none-eabi/4.9.2/../../../../arm-none-eabi/lib\libg.a(lib_a-svfiprintf.o)
                0x0200f530                _svfiprintf_r
 .text.get_arg  0x020123c4      0x860 c:/devkitpro/devkitarm/bin/../lib/gcc/arm-none-eabi/4.9.2/../../../../arm-none-eabi/lib\libg.a(lib_a-vfiprintf.o)
 .text.__sprint_r.part.0
                0x02012c24       0xac c:/devkitpro/devkitarm/bin/../lib/gcc/arm-none-eabi/4.9.2/../../../../arm-none-eabi/lib\libg.a(lib_a-vfiprintf.o)
 .text.__sprint_r
                0x02012cd0       0x18 c:/devkitpro/devkitarm/bin/../lib/gcc/arm-none-eabi/4.9.2/../../../../arm-none-eabi/lib\libg.a(lib_a-vfiprintf.o)
                0x02012cd0                __sprint_r
 .text._vfiprintf_r
                0x02012ce8     0x30d0 c:/devkitpro/devkitarm/bin/../lib/gcc/arm-none-eabi/4.9.2/../../../../arm-none-eabi/lib\libg.a(lib_a-vfiprintf.o)
                0x02012ce8                _vfiprintf_r
 .text.vfiprintf
                0x02015db8       0x28 c:/devkitpro/devkitarm/bin/../lib/gcc/arm-none-eabi/4.9.2/../../../../arm-none-eabi/lib\libg.a(lib_a-vfiprintf.o)
                0x02015db8                vfiprintf
 .text.__sbprintf
                0x02015de0       0xac c:/devkitpro/devkitarm/bin/../lib/gcc/arm-none-eabi/4.9.2/../../../../arm-none-eabi/lib\libg.a(lib_a-vfiprintf.o)
 .text._wcsnrtombs_r
                0x02015e8c      0x194 c:/devkitpro/devkitarm/bin/../lib/gcc/arm-none-eabi/4.9.2/../../../../arm-none-eabi/lib\libg.a(lib_a-wcsnrtombs.o)
                0x02015e8c                _wcsnrtombs_r
 .text.wcsnrtombs
                0x02016020       0x44 c:/devkitpro/devkitarm/bin/../lib/gcc/arm-none-eabi/4.9.2/../../../../arm-none-eabi/lib\libg.a(lib_a-wcsnrtombs.o)
                0x02016020                wcsnrtombs
 .text._calloc_r
                0x02016064       0x9c c:/devkitpro/devkitarm/bin/../lib/gcc/arm-none-eabi/4.9.2/../../../../arm-none-eabi/lib\libg.a(lib_a-callocr.o)
                0x02016064                _calloc_r
 .text.__set_ctype
                0x02016100       0x18 c:/devkitpro/devkitarm/bin/../lib/gcc/arm-none-eabi/4.9.2/../../../../arm-none-eabi/lib\libg.a(lib_a-ctype_.o)
                0x02016100                __set_ctype
 .text._fclose_r
                0x02016118      0x11c c:/devkitpro/devkitarm/bin/../lib/gcc/arm-none-eabi/4.9.2/../../../../arm-none-eabi/lib\libg.a(lib_a-fclose.o)
                0x02016118                _fclose_r
 .text.fclose   0x02016234       0x18 c:/devkitpro/devkitarm/bin/../lib/gcc/arm-none-eabi/4.9.2/../../../../arm-none-eabi/lib\libg.a(lib_a-fclose.o)
                0x02016234                fclose
 .text.__fputwc
                0x0201624c      0x130 c:/devkitpro/devkitarm/bin/../lib/gcc/arm-none-eabi/4.9.2/../../../../arm-none-eabi/lib\libg.a(lib_a-fputwc.o)
                0x0201624c                __fputwc
 .text._fputwc_r
                0x0201637c       0xb0 c:/devkitpro/devkitarm/bin/../lib/gcc/arm-none-eabi/4.9.2/../../../../arm-none-eabi/lib\libg.a(lib_a-fputwc.o)
                0x0201637c                _fputwc_r
 .text.fputwc   0x0201642c       0x38 c:/devkitpro/devkitarm/bin/../lib/gcc/arm-none-eabi/4.9.2/../../../../arm-none-eabi/lib\libg.a(lib_a-fputwc.o)
                0x0201642c                fputwc
 .text.__sfvwrite_r
                0x02016464      0x4ec c:/devkitpro/devkitarm/bin/../lib/gcc/arm-none-eabi/4.9.2/../../../../arm-none-eabi/lib\libg.a(lib_a-fvwrite.o)
                0x02016464                __sfvwrite_r
 .text._findenv_r
                0x02016950       0xd0 c:/devkitpro/devkitarm/bin/../lib/gcc/arm-none-eabi/4.9.2/../../../../arm-none-eabi/lib\libg.a(lib_a-getenv_r.o)
                0x02016950                _findenv_r
 .text._getenv_r
                0x02016a20       0x1c c:/devkitpro/devkitarm/bin/../lib/gcc/arm-none-eabi/4.9.2/../../../../arm-none-eabi/lib\libg.a(lib_a-getenv_r.o)
                0x02016a20                _getenv_r
 .text.memmove  0x02016a3c      0x12c c:/devkitpro/devkitarm/bin/../lib/gcc/arm-none-eabi/4.9.2/../../../../arm-none-eabi/lib\libg.a(lib_a-memmove.o)
                0x02016a3c                memmove
 .text._realloc_r
                0x02016b68      0x4dc c:/devkitpro/devkitarm/bin/../lib/gcc/arm-none-eabi/4.9.2/../../../../arm-none-eabi/lib\libg.a(lib_a-reallocr.o)
                0x02016b68                _realloc_r
 .text.__swbuf_r
                0x02017044      0x128 c:/devkitpro/devkitarm/bin/../lib/gcc/arm-none-eabi/4.9.2/../../../../arm-none-eabi/lib\libg.a(lib_a-wbuf.o)
                0x02017044                __swbuf_r
 .text.__swbuf  0x0201716c       0x20 c:/devkitpro/devkitarm/bin/../lib/gcc/arm-none-eabi/4.9.2/../../../../arm-none-eabi/lib\libg.a(lib_a-wbuf.o)
                0x0201716c                __swbuf
 .text.__env_lock
                0x0201718c        0x4 c:/devkitpro/devkitarm/bin/../lib/gcc/arm-none-eabi/4.9.2/../../../../arm-none-eabi/lib\libg.a(lib_a-envlock.o)
                0x0201718c                __env_lock
 .text.__env_unlock
                0x02017190        0x4 c:/devkitpro/devkitarm/bin/../lib/gcc/arm-none-eabi/4.9.2/../../../../arm-none-eabi/lib\libg.a(lib_a-envlock.o)
                0x02017190                __env_unlock
 .text.__errno  0x02017194       0x10 c:/devkitpro/devkitarm/bin/../lib/gcc/arm-none-eabi/4.9.2/../../../../arm-none-eabi/lib\libg.a(lib_a-errno.o)
                0x02017194                __errno
 .text.malloc   0x020171a4       0x1c c:/devkitpro/devkitarm/bin/../lib/gcc/arm-none-eabi/4.9.2/../../../../arm-none-eabi/lib\libg.a(lib_a-malloc.o)
                0x020171a4                malloc
 .text.free     0x020171c0       0x1c c:/devkitpro/devkitarm/bin/../lib/gcc/arm-none-eabi/4.9.2/../../../../arm-none-eabi/lib\libg.a(lib_a-malloc.o)
                0x020171c0                free
 *fill*         0x020171dc        0x4 ff
 .text.free.__stub
                0x020171e0       0x48 linker stubs
 *(.stub)
 *(.gnu.warning)
 *(.gnu.linkonce.t*)
 *(.glue_7)
 .glue_7        0x02017238        0x0 linker stubs
 *(.glue_7t)
 .glue_7t       0x02017238        0x0 linker stubs
                0x02017238                . = ALIGN (0x4)

.vfp11_veneer   0x02017238        0x0
 .vfp11_veneer  0x02017238        0x0 linker stubs

.v4_bx          0x02017238        0x0
 .v4_bx         0x02017238        0x0 linker stubs

.iplt           0x02017238        0x0
 .iplt          0x02017238        0x0 c:/devkitpro/devkitarm/bin/../lib/gcc/arm-none-eabi/4.9.2/../../../../arm-none-eabi/lib/ds_arm9_crt0.o

.fini           0x02017238       0x18
 *(.fini)
 .fini          0x02017238        0xc c:/devkitpro/devkitarm/bin/../lib/gcc/arm-none-eabi/4.9.2/crti.o
                0x02017238                _fini
 .fini          0x02017244        0xc c:/devkitpro/devkitarm/bin/../lib/gcc/arm-none-eabi/4.9.2/crtn.o
                0x02017250                __text_end = .

.rodata         0x02017250      0x8f4
 *(.rodata)
 .rodata        0x02017250       0xa0 gfx_ball.o
                0x02017250                gfx_ballTiles
                0x020172d0                gfx_ballPal
 .rodata        0x020172f0       0x28 gfx_brick.o
                0x020172f0                gfx_brickTiles
                0x02017310                gfx_brickPal
 .rodata        0x02017318      0x120 gfx_gradient.o
                0x02017318                gfx_gradientTiles
                0x02017418                gfx_gradientPal
 .rodata        0x02017438       0x68 c:/devkitpro/devkitarm/bin/../lib/gcc/arm-none-eabi/4.9.2/../../../../arm-none-eabi/lib\libsysbase.a(iosupport.o)
                0x02017438                dotab_stdnull
 *all.rodata*(*)
 *(.roda)
 *(.rodata.*)
 .rodata.str1.4
                0x020174a0        0xa main.o
                                  0xc (size before relaxing)
 *fill*         0x020174aa        0x2 ff
 .rodata.zeroes.7052
                0x020174ac       0x10 c:/devkitpro/devkitarm/bin/../lib/gcc/arm-none-eabi/4.9.2/../../../../arm-none-eabi/lib\libg.a(lib_a-vfprintf.o)
 .rodata.str1.4
                0x020174bc       0x42 c:/devkitpro/devkitarm/bin/../lib/gcc/arm-none-eabi/4.9.2/../../../../arm-none-eabi/lib\libg.a(lib_a-vfprintf.o)
                                 0x44 (size before relaxing)
 *fill*         0x020174fe        0x2 ff
 .rodata.blanks.7051
                0x02017500       0x10 c:/devkitpro/devkitarm/bin/../lib/gcc/arm-none-eabi/4.9.2/../../../../arm-none-eabi/lib\libg.a(lib_a-vfprintf.o)
 .rodata.str1.4
                0x02017510       0x10 c:/devkitpro/devkitarm/bin/../lib/gcc/arm-none-eabi/4.9.2/../../../../arm-none-eabi/lib\libg.a(lib_a-dtoa.o)
                                 0x14 (size before relaxing)
 .rodata.str1.4
                0x02017520        0x2 c:/devkitpro/devkitarm/bin/../lib/gcc/arm-none-eabi/4.9.2/../../../../arm-none-eabi/lib\libg.a(lib_a-impure.o)
                                  0x4 (size before relaxing)
 *fill*         0x02017522        0x2 ff
 .rodata._global_impure_ptr
                0x02017524        0x4 c:/devkitpro/devkitarm/bin/../lib/gcc/arm-none-eabi/4.9.2/../../../../arm-none-eabi/lib\libg.a(lib_a-impure.o)
                0x02017524                _global_impure_ptr
 .rodata.str1.4
                0x02017528      0x126 c:/devkitpro/devkitarm/bin/../lib/gcc/arm-none-eabi/4.9.2/../../../../arm-none-eabi/lib\libg.a(lib_a-locale.o)
                                0x130 (size before relaxing)
 *fill*         0x0201764e        0x2 ff
 .rodata.categories
                0x02017650       0x1c c:/devkitpro/devkitarm/bin/../lib/gcc/arm-none-eabi/4.9.2/../../../../arm-none-eabi/lib\libg.a(lib_a-locale.o)
 .rodata.JIS_state_table
                0x0201766c       0x48 c:/devkitpro/devkitarm/bin/../lib/gcc/arm-none-eabi/4.9.2/../../../../arm-none-eabi/lib\libg.a(lib_a-mbtowc_r.o)
 .rodata.JIS_action_table
                0x020176b4       0x48 c:/devkitpro/devkitarm/bin/../lib/gcc/arm-none-eabi/4.9.2/../../../../arm-none-eabi/lib\libg.a(lib_a-mbtowc_r.o)
 .rodata.p05.5298
                0x020176fc        0xc c:/devkitpro/devkitarm/bin/../lib/gcc/arm-none-eabi/4.9.2/../../../../arm-none-eabi/lib\libg.a(lib_a-mprec.o)
 .rodata.__mprec_tens
                0x02017708       0xc8 c:/devkitpro/devkitarm/bin/../lib/gcc/arm-none-eabi/4.9.2/../../../../arm-none-eabi/lib\libg.a(lib_a-mprec.o)
                0x02017708                __mprec_tens
 .rodata.__mprec_bigtens
                0x020177d0       0x28 c:/devkitpro/devkitarm/bin/../lib/gcc/arm-none-eabi/4.9.2/../../../../arm-none-eabi/lib\libg.a(lib_a-mprec.o)
                0x020177d0                __mprec_bigtens
 .rodata.__mprec_tinytens
                0x020177f8       0x28 c:/devkitpro/devkitarm/bin/../lib/gcc/arm-none-eabi/4.9.2/../../../../arm-none-eabi/lib\libg.a(lib_a-mprec.o)
                0x020177f8                __mprec_tinytens
 .rodata.__state_table
                0x02017820       0x6c c:/devkitpro/devkitarm/bin/../lib/gcc/arm-none-eabi/4.9.2/../../../../arm-none-eabi/lib\libg.a(lib_a-svfiprintf.o)
                0x02017820                __state_table
 .rodata.blanks.7015
                0x0201788c       0x10 c:/devkitpro/devkitarm/bin/../lib/gcc/arm-none-eabi/4.9.2/../../../../arm-none-eabi/lib\libg.a(lib_a-svfiprintf.o)
 .rodata.__chclass
                0x0201789c      0x100 c:/devkitpro/devkitarm/bin/../lib/gcc/arm-none-eabi/4.9.2/../../../../arm-none-eabi/lib\libg.a(lib_a-svfiprintf.o)
                0x0201789c                __chclass
 .rodata.str1.4
                0x0201799c       0x30 c:/devkitpro/devkitarm/bin/../lib/gcc/arm-none-eabi/4.9.2/../../../../arm-none-eabi/lib\libg.a(lib_a-svfiprintf.o)
 .rodata.__action_table
                0x0201799c       0x6c c:/devkitpro/devkitarm/bin/../lib/gcc/arm-none-eabi/4.9.2/../../../../arm-none-eabi/lib\libg.a(lib_a-svfiprintf.o)
                0x0201799c                __action_table
 .rodata.zeroes.7016
                0x02017a08       0x10 c:/devkitpro/devkitarm/bin/../lib/gcc/arm-none-eabi/4.9.2/../../../../arm-none-eabi/lib\libg.a(lib_a-svfiprintf.o)
 .rodata.zeroes.7030
                0x02017a18       0x10 c:/devkitpro/devkitarm/bin/../lib/gcc/arm-none-eabi/4.9.2/../../../../arm-none-eabi/lib\libg.a(lib_a-vfiprintf.o)
 .rodata.str1.4
                0x02017a28       0x30 c:/devkitpro/devkitarm/bin/../lib/gcc/arm-none-eabi/4.9.2/../../../../arm-none-eabi/lib\libg.a(lib_a-vfiprintf.o)
 .rodata.blanks.7029
                0x02017a28       0x10 c:/devkitpro/devkitarm/bin/../lib/gcc/arm-none-eabi/4.9.2/../../../../arm-none-eabi/lib\libg.a(lib_a-vfiprintf.o)
 .rodata._ctype_
                0x02017a38      0x104 c:/devkitpro/devkitarm/bin/../lib/gcc/arm-none-eabi/4.9.2/../../../../arm-none-eabi/lib\libg.a(lib_a-ctype_.o)
                0x02017a38                _ctype_
 .rodata.str1.4
                0x02017b3c        0x8 c:/devkitpro/devkitarm/bin/../lib/gcc/arm-none-eabi/4.9.2/../../../../arm-none-eabi/lib\libsysbase.a(iosupport.o)
 *(.gnu.linkonce.r*)
                0x02017b44                . = ALIGN (0x4)

.rel.dyn        0x02017b44        0x0
 .rel.iplt      0x02017b44        0x0 c:/devkitpro/devkitarm/bin/../lib/gcc/arm-none-eabi/4.9.2/../../../../arm-none-eabi/lib/ds_arm9_crt0.o

.ARM.extab
 *(.ARM.extab* .gnu.linkonce.armextab.*)
                0x02017b44                __exidx_start = .

ARM.exidx
 *(.ARM.exidx* .gnu.linkonce.armexidx.*)
                0x02017b44                __exidx_end = .
                0x02017b44                . = ALIGN (0x4)
                0x02017b44                PROVIDE (__preinit_array_start, .)

.preinit_array
 *(.preinit_array)
                0x02017b44                PROVIDE (__preinit_array_end, .)
                0x02017b44                PROVIDE (__init_array_start, .)

.init_array     0x02017b44        0x4
 *(SORT(.init_array.*))
 *(.init_array)
 .init_array    0x02017b44        0x4 c:/devkitpro/devkitarm/bin/../lib/gcc/arm-none-eabi/4.9.2/crtbegin.o
                0x02017b48                PROVIDE (__init_array_end, .)
                0x02017b48                PROVIDE (__fini_array_start, .)

.fini_array     0x02017b48        0x4
 *(.fini_array)
 .fini_array    0x02017b48        0x4 c:/devkitpro/devkitarm/bin/../lib/gcc/arm-none-eabi/4.9.2/crtbegin.o
 *(SORT(.fini_array.*))
                0x02017b4c                PROVIDE (__fini_array_end, .)

.ctors          0x02017b4c        0x0
 *crtbegin.o(.ctors)
 *(EXCLUDE_FILE(*crtend.o) .ctors)
 *(SORT(.ctors.*))
 *(.ctors)
                0x02017b4c                . = ALIGN (0x4)

.dtors          0x02017b4c        0x0
 *crtbegin.o(.dtors)
 *(EXCLUDE_FILE(*crtend.o) .dtors)
 *(SORT(.dtors.*))
 *(.dtors)
                0x02017b4c                . = ALIGN (0x4)

.eh_frame       0x02017b4c       0x48
 *(.eh_frame)
 .eh_frame      0x02017b4c        0x0 c:/devkitpro/devkitarm/bin/../lib/gcc/arm-none-eabi/4.9.2/crtbegin.o
 .eh_frame      0x02017b4c       0x44 c:/devkitpro/devkitarm/bin/../lib/gcc/arm-none-eabi/4.9.2/../../../../arm-none-eabi/lib\libg.a(lib_a-strcmp.o)
 .eh_frame      0x02017b90        0x4 c:/devkitpro/devkitarm/bin/../lib/gcc/arm-none-eabi/4.9.2/crtend.o
                0x02017b94                . = ALIGN (0x4)

.gcc_except_table
                0x02017b94        0x0
 *(.gcc_except_table)
                0x02017b94                . = ALIGN (0x4)

.jcr            0x02017b94        0x4
 *(.jcr)
 .jcr           0x02017b94        0x0 c:/devkitpro/devkitarm/bin/../lib/gcc/arm-none-eabi/4.9.2/crtbegin.o
 .jcr           0x02017b94        0x4 c:/devkitpro/devkitarm/bin/../lib/gcc/arm-none-eabi/4.9.2/crtend.o

.got
 *(.got.plt)
 *(.got)
 *(.rel.got)

.ewram          0x02017b98        0x0
                0x02017b98                __ewram_start = ABSOLUTE (.)
 *(.ewram)
 *ewram.*(.text)
                0x02017b98                . = ALIGN (0x4)

.data           0x02017b98     0x1a44
                0x02017b98                __data_start = ABSOLUTE (.)
 *(.data)
 .data          0x02017b98        0x0 c:/devkitpro/devkitarm/bin/../lib/gcc/arm-none-eabi/4.9.2/../../../../arm-none-eabi/lib/ds_arm9_crt0.o
 .data          0x02017b98        0x0 c:/devkitpro/devkitarm/bin/../lib/gcc/arm-none-eabi/4.9.2/crti.o
 .data          0x02017b98        0x4 c:/devkitpro/devkitarm/bin/../lib/gcc/arm-none-eabi/4.9.2/crtbegin.o
                0x02017b98                __dso_handle
 .data          0x02017b9c        0x0 gfx_ball.o
 .data          0x02017b9c        0x0 gfx_brick.o
 .data          0x02017b9c        0x0 gfx_gradient.o
 .data          0x02017b9c        0x0 ball.o
 .data          0x02017b9c        0x0 main.o
 .data          0x02017b9c        0x0 c:/devkitPro/libnds/lib\libnds9.a(initSystem.o)
 .data          0x02017b9c       0x10 c:/devkitPro/libnds/lib\libnds9.a(fifosystem.o)
                0x02017b9c                fifo_buffer_free
                0x02017ba0                fifo_freewords
                0x02017ba4                fifo_send_queue
                0x02017ba8                fifo_receive_queue
 .data          0x02017bac        0x0 c:/devkitPro/libnds/lib\libnds9.a(libnds_exit.arm.o)
 .data          0x02017bac        0x0 c:/devkitPro/libnds/lib\libnds9.a(interrupts.o)
 .data          0x02017bac        0x0 c:/devkitPro/libnds/lib\libnds9.a(mpu_setup.o)
 .data          0x02017bac        0x0 c:/devkitPro/libnds/lib\libnds9.a(swiSoftReset.o)
 .data          0x02017bac        0x0 c:/devkitPro/libnds/lib\libnds9.a(biosCalls.o)
 .data          0x02017bac        0x0 c:/devkitPro/libnds/lib\libnds9.a(interruptDispatcher.o)
 .data          0x02017bac        0x0 c:/devkitPro/libnds/lib\libnds9.a(system.o)
 .data          0x02017bac        0x0 c:/devkitPro/libnds/lib\libnds9.a(video.o)
 .data          0x02017bac        0x0 c:/devkitPro/libnds/lib\libnds9.a(timeSupport.o)
 .data          0x02017bac        0x0 c:/devkitpro/devkitarm/bin/../lib/gcc/arm-none-eabi/4.9.2/../../../../arm-none-eabi/lib\libg.a(lib_a-init.o)
 .data          0x02017bac        0x0 c:/devkitpro/devkitarm/bin/../lib/gcc/arm-none-eabi/4.9.2/../../../../arm-none-eabi/lib\libg.a(lib_a-memcpy.o)
 .data          0x02017bac        0x0 c:/devkitpro/devkitarm/bin/../lib/gcc/arm-none-eabi/4.9.2/../../../../arm-none-eabi/lib\libg.a(lib_a-memset.o)
 .data          0x02017bac        0x0 c:/devkitpro/devkitarm/bin/../lib/gcc/arm-none-eabi/4.9.2/../../../../arm-none-eabi/lib\libg.a(lib_a-printf.o)
 .data          0x02017bac        0x0 c:/devkitpro/devkitarm/bin/../lib/gcc/arm-none-eabi/4.9.2/../../../../arm-none-eabi/lib\libg.a(lib_a-vfprintf.o)
 .data          0x02017bac        0x0 c:/devkitpro/devkitarm/bin/../lib/gcc/arm-none-eabi/4.9.2/../../../../arm-none-eabi/lib\libg.a(lib_a-wcrtomb.o)
 .data          0x02017bac        0x0 c:/devkitpro/devkitarm/bin/../lib/gcc/arm-none-eabi/4.9.2/../../../../arm-none-eabi/lib\libg.a(lib_a-wcsrtombs.o)
 .data          0x02017bac        0x0 c:/devkitpro/devkitarm/bin/../lib/gcc/arm-none-eabi/4.9.2/../../../../arm-none-eabi/lib\libg.a(lib_a-wctomb_r.o)
 .data          0x02017bac        0x0 c:/devkitpro/devkitarm/bin/../lib/gcc/arm-none-eabi/4.9.2/../../../../arm-none-eabi/lib\libg.a(lib_a-wsetup.o)
 .data          0x02017bac        0x0 c:/devkitpro/devkitarm/bin/../lib/gcc/arm-none-eabi/4.9.2/../../../../arm-none-eabi/lib\libg.a(lib_a-dtoa.o)
 .data          0x02017bac        0x0 c:/devkitpro/devkitarm/bin/../lib/gcc/arm-none-eabi/4.9.2/../../../../arm-none-eabi/lib\libg.a(lib_a-fflush.o)
 .data          0x02017bac        0x0 c:/devkitpro/devkitarm/bin/../lib/gcc/arm-none-eabi/4.9.2/../../../../arm-none-eabi/lib\libg.a(lib_a-findfp.o)
 .data          0x02017bac        0x0 c:/devkitpro/devkitarm/bin/../lib/gcc/arm-none-eabi/4.9.2/../../../../arm-none-eabi/lib\libg.a(lib_a-freer.o)
 .data          0x02017bac        0x0 c:/devkitpro/devkitarm/bin/../lib/gcc/arm-none-eabi/4.9.2/../../../../arm-none-eabi/lib\libg.a(lib_a-fwalk.o)
 .data          0x02017bac        0x0 c:/devkitpro/devkitarm/bin/../lib/gcc/arm-none-eabi/4.9.2/../../../../arm-none-eabi/lib\libg.a(lib_a-impure.o)
 .data          0x02017bac        0x0 c:/devkitpro/devkitarm/bin/../lib/gcc/arm-none-eabi/4.9.2/../../../../arm-none-eabi/lib\libg.a(lib_a-locale.o)
 .data          0x02017bac        0x0 c:/devkitpro/devkitarm/bin/../lib/gcc/arm-none-eabi/4.9.2/../../../../arm-none-eabi/lib\libg.a(lib_a-makebuf.o)
 .data          0x02017bac        0x0 c:/devkitpro/devkitarm/bin/../lib/gcc/arm-none-eabi/4.9.2/../../../../arm-none-eabi/lib\libg.a(lib_a-mallocr.o)
 .data          0x02017bac        0x0 c:/devkitpro/devkitarm/bin/../lib/gcc/arm-none-eabi/4.9.2/../../../../arm-none-eabi/lib\libg.a(lib_a-mbtowc_r.o)
 .data          0x02017bac        0x0 c:/devkitpro/devkitarm/bin/../lib/gcc/arm-none-eabi/4.9.2/../../../../arm-none-eabi/lib\libg.a(lib_a-memchr.o)
 .data          0x02017bac        0x0 c:/devkitpro/devkitarm/bin/../lib/gcc/arm-none-eabi/4.9.2/../../../../arm-none-eabi/lib\libg.a(lib_a-mlock.o)
 .data          0x02017bac        0x0 c:/devkitpro/devkitarm/bin/../lib/gcc/arm-none-eabi/4.9.2/../../../../arm-none-eabi/lib\libg.a(lib_a-mprec.o)
 .data          0x02017bac        0x0 c:/devkitpro/devkitarm/bin/../lib/gcc/arm-none-eabi/4.9.2/../../../../arm-none-eabi/lib\libg.a(lib_a-s_fpclassify.o)
 .data          0x02017bac        0x0 c:/devkitpro/devkitarm/bin/../lib/gcc/arm-none-eabi/4.9.2/../../../../arm-none-eabi/lib\libg.a(lib_a-s_frexp.o)
 .data          0x02017bac        0x0 c:/devkitpro/devkitarm/bin/../lib/gcc/arm-none-eabi/4.9.2/../../../../arm-none-eabi/lib\libg.a(lib_a-stdio.o)
 .data          0x02017bac        0x0 c:/devkitpro/devkitarm/bin/../lib/gcc/arm-none-eabi/4.9.2/../../../../arm-none-eabi/lib\libg.a(lib_a-strcasecmp.o)
 .data          0x02017bac        0x0 c:/devkitpro/devkitarm/bin/../lib/gcc/arm-none-eabi/4.9.2/../../../../arm-none-eabi/lib\libg.a(lib_a-strcat.o)
 .data          0x02017bac        0x0 c:/devkitpro/devkitarm/bin/../lib/gcc/arm-none-eabi/4.9.2/../../../../arm-none-eabi/lib\libg.a(lib_a-strchr.o)
 .data          0x02017bac        0x0 c:/devkitpro/devkitarm/bin/../lib/gcc/arm-none-eabi/4.9.2/../../../../arm-none-eabi/lib\libg.a(lib_a-strcmp.o)
 .data          0x02017bac        0x0 c:/devkitpro/devkitarm/bin/../lib/gcc/arm-none-eabi/4.9.2/../../../../arm-none-eabi/lib\libg.a(lib_a-strcpy.o)
 .data          0x02017bac        0x0 c:/devkitpro/devkitarm/bin/../lib/gcc/arm-none-eabi/4.9.2/../../../../arm-none-eabi/lib\libg.a(lib_a-strlcpy.o)
 .data          0x02017bac        0x0 c:/devkitpro/devkitarm/bin/../lib/gcc/arm-none-eabi/4.9.2/../../../../arm-none-eabi/lib\libg.a(lib_a-strlen.o)
 .data          0x02017bac        0x0 c:/devkitpro/devkitarm/bin/../lib/gcc/arm-none-eabi/4.9.2/../../../../arm-none-eabi/lib\libg.a(lib_a-strncasecmp.o)
 .data          0x02017bac        0x0 c:/devkitpro/devkitarm/bin/../lib/gcc/arm-none-eabi/4.9.2/../../../../arm-none-eabi/lib\libg.a(lib_a-strncmp.o)
 .data          0x02017bac        0x0 c:/devkitpro/devkitarm/bin/../lib/gcc/arm-none-eabi/4.9.2/../../../../arm-none-eabi/lib\libg.a(lib_a-strncpy.o)
 .data          0x02017bac        0x0 c:/devkitpro/devkitarm/bin/../lib/gcc/arm-none-eabi/4.9.2/../../../../arm-none-eabi/lib\libg.a(lib_a-strtol.o)
 .data          0x02017bac        0x0 c:/devkitpro/devkitarm/bin/../lib/gcc/arm-none-eabi/4.9.2/../../../../arm-none-eabi/lib\libg.a(lib_a-svfiprintf.o)
 .data          0x02017bac        0x0 c:/devkitpro/devkitarm/bin/../lib/gcc/arm-none-eabi/4.9.2/../../../../arm-none-eabi/lib\libg.a(lib_a-vfiprintf.o)
 .data          0x02017bac        0x0 c:/devkitpro/devkitarm/bin/../lib/gcc/arm-none-eabi/4.9.2/../../../../arm-none-eabi/lib\libg.a(lib_a-wcsnrtombs.o)
 .data          0x02017bac        0x0 c:/devkitpro/devkitarm/bin/../lib/gcc/arm-none-eabi/4.9.2/../../../../arm-none-eabi/lib\libg.a(lib_a-callocr.o)
 .data          0x02017bac        0x0 c:/devkitpro/devkitarm/bin/../lib/gcc/arm-none-eabi/4.9.2/../../../../arm-none-eabi/lib\libg.a(lib_a-ctype_.o)
 .data          0x02017bac        0x0 c:/devkitpro/devkitarm/bin/../lib/gcc/arm-none-eabi/4.9.2/../../../../arm-none-eabi/lib\libg.a(lib_a-fclose.o)
 .data          0x02017bac        0x0 c:/devkitpro/devkitarm/bin/../lib/gcc/arm-none-eabi/4.9.2/../../../../arm-none-eabi/lib\libg.a(lib_a-fputwc.o)
 .data          0x02017bac        0x0 c:/devkitpro/devkitarm/bin/../lib/gcc/arm-none-eabi/4.9.2/../../../../arm-none-eabi/lib\libg.a(lib_a-fvwrite.o)
 .data          0x02017bac        0x0 c:/devkitpro/devkitarm/bin/../lib/gcc/arm-none-eabi/4.9.2/../../../../arm-none-eabi/lib\libg.a(lib_a-getenv_r.o)
 .data          0x02017bac        0x0 c:/devkitpro/devkitarm/bin/../lib/gcc/arm-none-eabi/4.9.2/../../../../arm-none-eabi/lib\libg.a(lib_a-memmove.o)
 .data          0x02017bac        0x0 c:/devkitpro/devkitarm/bin/../lib/gcc/arm-none-eabi/4.9.2/../../../../arm-none-eabi/lib\libg.a(lib_a-reallocr.o)
 .data          0x02017bac        0x0 c:/devkitpro/devkitarm/bin/../lib/gcc/arm-none-eabi/4.9.2/../../../../arm-none-eabi/lib\libg.a(lib_a-wbuf.o)
 .data          0x02017bac        0x0 c:/devkitpro/devkitarm/bin/../lib/gcc/arm-none-eabi/4.9.2/../../../../arm-none-eabi/lib\libg.a(lib_a-environ.o)
 .data          0x02017bac        0x0 c:/devkitpro/devkitarm/bin/../lib/gcc/arm-none-eabi/4.9.2/../../../../arm-none-eabi/lib\libg.a(lib_a-envlock.o)
 .data          0x02017bac        0x0 c:/devkitpro/devkitarm/bin/../lib/gcc/arm-none-eabi/4.9.2/../../../../arm-none-eabi/lib\libsysbase.a(close.o)
 .data          0x02017bac        0x0 c:/devkitpro/devkitarm/bin/../lib/gcc/arm-none-eabi/4.9.2/../../../../arm-none-eabi/lib\libsysbase.a(fstat.o)
 .data          0x02017bac        0x0 c:/devkitpro/devkitarm/bin/../lib/gcc/arm-none-eabi/4.9.2/../../../../arm-none-eabi/lib\libsysbase.a(isatty.o)
 .data          0x02017bac        0x0 c:/devkitpro/devkitarm/bin/../lib/gcc/arm-none-eabi/4.9.2/../../../../arm-none-eabi/lib\libsysbase.a(lseek.o)
 .data          0x02017bac        0x0 c:/devkitpro/devkitarm/bin/../lib/gcc/arm-none-eabi/4.9.2/../../../../arm-none-eabi/lib\libsysbase.a(read.o)
 .data          0x02017bac        0x0 c:/devkitpro/devkitarm/bin/../lib/gcc/arm-none-eabi/4.9.2/../../../../arm-none-eabi/lib\libsysbase.a(sbrk.o)
 .data          0x02017bac        0x0 c:/devkitpro/devkitarm/bin/../lib/gcc/arm-none-eabi/4.9.2/../../../../arm-none-eabi/lib\libsysbase.a(write.o)
 .data          0x02017bac        0x0 c:/devkitpro/devkitarm/bin/../lib/gcc/arm-none-eabi/4.9.2/../../../../arm-none-eabi/lib\libsysbase.a(malloc_vars.o)
 .data          0x02017bac        0x0 c:/devkitpro/devkitarm/bin/../lib/gcc/arm-none-eabi/4.9.2/../../../../arm-none-eabi/lib\libsysbase.a(build_argv.o)
 .data          0x02017bac        0x0 c:/devkitpro/devkitarm/bin/../lib/gcc/arm-none-eabi/4.9.2/../../../../arm-none-eabi/lib\libsysbase.a(flock.o)
 .data          0x02017bac        0x0 c:/devkitpro/devkitarm/bin/../lib/gcc/arm-none-eabi/4.9.2/../../../../arm-none-eabi/lib\libsysbase.a(syscall_support.o)
 .data          0x02017bac     0x1024 c:/devkitpro/devkitarm/bin/../lib/gcc/arm-none-eabi/4.9.2/../../../../arm-none-eabi/lib\libsysbase.a(handle_manager.o)
 .data          0x02018bd0        0x0 c:/devkitpro/devkitarm/bin/../lib/gcc/arm-none-eabi/4.9.2/../../../../arm-none-eabi/lib\libsysbase.a(getreent.o)
 .data          0x02018bd0       0x44 c:/devkitpro/devkitarm/bin/../lib/gcc/arm-none-eabi/4.9.2/../../../../arm-none-eabi/lib\libsysbase.a(iosupport.o)
                0x02018bd4                devoptab_list
 .data          0x02018c14        0x0 c:/devkitpro/devkitarm/bin/../lib/gcc/arm-none-eabi/4.9.2\libgcc.a(_udivsi3.o)
 .data          0x02018c14        0x0 c:/devkitpro/devkitarm/bin/../lib/gcc/arm-none-eabi/4.9.2\libgcc.a(_divsi3.o)
 .data          0x02018c14        0x0 c:/devkitpro/devkitarm/bin/../lib/gcc/arm-none-eabi/4.9.2\libgcc.a(_dvmd_tls.o)
 .data          0x02018c14        0x0 c:/devkitpro/devkitarm/bin/../lib/gcc/arm-none-eabi/4.9.2\libgcc.a(_arm_addsubdf3.o)
 .data          0x02018c14        0x0 c:/devkitpro/devkitarm/bin/../lib/gcc/arm-none-eabi/4.9.2\libgcc.a(_arm_muldivdf3.o)
 .data          0x02018c14        0x0 c:/devkitpro/devkitarm/bin/../lib/gcc/arm-none-eabi/4.9.2\libgcc.a(_arm_cmpdf2.o)
 .data          0x02018c14        0x0 c:/devkitpro/devkitarm/bin/../lib/gcc/arm-none-eabi/4.9.2\libgcc.a(_arm_fixdfsi.o)
 .data          0x02018c14        0x0 c:/devkitpro/devkitarm/bin/../lib/gcc/arm-none-eabi/4.9.2\libgcc.a(_aeabi_uldivmod.o)
 .data          0x02018c14        0x0 c:/devkitpro/devkitarm/bin/../lib/gcc/arm-none-eabi/4.9.2\libgcc.a(bpabi.o)
 .data          0x02018c14        0x0 c:/devkitpro/devkitarm/bin/../lib/gcc/arm-none-eabi/4.9.2\libgcc.a(_divdi3.o)
 .data          0x02018c14        0x0 c:/devkitpro/devkitarm/bin/../lib/gcc/arm-none-eabi/4.9.2\libgcc.a(_udivdi3.o)
 .data          0x02018c14        0x0 c:/devkitpro/devkitarm/bin/../lib/gcc/arm-none-eabi/4.9.2\libgcc.a(_clzdi2.o)
 .data          0x02018c14        0x0 c:/devkitpro/devkitarm/bin/../lib/gcc/arm-none-eabi/4.9.2\libgcc.a(_clzsi2.o)
 .data          0x02018c14        0x0 c:/devkitpro/devkitarm/bin/../lib/gcc/arm-none-eabi/4.9.2/../../../../arm-none-eabi/lib\libg.a(lib_a-errno.o)
 .data          0x02018c14        0x0 c:/devkitpro/devkitarm/bin/../lib/gcc/arm-none-eabi/4.9.2/../../../../arm-none-eabi/lib\libg.a(lib_a-malloc.o)
 .data          0x02018c14        0x0 c:/devkitpro/devkitarm/bin/../lib/gcc/arm-none-eabi/4.9.2/crtend.o
 .data          0x02018c14        0x0 c:/devkitpro/devkitarm/bin/../lib/gcc/arm-none-eabi/4.9.2/crtn.o
 *(.data.*)
 .data.__wctomb
                0x02018c14        0x4 c:/devkitpro/devkitarm/bin/../lib/gcc/arm-none-eabi/4.9.2/../../../../arm-none-eabi/lib\libg.a(lib_a-wctomb_r.o)
                0x02018c14                __wctomb
 .data.impure_data
                0x02018c18      0x428 c:/devkitpro/devkitarm/bin/../lib/gcc/arm-none-eabi/4.9.2/../../../../arm-none-eabi/lib\libg.a(lib_a-impure.o)
 .data._impure_ptr
                0x02019040        0x4 c:/devkitpro/devkitarm/bin/../lib/gcc/arm-none-eabi/4.9.2/../../../../arm-none-eabi/lib\libg.a(lib_a-impure.o)
                0x02019040                _impure_ptr
 .data.lc_message_charset
                0x02019044       0x20 c:/devkitpro/devkitarm/bin/../lib/gcc/arm-none-eabi/4.9.2/../../../../arm-none-eabi/lib\libg.a(lib_a-locale.o)
 .data.lconv    0x02019064       0x38 c:/devkitpro/devkitarm/bin/../lib/gcc/arm-none-eabi/4.9.2/../../../../arm-none-eabi/lib\libg.a(lib_a-locale.o)
 .data.current_categories
                0x0201909c       0xe0 c:/devkitpro/devkitarm/bin/../lib/gcc/arm-none-eabi/4.9.2/../../../../arm-none-eabi/lib\libg.a(lib_a-locale.o)
 .data.lc_ctype_charset
                0x0201917c       0x20 c:/devkitpro/devkitarm/bin/../lib/gcc/arm-none-eabi/4.9.2/../../../../arm-none-eabi/lib\libg.a(lib_a-locale.o)
 .data.__default_locale
                0x0201919c       0x20 c:/devkitpro/devkitarm/bin/../lib/gcc/arm-none-eabi/4.9.2/../../../../arm-none-eabi/lib\libg.a(lib_a-locale.o)
                0x0201919c                __default_locale
 .data.__mb_cur_max
                0x020191bc        0x4 c:/devkitpro/devkitarm/bin/../lib/gcc/arm-none-eabi/4.9.2/../../../../arm-none-eabi/lib\libg.a(lib_a-locale.o)
                0x020191bc                __mb_cur_max
 .data.__malloc_av_
                0x020191c0      0x408 c:/devkitpro/devkitarm/bin/../lib/gcc/arm-none-eabi/4.9.2/../../../../arm-none-eabi/lib\libg.a(lib_a-mallocr.o)
                0x020191c0                __malloc_av_
 .data.__malloc_trim_threshold
                0x020195c8        0x4 c:/devkitpro/devkitarm/bin/../lib/gcc/arm-none-eabi/4.9.2/../../../../arm-none-eabi/lib\libg.a(lib_a-mallocr.o)
                0x020195c8                __malloc_trim_threshold
 .data.__malloc_sbrk_base
                0x020195cc        0x4 c:/devkitpro/devkitarm/bin/../lib/gcc/arm-none-eabi/4.9.2/../../../../arm-none-eabi/lib\libg.a(lib_a-mallocr.o)
                0x020195cc                __malloc_sbrk_base
 .data.__mbtowc
                0x020195d0        0x4 c:/devkitpro/devkitarm/bin/../lib/gcc/arm-none-eabi/4.9.2/../../../../arm-none-eabi/lib\libg.a(lib_a-mbtowc_r.o)
                0x020195d0                __mbtowc
 .data.__ctype_ptr__
                0x020195d4        0x4 c:/devkitpro/devkitarm/bin/../lib/gcc/arm-none-eabi/4.9.2/../../../../arm-none-eabi/lib\libg.a(lib_a-ctype_.o)
                0x020195d4                __ctype_ptr__
 .data.environ  0x020195d8        0x4 c:/devkitpro/devkitarm/bin/../lib/gcc/arm-none-eabi/4.9.2/../../../../arm-none-eabi/lib\libg.a(lib_a-environ.o)
                0x020195d8                environ
 *(.gnu.linkonce.d*)
                0x020195dc                . = ALIGN (0x4)
                0x020195dc                __data_end = ABSOLUTE (.)
                0x020195dc                __dtcm_lma = .
                0x020195dc                __bss_vma = .

.igot.plt       0x020195dc        0x0
 .igot.plt      0x020195dc        0x0 c:/devkitpro/devkitarm/bin/../lib/gcc/arm-none-eabi/4.9.2/../../../../arm-none-eabi/lib/ds_arm9_crt0.o

.tm_clone_table
                0x020195dc        0x0
 .tm_clone_table
                0x020195dc        0x0 c:/devkitpro/devkitarm/bin/../lib/gcc/arm-none-eabi/4.9.2/crtbegin.o
 .tm_clone_table
                0x020195dc        0x0 c:/devkitpro/devkitarm/bin/../lib/gcc/arm-none-eabi/4.9.2/crtend.o

.dtcm           0x0b000000        0x0 load address 0x020195dc
 *(.dtcm)
 *(.dtcm.*)
                0x0b000000                . = ALIGN (0x4)
                0x0b000000                __dtcm_end = ABSOLUTE (.)
                0x020195dc                __itcm_lma = (__dtcm_lma + SIZEOF (.dtcm))

.itcm           0x01000100      0x194 load address 0x020195dc
 *(.itcm)
 .itcm          0x01000100       0xc8 c:/devkitPro/libnds/lib\libnds9.a(interrupts.o)
                0x01000100                irqTable
 .itcm          0x010001c8       0xcc c:/devkitPro/libnds/lib\libnds9.a(interruptDispatcher.o)
                0x010001c8                IntrMain
 *itcm.*(.text)
                0x01000294                . = ALIGN (0x4)
                0x01000294                __itcm_end = ABSOLUTE (.)
                0x02019770                __vectors_lma = (__itcm_lma + SIZEOF (.itcm))

.vectors        0x01000000        0x0 load address 0x02019770
 *(.vectors)
 *vectors.*(.text)
                0x01000000                . = ALIGN (0x4)
                0x01000000                __vectors_end = ABSOLUTE (.)

.sbss           0x0b000000        0x0
                0x0b000000                __sbss_start = ABSOLUTE (.)
                0x0b000000                __sbss_start__ = ABSOLUTE (.)
 *(.sbss)
                0x0b000000                . = ALIGN (0x4)
                0x0b000000                __sbss_end = ABSOLUTE (.)

.bss            0x020195dc      0xdc4
                0x020195dc                __bss_start = ABSOLUTE (.)
                0x020195dc                __bss_start__ = ABSOLUTE (.)
 *(.dynbss)
 *(.gnu.linkonce.b*)
 *(.bss*)
 .bss           0x020195dc        0x0 c:/devkitpro/devkitarm/bin/../lib/gcc/arm-none-eabi/4.9.2/../../../../arm-none-eabi/lib/ds_arm9_crt0.o
 .bss           0x020195dc        0x0 c:/devkitpro/devkitarm/bin/../lib/gcc/arm-none-eabi/4.9.2/crti.o
 .bss           0x020195dc       0x1c c:/devkitpro/devkitarm/bin/../lib/gcc/arm-none-eabi/4.9.2/crtbegin.o
 .bss           0x020195f8        0x0 gfx_ball.o
 .bss           0x020195f8        0x0 gfx_brick.o
 .bss           0x020195f8        0x0 gfx_gradient.o
 .bss           0x020195f8        0x0 ball.o
 .bss           0x020195f8        0x0 main.o
 .bss           0x020195f8        0x0 c:/devkitPro/libnds/lib\libnds9.a(initSystem.o)
 .bss           0x020195f8        0x8 c:/devkitPro/libnds/lib\libnds9.a(fifosystem.o)
                0x020195fc                processing
 .bss           0x02019600        0x0 c:/devkitPro/libnds/lib\libnds9.a(libnds_exit.arm.o)
 .bss           0x02019600        0x0 c:/devkitPro/libnds/lib\libnds9.a(interrupts.o)
 .bss           0x02019600        0x0 c:/devkitPro/libnds/lib\libnds9.a(mpu_setup.o)
 .bss           0x02019600        0x0 c:/devkitPro/libnds/lib\libnds9.a(swiSoftReset.o)
 .bss           0x02019600        0x0 c:/devkitPro/libnds/lib\libnds9.a(biosCalls.o)
 .bss           0x02019600        0x0 c:/devkitPro/libnds/lib\libnds9.a(interruptDispatcher.o)
 .bss           0x02019600        0x4 c:/devkitPro/libnds/lib\libnds9.a(system.o)
 .bss           0x02019604        0x0 c:/devkitPro/libnds/lib\libnds9.a(video.o)
 .bss           0x02019604        0x0 c:/devkitPro/libnds/lib\libnds9.a(timeSupport.o)
 .bss           0x02019604        0x0 c:/devkitpro/devkitarm/bin/../lib/gcc/arm-none-eabi/4.9.2/../../../../arm-none-eabi/lib\libg.a(lib_a-init.o)
 .bss           0x02019604        0x0 c:/devkitpro/devkitarm/bin/../lib/gcc/arm-none-eabi/4.9.2/../../../../arm-none-eabi/lib\libg.a(lib_a-memcpy.o)
 .bss           0x02019604        0x0 c:/devkitpro/devkitarm/bin/../lib/gcc/arm-none-eabi/4.9.2/../../../../arm-none-eabi/lib\libg.a(lib_a-memset.o)
 .bss           0x02019604        0x0 c:/devkitpro/devkitarm/bin/../lib/gcc/arm-none-eabi/4.9.2/../../../../arm-none-eabi/lib\libg.a(lib_a-printf.o)
 .bss           0x02019604        0x0 c:/devkitpro/devkitarm/bin/../lib/gcc/arm-none-eabi/4.9.2/../../../../arm-none-eabi/lib\libg.a(lib_a-vfprintf.o)
 .bss           0x02019604        0x0 c:/devkitpro/devkitarm/bin/../lib/gcc/arm-none-eabi/4.9.2/../../../../arm-none-eabi/lib\libg.a(lib_a-wcrtomb.o)
 .bss           0x02019604        0x0 c:/devkitpro/devkitarm/bin/../lib/gcc/arm-none-eabi/4.9.2/../../../../arm-none-eabi/lib\libg.a(lib_a-wcsrtombs.o)
 .bss           0x02019604        0x0 c:/devkitpro/devkitarm/bin/../lib/gcc/arm-none-eabi/4.9.2/../../../../arm-none-eabi/lib\libg.a(lib_a-wctomb_r.o)
 .bss           0x02019604        0x0 c:/devkitpro/devkitarm/bin/../lib/gcc/arm-none-eabi/4.9.2/../../../../arm-none-eabi/lib\libg.a(lib_a-wsetup.o)
 .bss           0x02019604        0x0 c:/devkitpro/devkitarm/bin/../lib/gcc/arm-none-eabi/4.9.2/../../../../arm-none-eabi/lib\libg.a(lib_a-dtoa.o)
 .bss           0x02019604        0x0 c:/devkitpro/devkitarm/bin/../lib/gcc/arm-none-eabi/4.9.2/../../../../arm-none-eabi/lib\libg.a(lib_a-fflush.o)
 .bss           0x02019604        0x0 c:/devkitpro/devkitarm/bin/../lib/gcc/arm-none-eabi/4.9.2/../../../../arm-none-eabi/lib\libg.a(lib_a-findfp.o)
 .bss           0x02019604        0x0 c:/devkitpro/devkitarm/bin/../lib/gcc/arm-none-eabi/4.9.2/../../../../arm-none-eabi/lib\libg.a(lib_a-freer.o)
 .bss           0x02019604        0x0 c:/devkitpro/devkitarm/bin/../lib/gcc/arm-none-eabi/4.9.2/../../../../arm-none-eabi/lib\libg.a(lib_a-fwalk.o)
 .bss           0x02019604        0x0 c:/devkitpro/devkitarm/bin/../lib/gcc/arm-none-eabi/4.9.2/../../../../arm-none-eabi/lib\libg.a(lib_a-impure.o)
 .bss           0x02019604        0x0 c:/devkitpro/devkitarm/bin/../lib/gcc/arm-none-eabi/4.9.2/../../../../arm-none-eabi/lib\libg.a(lib_a-locale.o)
 .bss._PathLocale
                0x02019604        0x4 c:/devkitpro/devkitarm/bin/../lib/gcc/arm-none-eabi/4.9.2/../../../../arm-none-eabi/lib\libg.a(lib_a-locale.o)
                0x02019604                _PathLocale
 .bss.__nlocale_changed
                0x02019608        0x4 c:/devkitpro/devkitarm/bin/../lib/gcc/arm-none-eabi/4.9.2/../../../../arm-none-eabi/lib\libg.a(lib_a-locale.o)
                0x02019608                __nlocale_changed
 .bss.__mlocale_changed
                0x0201960c        0x4 c:/devkitpro/devkitarm/bin/../lib/gcc/arm-none-eabi/4.9.2/../../../../arm-none-eabi/lib\libg.a(lib_a-locale.o)
                0x0201960c                __mlocale_changed
 .bss.lc_ctype_cjk_lang
                0x02019610        0x4 c:/devkitpro/devkitarm/bin/../lib/gcc/arm-none-eabi/4.9.2/../../../../arm-none-eabi/lib\libg.a(lib_a-locale.o)
 .bss.new_categories
                0x02019614       0xe0 c:/devkitpro/devkitarm/bin/../lib/gcc/arm-none-eabi/4.9.2/../../../../arm-none-eabi/lib\libg.a(lib_a-locale.o)
 .bss.current_locale_string
                0x020196f4       0xe8 c:/devkitpro/devkitarm/bin/../lib/gcc/arm-none-eabi/4.9.2/../../../../arm-none-eabi/lib\libg.a(lib_a-locale.o)
 .bss.saved_categories
                0x020197dc       0xe0 c:/devkitpro/devkitarm/bin/../lib/gcc/arm-none-eabi/4.9.2/../../../../arm-none-eabi/lib\libg.a(lib_a-locale.o)
 .bss           0x020198bc        0x0 c:/devkitpro/devkitarm/bin/../lib/gcc/arm-none-eabi/4.9.2/../../../../arm-none-eabi/lib\libg.a(lib_a-makebuf.o)
 .bss           0x020198bc        0x0 c:/devkitpro/devkitarm/bin/../lib/gcc/arm-none-eabi/4.9.2/../../../../arm-none-eabi/lib\libg.a(lib_a-mallocr.o)
 .bss.__malloc_max_total_mem
                0x020198bc        0x4 c:/devkitpro/devkitarm/bin/../lib/gcc/arm-none-eabi/4.9.2/../../../../arm-none-eabi/lib\libg.a(lib_a-mallocr.o)
                0x020198bc                __malloc_max_total_mem
 .bss.__malloc_max_sbrked_mem
                0x020198c0        0x4 c:/devkitpro/devkitarm/bin/../lib/gcc/arm-none-eabi/4.9.2/../../../../arm-none-eabi/lib\libg.a(lib_a-mallocr.o)
                0x020198c0                __malloc_max_sbrked_mem
 .bss.__malloc_top_pad
                0x020198c4        0x4 c:/devkitpro/devkitarm/bin/../lib/gcc/arm-none-eabi/4.9.2/../../../../arm-none-eabi/lib\libg.a(lib_a-mallocr.o)
                0x020198c4                __malloc_top_pad
 .bss.__malloc_current_mallinfo
                0x020198c8       0x28 c:/devkitpro/devkitarm/bin/../lib/gcc/arm-none-eabi/4.9.2/../../../../arm-none-eabi/lib\libg.a(lib_a-mallocr.o)
                0x020198c8                __malloc_current_mallinfo
 .bss           0x020198f0        0x0 c:/devkitpro/devkitarm/bin/../lib/gcc/arm-none-eabi/4.9.2/../../../../arm-none-eabi/lib\libg.a(lib_a-mbtowc_r.o)
 .bss           0x020198f0        0x0 c:/devkitpro/devkitarm/bin/../lib/gcc/arm-none-eabi/4.9.2/../../../../arm-none-eabi/lib\libg.a(lib_a-memchr.o)
 .bss           0x020198f0        0x0 c:/devkitpro/devkitarm/bin/../lib/gcc/arm-none-eabi/4.9.2/../../../../arm-none-eabi/lib\libg.a(lib_a-mlock.o)
 .bss           0x020198f0        0x0 c:/devkitpro/devkitarm/bin/../lib/gcc/arm-none-eabi/4.9.2/../../../../arm-none-eabi/lib\libg.a(lib_a-mprec.o)
 .bss           0x020198f0        0x0 c:/devkitpro/devkitarm/bin/../lib/gcc/arm-none-eabi/4.9.2/../../../../arm-none-eabi/lib\libg.a(lib_a-s_fpclassify.o)
 .bss           0x020198f0        0x0 c:/devkitpro/devkitarm/bin/../lib/gcc/arm-none-eabi/4.9.2/../../../../arm-none-eabi/lib\libg.a(lib_a-s_frexp.o)
 .bss           0x020198f0        0x0 c:/devkitpro/devkitarm/bin/../lib/gcc/arm-none-eabi/4.9.2/../../../../arm-none-eabi/lib\libg.a(lib_a-stdio.o)
 .bss           0x020198f0        0x0 c:/devkitpro/devkitarm/bin/../lib/gcc/arm-none-eabi/4.9.2/../../../../arm-none-eabi/lib\libg.a(lib_a-strcasecmp.o)
 .bss           0x020198f0        0x0 c:/devkitpro/devkitarm/bin/../lib/gcc/arm-none-eabi/4.9.2/../../../../arm-none-eabi/lib\libg.a(lib_a-strcat.o)
 .bss           0x020198f0        0x0 c:/devkitpro/devkitarm/bin/../lib/gcc/arm-none-eabi/4.9.2/../../../../arm-none-eabi/lib\libg.a(lib_a-strchr.o)
 .bss           0x020198f0        0x0 c:/devkitpro/devkitarm/bin/../lib/gcc/arm-none-eabi/4.9.2/../../../../arm-none-eabi/lib\libg.a(lib_a-strcmp.o)
 .bss           0x020198f0        0x0 c:/devkitpro/devkitarm/bin/../lib/gcc/arm-none-eabi/4.9.2/../../../../arm-none-eabi/lib\libg.a(lib_a-strcpy.o)
 .bss           0x020198f0        0x0 c:/devkitpro/devkitarm/bin/../lib/gcc/arm-none-eabi/4.9.2/../../../../arm-none-eabi/lib\libg.a(lib_a-strlcpy.o)
 .bss           0x020198f0        0x0 c:/devkitpro/devkitarm/bin/../lib/gcc/arm-none-eabi/4.9.2/../../../../arm-none-eabi/lib\libg.a(lib_a-strlen.o)
 .bss           0x020198f0        0x0 c:/devkitpro/devkitarm/bin/../lib/gcc/arm-none-eabi/4.9.2/../../../../arm-none-eabi/lib\libg.a(lib_a-strncasecmp.o)
 .bss           0x020198f0        0x0 c:/devkitpro/devkitarm/bin/../lib/gcc/arm-none-eabi/4.9.2/../../../../arm-none-eabi/lib\libg.a(lib_a-strncmp.o)
 .bss           0x020198f0        0x0 c:/devkitpro/devkitarm/bin/../lib/gcc/arm-none-eabi/4.9.2/../../../../arm-none-eabi/lib\libg.a(lib_a-strncpy.o)
 .bss           0x020198f0        0x0 c:/devkitpro/devkitarm/bin/../lib/gcc/arm-none-eabi/4.9.2/../../../../arm-none-eabi/lib\libg.a(lib_a-strtol.o)
 .bss           0x020198f0        0x0 c:/devkitpro/devkitarm/bin/../lib/gcc/arm-none-eabi/4.9.2/../../../../arm-none-eabi/lib\libg.a(lib_a-svfiprintf.o)
 .bss           0x020198f0        0x0 c:/devkitpro/devkitarm/bin/../lib/gcc/arm-none-eabi/4.9.2/../../../../arm-none-eabi/lib\libg.a(lib_a-vfiprintf.o)
 .bss           0x020198f0        0x0 c:/devkitpro/devkitarm/bin/../lib/gcc/arm-none-eabi/4.9.2/../../../../arm-none-eabi/lib\libg.a(lib_a-wcsnrtombs.o)
 .bss           0x020198f0        0x0 c:/devkitpro/devkitarm/bin/../lib/gcc/arm-none-eabi/4.9.2/../../../../arm-none-eabi/lib\libg.a(lib_a-callocr.o)
 .bss           0x020198f0        0x0 c:/devkitpro/devkitarm/bin/../lib/gcc/arm-none-eabi/4.9.2/../../../../arm-none-eabi/lib\libg.a(lib_a-ctype_.o)
 .bss           0x020198f0        0x0 c:/devkitpro/devkitarm/bin/../lib/gcc/arm-none-eabi/4.9.2/../../../../arm-none-eabi/lib\libg.a(lib_a-fclose.o)
 .bss           0x020198f0        0x0 c:/devkitpro/devkitarm/bin/../lib/gcc/arm-none-eabi/4.9.2/../../../../arm-none-eabi/lib\libg.a(lib_a-fputwc.o)
 .bss           0x020198f0        0x0 c:/devkitpro/devkitarm/bin/../lib/gcc/arm-none-eabi/4.9.2/../../../../arm-none-eabi/lib\libg.a(lib_a-fvwrite.o)
 .bss           0x020198f0        0x0 c:/devkitpro/devkitarm/bin/../lib/gcc/arm-none-eabi/4.9.2/../../../../arm-none-eabi/lib\libg.a(lib_a-getenv_r.o)
 .bss           0x020198f0        0x0 c:/devkitpro/devkitarm/bin/../lib/gcc/arm-none-eabi/4.9.2/../../../../arm-none-eabi/lib\libg.a(lib_a-memmove.o)
 .bss           0x020198f0        0x0 c:/devkitpro/devkitarm/bin/../lib/gcc/arm-none-eabi/4.9.2/../../../../arm-none-eabi/lib\libg.a(lib_a-reallocr.o)
 .bss           0x020198f0        0x0 c:/devkitpro/devkitarm/bin/../lib/gcc/arm-none-eabi/4.9.2/../../../../arm-none-eabi/lib\libg.a(lib_a-wbuf.o)
 .bss           0x020198f0        0x0 c:/devkitpro/devkitarm/bin/../lib/gcc/arm-none-eabi/4.9.2/../../../../arm-none-eabi/lib\libg.a(lib_a-environ.o)
 .bss.initial_env
                0x020198f0        0x4 c:/devkitpro/devkitarm/bin/../lib/gcc/arm-none-eabi/4.9.2/../../../../arm-none-eabi/lib\libg.a(lib_a-environ.o)
 .bss           0x020198f4        0x0 c:/devkitpro/devkitarm/bin/../lib/gcc/arm-none-eabi/4.9.2/../../../../arm-none-eabi/lib\libg.a(lib_a-envlock.o)
 .bss           0x020198f4        0x0 c:/devkitpro/devkitarm/bin/../lib/gcc/arm-none-eabi/4.9.2/../../../../arm-none-eabi/lib\libsysbase.a(close.o)
 .bss           0x020198f4        0x0 c:/devkitpro/devkitarm/bin/../lib/gcc/arm-none-eabi/4.9.2/../../../../arm-none-eabi/lib\libsysbase.a(fstat.o)
 .bss           0x020198f4        0x0 c:/devkitpro/devkitarm/bin/../lib/gcc/arm-none-eabi/4.9.2/../../../../arm-none-eabi/lib\libsysbase.a(isatty.o)
 .bss           0x020198f4        0x0 c:/devkitpro/devkitarm/bin/../lib/gcc/arm-none-eabi/4.9.2/../../../../arm-none-eabi/lib\libsysbase.a(lseek.o)
 .bss           0x020198f4        0x0 c:/devkitpro/devkitarm/bin/../lib/gcc/arm-none-eabi/4.9.2/../../../../arm-none-eabi/lib\libsysbase.a(read.o)
 .bss           0x020198f4        0x4 c:/devkitpro/devkitarm/bin/../lib/gcc/arm-none-eabi/4.9.2/../../../../arm-none-eabi/lib\libsysbase.a(sbrk.o)
 .bss           0x020198f8        0x0 c:/devkitpro/devkitarm/bin/../lib/gcc/arm-none-eabi/4.9.2/../../../../arm-none-eabi/lib\libsysbase.a(write.o)
 .bss           0x020198f8        0x8 c:/devkitpro/devkitarm/bin/../lib/gcc/arm-none-eabi/4.9.2/../../../../arm-none-eabi/lib\libsysbase.a(malloc_vars.o)
                0x020198f8                fake_heap_start
                0x020198fc                fake_heap_end
 .bss           0x02019900        0x0 c:/devkitpro/devkitarm/bin/../lib/gcc/arm-none-eabi/4.9.2/../../../../arm-none-eabi/lib\libsysbase.a(build_argv.o)
 .bss           0x02019900        0x0 c:/devkitpro/devkitarm/bin/../lib/gcc/arm-none-eabi/4.9.2/../../../../arm-none-eabi/lib\libsysbase.a(flock.o)
 .bss           0x02019900       0x40 c:/devkitpro/devkitarm/bin/../lib/gcc/arm-none-eabi/4.9.2/../../../../arm-none-eabi/lib\libsysbase.a(syscall_support.o)
                0x02019900                __syscalls
 .bss           0x02019940        0x0 c:/devkitpro/devkitarm/bin/../lib/gcc/arm-none-eabi/4.9.2/../../../../arm-none-eabi/lib\libsysbase.a(handle_manager.o)
 .bss           0x02019940        0x0 c:/devkitpro/devkitarm/bin/../lib/gcc/arm-none-eabi/4.9.2/../../../../arm-none-eabi/lib\libsysbase.a(getreent.o)